{"system": "webposto", "endpoint": "/INTEGRACAO/PRODUTO_ESTOQUE", "status": 400, "latency_ms": 327.82, "has_data": true, "synthetic": false, "check": "permission_discovery"}
{"system": "webposto", "endpoint": "/INTEGRACAO/CONSULTAR_CAIXA_APRESENTADO_REDE", "status": 200, "latency_ms": 347.03, "has_data": true, "synthetic": false, "check": "permission_discovery"}
{"system": "webposto", "endpoint": "/INTEGRACAO/TANQUE", "status": 200, "latency_ms": 347.28, "has_data": true, "synthetic": false, "check": "permission_discovery"}
{"system": "webposto", "endpoint": "/INTEGRACAO/EMPRESAS", "status": 200, "latency_ms": 364.55, "has_data": true, "synthetic": false, "check": "permission_discovery"}
{"system": "webposto", "endpoint": "/INTEGRACAO/CONSULTAR_CAIXA_REDE", "status": 200, "latency_ms": 371.46, "has_data": true, "synthetic": false, "check": "permission_discovery"}
{"system": "webposto", "endpoint": "/INTEGRACAO/PRODUTO_EMPRESA_REDE", "status": 401, "latency_ms": 377.25, "has_data": false, "synthetic": false, "check": "permission_discovery"}
{"system": "webposto", "endpoint": "/INTEGRACAO/CONSULTAR_VENDA_ITEM_REDE", "status": 401, "latency_ms": 396.76, "has_data": false, "synthetic": false, "check": "permission_discovery"}
{"system": "webposto", "endpoint": "/INTEGRACAO/PRODUTO_REDE", "status": 401, "latency_ms": 399.33, "has_data": false, "synthetic": false, "check": "permission_discovery"}
{"system": "webposto", "endpoint": "/INTEGRACAO/PRODUTO_COMBUSTIVEL", "status": 401, "latency_ms": 399.9, "has_data": false, "synthetic": false, "check": "permission_discovery"}
{"system": "webposto", "endpoint": "/INTEGRACAO/CONSULTAR_VENDA_FORMA_PAGAMENTO_REDE", "status": 200, "latency_ms": 402.42, "has_data": true, "synthetic": false, "check": "permission_discovery"}
{"system": "webposto", "endpoint": "/INTEGRACAO/CONSULTAR_LMC_REDE", "status": 200, "latency_ms": 418.27, "has_data": true, "synthetic": false, "check": "permission_discovery"}
{"system": "webposto", "endpoint": "/INTEGRACAO/TITULO_RECEBER", "status": 200, "latency_ms": 431.46, "has_data": true, "synthetic": false, "check": "permission_discovery"}
{"system": "webposto", "endpoint": "/INTEGRACAO/CAIXA", "status": 200, "latency_ms": 443.66, "has_data": true, "synthetic": false, "check": "permission_discovery"}
{"system": "webposto", "endpoint": "/INTEGRACAO/CAIXA_APRESENTADO", "status": 200, "latency_ms": 446.47, "has_data": true, "synthetic": false, "check": "permission_discovery"}
{"system": "webposto", "endpoint": "/INTEGRACAO/NFCE", "status": 200, "latency_ms": 458.6, "has_data": true, "synthetic": false, "check": "permission_discovery"}
{"system": "webposto", "endpoint": "/INTEGRACAO/VENDA_ITEM", "status": 200, "latency_ms": 460.98, "has_data": true, "synthetic": false, "check": "permission_discovery"}
{"system": "webposto", "endpoint": "/INTEGRACAO/MOVIMENTO_CONTA", "status": 200, "latency_ms": 467.65, "has_data": true, "synthetic": false, "check": "permission_discovery"}
{"system": "webposto", "endpoint": "/INTEGRACAO/TITULO_PAGAR", "status": 200, "latency_ms": 479.92, "has_data": true, "synthetic": false, "check": "permission_discovery"}
{"system": "webposto", "endpoint": "/INTEGRACAO/CONSULTAR_DESPESAS_FINANCEIRO_REDE", "status": 200, "latency_ms": 478.2, "has_data": true, "synthetic": false, "check": "permission_discovery"}
{"system": "webposto", "endpoint": "/INTEGRACAO/CONTA", "status": 200, "latency_ms": 479.22, "has_data": true, "synthetic": false, "check": "permission_discovery"}
{"system": "webposto", "endpoint": "/INTEGRACAO/ABASTECIMENTO", "status": 200, "latency_ms": 489.52, "has_data": true, "synthetic": false, "check": "permission_discovery"}
{"system": "webposto", "endpoint": "/INTEGRACAO/VENDA", "status": 200, "latency_ms": 486.8, "has_data": true, "synthetic": false, "check": "permission_discovery"}
{"system": "webposto", "endpoint": "/INTEGRACAO/VENDA_FORMA_PAGAMENTO", "status": 200, "latency_ms": 495.6, "has_data": true, "synthetic": false, "check": "permission_discovery"}
{"system": "webposto", "endpoint": "/INTEGRACAO/PRODUTO_EMPRESA", "status": 200, "latency_ms": 507.13, "has_data": true, "synthetic": false, "check": "permission_discovery"}
{"system": "webposto", "endpoint": "/INTEGRACAO/PRODUTO", "status": 200, "latency_ms": 717.48, "has_data": true, "synthetic": false, "check": "permission_discovery"}
{"system": "webposto", "endpoint": "/INTEGRACAO/TRANSFERENCIA_BANCARIA", "status": 200, "latency_ms": 886.61, "has_data": true, "synthetic": false, "check": "permission_discovery"}
{"system": "webposto", "endpoint": "/INTEGRACAO/ESTOQUE_PERIODO", "status": 200, "latency_ms": 1662.12, "has_data": true, "synthetic": false, "check": "permission_discovery"}
{"system": "webposto", "endpoint": "/INTEGRACAO/CONSULTAR_ANALISE_VENDAS_COMBUSTIVEL", "status": 200, "latency_ms": 15882.66, "has_data": true, "synthetic": false, "check": "permission_discovery"}
{"system": "webposto", "endpoint": "/INTEGRACAO/CONSULTAR_DESPESAS_FINANCEIRO_REDE", "status": 200, "latency_ms": 510.66, "has_data": true, "synthetic": false}
{"system": "webposto", "endpoint": "/INTEGRACAO/CAIXA_APRESENTADO", "status": 200, "latency_ms": 691.13, "has_data": true, "synthetic": false}
{"system": "webposto", "endpoint": "/INTEGRACAO/CONSULTAR_CAIXA_REDE", "status": 200, "latency_ms": 1712.84, "has_data": true, "synthetic": false}
{"system": "webposto", "endpoint": "/INTEGRACAO/CONSULTAR_CAIXA_APRESENTADO_REDE", "status": 200, "latency_ms": 714.95, "has_data": false, "synthetic": false}
{"system": "webposto", "endpoint": "/INTEGRACAO/CAIXA", "status": 200, "latency_ms": 1620.48, "has_data": true, "synthetic": false}
{"system": "webposto", "endpoint": "/INTEGRACAO/CONSULTAR_CAIXA_REDE", "status": 200, "latency_ms": 327.08, "has_data": true, "synthetic": false}
{"system": "webposto", "endpoint": "/INTEGRACAO/CONSULTAR_CAIXA_REDE", "status": 200, "latency_ms": 325.83, "has_data": true, "synthetic": false}
{"system": "webposto", "endpoint": "/INTEGRACAO/CONSULTAR_CAIXA_REDE", "status": 200, "latency_ms": 322.18, "has_data": true, "synthetic": false}
{"system": "webposto", "endpoint": "/INTEGRACAO/CONSULTAR_CAIXA_REDE", "status": 200, "latency_ms": 311.71, "has_data": true, "synthetic": false}
{"system": "webposto", "endpoint": "/INTEGRACAO/CONSULTAR_CAIXA_REDE", "status": 200, "latency_ms": 319.74, "has_data": true, "synthetic": false}
{"system": "webposto", "endpoint": "/INTEGRACAO/CONSULTAR_CAIXA_REDE", "status": 200, "latency_ms": 318.23, "has_data": true, "synthetic": false}
{"system": "webposto", "endpoint": "/INTEGRACAO/CONSULTAR_CAIXA_REDE", "status": 200, "latency_ms": 321.16, "has_data": true, "synthetic": false}
{"system": "webposto", "endpoint": "/INTEGRACAO/CONSULTAR_CAIXA_REDE", "status": 200, "latency_ms": 319.05, "has_data": true, "synthetic": false}
{"system": "webposto", "endpoint": "/INTEGRACAO/CONSULTAR_CAIXA_REDE", "status": 200, "latency_ms": 327.23, "has_data": true, "synthetic": false}
{"system": "webposto", "endpoint": "/INTEGRACAO/CONSULTAR_CAIXA_REDE", "status": 200, "latency_ms": 329.37, "has_data": true, "synthetic": false}
{"system": "webposto", "endpoint": "/INTEGRACAO/CONSULTAR_CAIXA_REDE", "status": 200, "latency_ms": 370.99, "has_data": true, "synthetic": false}
{"system": "webposto", "endpoint": "/INTEGRACAO/CONSULTAR_CAIXA_REDE", "status": 200, "latency_ms": 327.31, "has_data": true, "synthetic": false}
{"system": "webposto", "endpoint": "/INTEGRACAO/CONSULTAR_CAIXA_REDE", "status": 200, "latency_ms": 321.76, "has_data": true, "synthetic": false}
{"system": "webposto", "endpoint": "/INTEGRACAO/CONSULTAR_CAIXA_REDE", "status": 200, "latency_ms": 310.21, "has_data": true, "synthetic": false}
{"system": "webposto", "endpoint": "/INTEGRACAO/CONSULTAR_DESPESAS_FINANCEIRO_REDE", "status": 200, "latency_ms": 530.28, "has_data": true, "synthetic": false}
{"system": "webposto", "endpoint": "/INTEGRACAO/CONSULTAR_CAIXA_APRESENTADO_REDE", "status": 200, "latency_ms": 333.96, "has_data": false, "synthetic": false}
{"system": "webposto", "endpoint": "/INTEGRACAO/CAIXA", "status": 200, "latency_ms": 1397.36, "has_data": true, "synthetic": false}
{"system": "webposto", "endpoint": "/INTEGRACAO/CAIXA_APRESENTADO", "status": 200, "latency_ms": 835.49, "has_data": true, "synthetic": false}
{"system": "webposto", "endpoint": "/INTEGRACAO/CONSULTAR_CAIXA_REDE", "status": 200, "latency_ms": 1896.0, "has_data": true, "synthetic": false}
{"system": "webposto", "endpoint": "/INTEGRACAO/CONSULTAR_CAIXA_REDE", "status": 200, "latency_ms": 339.44, "has_data": true, "synthetic": false}
{"system": "webposto", "endpoint": "/INTEGRACAO/CONSULTAR_CAIXA_REDE", "status": 200, "latency_ms": 317.79, "has_data": true, "synthetic": false}
{"system": "webposto", "endpoint": "/INTEGRACAO/CONSULTAR_CAIXA_REDE", "status": 200, "latency_ms": 325.1, "has_data": true, "synthetic": false}
{"system": "webposto", "endpoint": "/INTEGRACAO/CONSULTAR_CAIXA_REDE", "status": 200, "latency_ms": 315.76, "has_data": true, "synthetic": false}
{"system": "webposto", "endpoint": "/INTEGRACAO/CONSULTAR_CAIXA_REDE", "status": 200, "latency_ms": 395.05, "has_data": true, "synthetic": false}
{"system": "webposto", "endpoint": "/INTEGRACAO/CONSULTAR_CAIXA_REDE", "status": 200, "latency_ms": 320.48, "has_data": true, "synthetic": false}
{"system": "webposto", "endpoint": "/INTEGRACAO/CONSULTAR_CAIXA_REDE", "status": 200, "latency_ms": 325.17, "has_data": true, "synthetic": false}
{"system": "webposto", "endpoint": "/INTEGRACAO/CONSULTAR_CAIXA_REDE", "status": 200, "latency_ms": 321.24, "has_data": true, "synthetic": false}
{"system": "webposto", "endpoint": "/INTEGRACAO/CONSULTAR_CAIXA_REDE", "status": 200, "latency_ms": 318.99, "has_data": true, "synthetic": false}
{"system": "webposto", "endpoint": "/INTEGRACAO/CONSULTAR_CAIXA_REDE", "status": 200, "latency_ms": 320.71, "has_data": true, "synthetic": false}
{"system": "webposto", "endpoint": "/INTEGRACAO/CONSULTAR_CAIXA_REDE", "status": 200, "latency_ms": 321.47, "has_data": true, "synthetic": false}
{"system": "webposto", "endpoint": "/INTEGRACAO/CONSULTAR_CAIXA_REDE", "status": 200, "latency_ms": 323.49, "has_data": true, "synthetic": false}
{"system": "webposto", "endpoint": "/INTEGRACAO/CONSULTAR_CAIXA_REDE", "status": 200, "latency_ms": 321.45, "has_data": true, "synthetic": false}
{"system": "webposto", "endpoint": "/INTEGRACAO/CONSULTAR_CAIXA_REDE", "status": 200, "latency_ms": 324.51, "has_data": true, "synthetic": false}
{"system": "webposto", "endpoint": "/INTEGRACAO/EMPRESAS", "status": 200, "latency_ms": 326.46, "has_data": true, "synthetic": false}
{"system": "webposto", "endpoint": "/INTEGRACAO/TITULO_PAGAR", "status": 200, "latency_ms": 5614.93, "has_data": false, "synthetic": false}
{"system": "webposto", "endpoint": "/INTEGRACAO/TITULO_PAGAR", "status": 200, "latency_ms": 5178.8, "has_data": false, "synthetic": false}
{"system": "webposto", "endpoint": "/INTEGRACAO/TITULO_PAGAR", "status": 200, "latency_ms": 3786.48, "has_data": false, "synthetic": false}
{"system": "webposto", "endpoint": "/INTEGRACAO/TITULO_PAGAR", "status": 200, "latency_ms": 4493.19, "has_data": false, "synthetic": false}
{"system": "webposto", "endpoint": "/INTEGRACAO/TITULO_PAGAR", "status": 200, "latency_ms": 2526.04, "has_data": false, "synthetic": false}
{"system": "webposto", "endpoint": "/INTEGRACAO/TITULO_PAGAR", "status": 200, "latency_ms": 6647.28, "has_data": true, "synthetic": false}
{"system": "webposto", "endpoint": "/INTEGRACAO/TITULO_PAGAR", "status": 200, "latency_ms": 6172.97, "has_data": true, "synthetic": false}
{"system": "webposto", "endpoint": "/INTEGRACAO/TITULO_PAGAR", "status": 200, "latency_ms": 375.26, "has_data": false, "synthetic": false}
{"system": "webposto", "endpoint": "/INTEGRACAO/TITULO_PAGAR", "status": 200, "latency_ms": 1192.19, "has_data": false, "synthetic": false}
{"system": "webposto", "endpoint": "/INTEGRACAO/TITULO_PAGAR", "status": 200, "latency_ms": 1874.19, "has_data": false, "synthetic": false}
{"system": "webposto", "endpoint": "/INTEGRACAO/TITULO_PAGAR", "status": 200, "latency_ms": 3248.85, "has_data": false, "synthetic": false}
{"system": "webposto", "endpoint": "/INTEGRACAO/MOVIMENTO_CONTA", "status": 200, "latency_ms": 631.09, "has_data": true, "synthetic": false}
{"system": "webposto", "endpoint": "/INTEGRACAO/TRANSFERENCIA_BANCARIA", "status": 200, "latency_ms": 691.83, "has_data": true, "synthetic": false}
{"system": "webposto", "endpoint": "/INTEGRACAO/TITULO_RECEBER", "status": 200, "latency_ms": 318.39, "has_data": true, "synthetic": false}
{"system": "webposto", "endpoint": "/INTEGRACAO/CONSULTAR_DESPESAS_FINANCEIRO_REDE", "status": 200, "latency_ms": 1406.98, "has_data": true, "synthetic": false}
{"system": "webposto", "endpoint": "/INTEGRACAO/CONSULTAR_CAIXA_APRESENTADO_REDE", "status": 200, "latency_ms": 334.05, "has_data": false, "synthetic": false}
{"system": "webposto", "endpoint": "/INTEGRACAO/CAIXA", "status": 200, "latency_ms": 1411.0, "has_data": true, "synthetic": false}
{"system": "webposto", "endpoint": "/INTEGRACAO/CONSULTAR_CAIXA_REDE", "status": 200, "latency_ms": 1876.36, "has_data": true, "synthetic": false}
{"system": "webposto", "endpoint": "/INTEGRACAO/CAIXA_APRESENTADO", "status": 200, "latency_ms": 1375.33, "has_data": true, "synthetic": false}
{"system": "webposto", "endpoint": "/INTEGRACAO/CONSULTAR_CAIXA_REDE", "status": 200, "latency_ms": 342.96, "has_data": true, "synthetic": false}
{"system": "webposto", "endpoint": "/INTEGRACAO/CONSULTAR_CAIXA_REDE", "status": 200, "latency_ms": 327.42, "has_data": true, "synthetic": false}
{"system": "webposto", "endpoint": "/INTEGRACAO/CONSULTAR_CAIXA_REDE", "status": 200, "latency_ms": 327.94, "has_data": true, "synthetic": false}
{"system": "webposto", "endpoint": "/INTEGRACAO/CONSULTAR_CAIXA_REDE", "status": 200, "latency_ms": 330.86, "has_data": true, "synthetic": false}
{"system": "webposto", "endpoint": "/INTEGRACAO/CONSULTAR_CAIXA_REDE", "status": 200, "latency_ms": 326.63, "has_data": true, "synthetic": false}
{"system": "webposto", "endpoint": "/INTEGRACAO/CONSULTAR_CAIXA_REDE", "status": 200, "latency_ms": 330.14, "has_data": true, "synthetic": false}
{"system": "webposto", "endpoint": "/INTEGRACAO/CONSULTAR_CAIXA_REDE", "status": 200, "latency_ms": 352.64, "has_data": true, "synthetic": false}
{"system": "webposto", "endpoint": "/INTEGRACAO/CONSULTAR_CAIXA_REDE", "status": 200, "latency_ms": 331.81, "has_data": true, "synthetic": false}
{"system": "webposto", "endpoint": "/INTEGRACAO/CONSULTAR_CAIXA_REDE", "status": 200, "latency_ms": 349.5, "has_data": true, "synthetic": false}
{"system": "webposto", "endpoint": "/INTEGRACAO/CONSULTAR_CAIXA_REDE", "status": 200, "latency_ms": 365.14, "has_data": true, "synthetic": false}
{"system": "webposto", "endpoint": "/INTEGRACAO/CONSULTAR_CAIXA_REDE", "status": 200, "latency_ms": 335.52, "has_data": true, "synthetic": false}
{"system": "webposto", "endpoint": "/INTEGRACAO/CONSULTAR_CAIXA_REDE", "status": 200, "latency_ms": 336.72, "has_data": true, "synthetic": false}
{"system": "webposto", "endpoint": "/INTEGRACAO/CONSULTAR_CAIXA_REDE", "status": 200, "latency_ms": 339.53, "has_data": true, "synthetic": false}
{"system": "webposto", "endpoint": "/INTEGRACAO/CONSULTAR_CAIXA_REDE", "status": 200, "latency_ms": 327.35, "has_data": true, "synthetic": false}
{"system": "webposto", "endpoint": "/INTEGRACAO/CONSULTAR_DESPESAS_FINANCEIRO_REDE", "status": 200, "latency_ms": 1202.26, "has_data": true, "synthetic": false}
{"system": "webposto", "endpoint": "/INTEGRACAO/CONSULTAR_CAIXA_APRESENTADO_REDE", "status": 200, "latency_ms": 316.48, "has_data": false, "synthetic": false}
{"system": "webposto", "endpoint": "/INTEGRACAO/CONSULTAR_CAIXA_REDE", "status": 200, "latency_ms": 1784.69, "has_data": true, "synthetic": false}
{"system": "webposto", "endpoint": "/INTEGRACAO/CAIXA", "status": 200, "latency_ms": 1824.16, "has_data": true, "synthetic": false}
{"system": "webposto", "endpoint": "/INTEGRACAO/CAIXA_APRESENTADO", "status": 200, "latency_ms": 1284.28, "has_data": true, "synthetic": false}
{"system": "webposto", "endpoint": "/INTEGRACAO/CONSULTAR_CAIXA_REDE", "status": 200, "latency_ms": 327.41, "has_data": true, "synthetic": false}
{"system": "webposto", "endpoint": "/INTEGRACAO/CONSULTAR_CAIXA_REDE", "status": 200, "latency_ms": 326.65, "has_data": true, "synthetic": false}
{"system": "webposto", "endpoint": "/INTEGRACAO/CONSULTAR_CAIXA_REDE", "status": 200, "latency_ms": 324.97, "has_data": true, "synthetic": false}
{"system": "webposto", "endpoint": "/INTEGRACAO/CONSULTAR_CAIXA_REDE", "status": 200, "latency_ms": 322.53, "has_data": true, "synthetic": false}
{"system": "webposto", "endpoint": "/INTEGRACAO/CONSULTAR_CAIXA_REDE", "status": 200, "latency_ms": 323.95, "has_data": true, "synthetic": false}
{"system": "webposto", "endpoint": "/INTEGRACAO/CONSULTAR_CAIXA_REDE", "status": 200, "latency_ms": 333.56, "has_data": true, "synthetic": false}
{"system": "webposto", "endpoint": "/INTEGRACAO/CONSULTAR_CAIXA_REDE", "status": 200, "latency_ms": 328.62, "has_data": true, "synthetic": false}
{"system": "webposto", "endpoint": "/INTEGRACAO/CONSULTAR_CAIXA_REDE", "status": 200, "latency_ms": 329.3, "has_data": true, "synthetic": false}
{"system": "webposto", "endpoint": "/INTEGRACAO/CONSULTAR_CAIXA_REDE", "status": 200, "latency_ms": 324.64, "has_data": true, "synthetic": false}
{"system": "webposto", "endpoint": "/INTEGRACAO/CONSULTAR_CAIXA_REDE", "status": 200, "latency_ms": 324.85, "has_data": true, "synthetic": false}
{"system": "webposto", "endpoint": "/INTEGRACAO/CONSULTAR_CAIXA_REDE", "status": 200, "latency_ms": 323.07, "has_data": true, "synthetic": false}
{"system": "webposto", "endpoint": "/INTEGRACAO/CONSULTAR_CAIXA_REDE", "status": 200, "latency_ms": 348.77, "has_data": true, "synthetic": false}
{"system": "webposto", "endpoint": "/INTEGRACAO/CONSULTAR_CAIXA_REDE", "status": 200, "latency_ms": 327.61, "has_data": true, "synthetic": false}
{"system": "webposto", "endpoint": "/INTEGRACAO/CONSULTAR_CAIXA_REDE", "status": 200, "latency_ms": 327.1, "has_data": true, "synthetic": false}
{"system": "webposto", "endpoint": "/INTEGRACAO/EMPRESAS", "status": 200, "latency_ms": 322.46, "has_data": true, "synthetic": false}
{"system": "webposto", "endpoint": "/INTEGRACAO/TITULO_PAGAR", "status": 200, "latency_ms": 1761.06, "has_data": false, "synthetic": false}
{"system": "webposto", "endpoint": "/INTEGRACAO/TITULO_PAGAR", "status": 200, "latency_ms": 3881.33, "has_data": false, "synthetic": false}
{"system": "webposto", "endpoint": "/INTEGRACAO/TITULO_PAGAR", "status": 200, "latency_ms": 2876.72, "has_data": false, "synthetic": false}
{"system": "webposto", "endpoint": "/INTEGRACAO/TITULO_PAGAR", "status": 200, "latency_ms": 365.95, "has_data": false, "synthetic": false}
{"system": "webposto", "endpoint": "/INTEGRACAO/TITULO_PAGAR", "status": 200, "latency_ms": 3375.26, "has_data": false, "synthetic": false}
{"system": "webposto", "endpoint": "/INTEGRACAO/TITULO_PAGAR", "status": 200, "latency_ms": 2324.98, "has_data": false, "synthetic": false}
{"system": "webposto", "endpoint": "/INTEGRACAO/TITULO_PAGAR", "status": 200, "latency_ms": 5221.31, "has_data": true, "synthetic": false}
{"system": "webposto", "endpoint": "/INTEGRACAO/TITULO_PAGAR", "status": 200, "latency_ms": 4346.1, "has_data": false, "synthetic": false}
{"system": "webposto", "endpoint": "/INTEGRACAO/TITULO_PAGAR", "status": 200, "latency_ms": 1351.07, "has_data": false, "synthetic": false}
{"system": "webposto", "endpoint": "/INTEGRACAO/TITULO_PAGAR", "status": 200, "latency_ms": 4799.64, "has_data": true, "synthetic": false}
{"system": "webposto", "endpoint": "/INTEGRACAO/TITULO_PAGAR", "status": 200, "latency_ms": 884.4, "has_data": false, "synthetic": false}
{"system": "webposto", "endpoint": "/INTEGRACAO/MOVIMENTO_CONTA", "status": 200, "latency_ms": 1774.37, "has_data": true, "synthetic": false}
{"system": "webposto", "endpoint": "/INTEGRACAO/TITULO_RECEBER", "status": 200, "latency_ms": 344.65, "has_data": true, "synthetic": false}
{"system": "webposto", "endpoint": "/INTEGRACAO/CONSULTAR_DESPESAS_FINANCEIRO_REDE", "status": 200, "latency_ms": 24452.68, "has_data": true, "synthetic": false}
{"system": "webposto", "endpoint": "/INTEGRACAO/CONSULTAR_CAIXA_APRESENTADO_REDE", "status": 200, "latency_ms": 335.85, "has_data": false, "synthetic": false}
{"system": "webposto", "endpoint": "/INTEGRACAO/CONSULTAR_CAIXA_REDE", "status": 200, "latency_ms": 1289.12, "has_data": true, "synthetic": false}
{"system": "webposto", "endpoint": "/INTEGRACAO/CAIXA", "status": 200, "latency_ms": 1298.34, "has_data": true, "synthetic": false}
{"system": "webposto", "endpoint": "/INTEGRACAO/CAIXA_APRESENTADO", "status": 200, "latency_ms": 1034.21, "has_data": true, "synthetic": false}
{"system": "webposto", "endpoint": "/INTEGRACAO/CONSULTAR_CAIXA_REDE", "status": 200, "latency_ms": 328.7, "has_data": true, "synthetic": false}
{"system": "webposto", "endpoint": "/INTEGRACAO/CONSULTAR_CAIXA_REDE", "status": 200, "latency_ms": 346.18, "has_data": true, "synthetic": false}
{"system": "webposto", "endpoint": "/INTEGRACAO/CONSULTAR_CAIXA_REDE", "status": 200, "latency_ms": 346.22, "has_data": true, "synthetic": false}
{"system": "webposto", "endpoint": "/INTEGRACAO/CONSULTAR_CAIXA_REDE", "status": 200, "latency_ms": 334.79, "has_data": true, "synthetic": false}
{"system": "webposto", "endpoint": "/INTEGRACAO/CONSULTAR_CAIXA_REDE", "status": 200, "latency_ms": 388.76, "has_data": true, "synthetic": false}
{"system": "webposto", "endpoint": "/INTEGRACAO/CONSULTAR_CAIXA_REDE", "status": 200, "latency_ms": 340.23, "has_data": true, "synthetic": false}
{"system": "webposto", "endpoint": "/INTEGRACAO/CONSULTAR_CAIXA_REDE", "status": 200, "latency_ms": 338.96, "has_data": true, "synthetic": false}
{"system": "webposto", "endpoint": "/INTEGRACAO/CONSULTAR_CAIXA_REDE", "status": 200, "latency_ms": 391.42, "has_data": true, "synthetic": false}
{"system": "webposto", "endpoint": "/INTEGRACAO/CONSULTAR_CAIXA_REDE", "status": 200, "latency_ms": 383.09, "has_data": true, "synthetic": false}
{"system": "webposto", "endpoint": "/INTEGRACAO/CONSULTAR_CAIXA_REDE", "status": 200, "latency_ms": 336.95, "has_data": true, "synthetic": false}
{"system": "webposto", "endpoint": "/INTEGRACAO/CONSULTAR_CAIXA_REDE", "status": 200, "latency_ms": 338.79, "has_data": true, "synthetic": false}
{"system": "webposto", "endpoint": "/INTEGRACAO/CONSULTAR_CAIXA_REDE", "status": 200, "latency_ms": 340.78, "has_data": true, "synthetic": false}
{"system": "webposto", "endpoint": "/INTEGRACAO/CONSULTAR_CAIXA_REDE", "status": 200, "latency_ms": 345.16, "has_data": true, "synthetic": false}
{"system": "webposto", "endpoint": "/INTEGRACAO/CONSULTAR_CAIXA_REDE", "status": 200, "latency_ms": 337.65, "has_data": true, "synthetic": false}
{"system": "webposto", "endpoint": "/INTEGRACAO/CONSULTAR_DESPESAS_FINANCEIRO_REDE", "status": 200, "latency_ms": 2410.3, "has_data": true, "synthetic": false}
{"system": "webposto", "endpoint": "/INTEGRACAO/CONSULTAR_CAIXA_APRESENTADO_REDE", "status": 200, "latency_ms": 315.83, "has_data": false, "synthetic": false}
{"system": "webposto", "endpoint": "/INTEGRACAO/CONSULTAR_CAIXA_REDE", "status": 200, "latency_ms": 1022.46, "has_data": true, "synthetic": false}
{"system": "webposto", "endpoint": "/INTEGRACAO/CAIXA", "status": 200, "latency_ms": 1035.65, "has_data": true, "synthetic": false}
{"system": "webposto", "endpoint": "/INTEGRACAO/CAIXA_APRESENTADO", "status": 200, "latency_ms": 791.43, "has_data": true, "synthetic": false}
{"system": "webposto", "endpoint": "/INTEGRACAO/CONSULTAR_CAIXA_REDE", "status": 200, "latency_ms": 338.44, "has_data": true, "synthetic": false}
{"system": "webposto", "endpoint": "/INTEGRACAO/CONSULTAR_CAIXA_REDE", "status": 200, "latency_ms": 331.2, "has_data": true, "synthetic": false}
{"system": "webposto", "endpoint": "/INTEGRACAO/CONSULTAR_CAIXA_REDE", "status": 200, "latency_ms": 334.44, "has_data": true, "synthetic": false}
{"system": "webposto", "endpoint": "/INTEGRACAO/CONSULTAR_CAIXA_REDE", "status": 200, "latency_ms": 381.19, "has_data": true, "synthetic": false}
{"system": "webposto", "endpoint": "/INTEGRACAO/CONSULTAR_CAIXA_REDE", "status": 200, "latency_ms": 424.68, "has_data": true, "synthetic": false}
{"system": "webposto", "endpoint": "/INTEGRACAO/CONSULTAR_CAIXA_REDE", "status": 200, "latency_ms": 333.87, "has_data": true, "synthetic": false}
{"system": "webposto", "endpoint": "/INTEGRACAO/CONSULTAR_CAIXA_REDE", "status": 200, "latency_ms": 337.95, "has_data": true, "synthetic": false}
{"system": "webposto", "endpoint": "/INTEGRACAO/CONSULTAR_CAIXA_REDE", "status": 200, "latency_ms": 334.92, "has_data": true, "synthetic": false}
{"system": "webposto", "endpoint": "/INTEGRACAO/CONSULTAR_CAIXA_REDE", "status": 200, "latency_ms": 348.76, "has_data": true, "synthetic": false}
{"system": "webposto", "endpoint": "/INTEGRACAO/CONSULTAR_CAIXA_REDE", "status": 200, "latency_ms": 324.51, "has_data": true, "synthetic": false}
{"system": "webposto", "endpoint": "/INTEGRACAO/CONSULTAR_CAIXA_REDE", "status": 200, "latency_ms": 338.24, "has_data": true, "synthetic": false}
{"system": "webposto", "endpoint": "/INTEGRACAO/CONSULTAR_CAIXA_REDE", "status": 200, "latency_ms": 336.0, "has_data": true, "synthetic": false}
{"system": "webposto", "endpoint": "/INTEGRACAO/CONSULTAR_CAIXA_REDE", "status": 200, "latency_ms": 360.1, "has_data": true, "synthetic": false}
{"system": "webposto", "endpoint": "/INTEGRACAO/CONSULTAR_CAIXA_REDE", "status": 200, "latency_ms": 337.99, "has_data": true, "synthetic": false}
{"system": "webposto", "endpoint": "/INTEGRACAO/EMPRESAS", "status": 200, "latency_ms": 330.65, "has_data": true, "synthetic": false}
{"system": "webposto", "endpoint": "/INTEGRACAO/TITULO_PAGAR", "status": 200, "latency_ms": 1087.63, "has_data": false, "synthetic": false}
{"system": "webposto", "endpoint": "/INTEGRACAO/TITULO_PAGAR", "status": 200, "latency_ms": 2073.09, "has_data": false, "synthetic": false}
{"system": "webposto", "endpoint": "/INTEGRACAO/TITULO_PAGAR", "status": 200, "latency_ms": 1345.51, "has_data": false, "synthetic": false}
{"system": "webposto", "endpoint": "/INTEGRACAO/TITULO_PAGAR", "status": 200, "latency_ms": 2310.98, "has_data": false, "synthetic": false}
{"system": "webposto", "endpoint": "/INTEGRACAO/TITULO_PAGAR", "status": 200, "latency_ms": 353.46, "has_data": false, "synthetic": false}
{"system": "webposto", "endpoint": "/INTEGRACAO/TITULO_PAGAR", "status": 200, "latency_ms": 610.42, "has_data": false, "synthetic": false}
{"system": "webposto", "endpoint": "/INTEGRACAO/TITULO_PAGAR", "status": 200, "latency_ms": 1607.27, "has_data": false, "synthetic": false}
{"system": "webposto", "endpoint": "/INTEGRACAO/TITULO_PAGAR", "status": 200, "latency_ms": 1867.88, "has_data": false, "synthetic": false}
{"system": "webposto", "endpoint": "/INTEGRACAO/TITULO_PAGAR", "status": 200, "latency_ms": 909.5, "has_data": false, "synthetic": false}
{"system": "webposto", "endpoint": "/INTEGRACAO/TITULO_PAGAR", "status": 200, "latency_ms": 3119.01, "has_data": true, "synthetic": false}
{"system": "webposto", "endpoint": "/INTEGRACAO/TITULO_PAGAR", "status": 200, "latency_ms": 2877.94, "has_data": true, "synthetic": false}
{"system": "webposto", "endpoint": "/INTEGRACAO/MOVIMENTO_CONTA", "status": 200, "latency_ms": 3310.87, "has_data": true, "synthetic": false}
{"system": "webposto", "endpoint": "/INTEGRACAO/TRANSFERENCIA_BANCARIA", "status": 200, "latency_ms": 7117.96, "has_data": true, "synthetic": false}
{"system": "webposto", "endpoint": "/INTEGRACAO/TITULO_RECEBER", "status": 200, "latency_ms": 634.38, "has_data": true, "synthetic": false}
{"system": "webposto", "endpoint": "/INTEGRACAO/CONSULTAR_DESPESAS_FINANCEIRO_REDE", "status": 200, "latency_ms": 48324.44, "has_data": true, "synthetic": false}
{"system": "webposto", "endpoint": "/INTEGRACAO/CONSULTAR_CAIXA_APRESENTADO_REDE", "status": 200, "latency_ms": 346.48, "has_data": false, "synthetic": false}
{"system": "webposto", "endpoint": "/INTEGRACAO/CONSULTAR_CAIXA_REDE", "status": 200, "latency_ms": 2218.27, "has_data": true, "synthetic": false}
{"system": "webposto", "endpoint": "/INTEGRACAO/CAIXA", "status": 200, "latency_ms": 2384.29, "has_data": true, "synthetic": false}
{"system": "webposto", "endpoint": "/INTEGRACAO/CAIXA_APRESENTADO", "status": 200, "latency_ms": 1803.59, "has_data": true, "synthetic": false}
{"system": "webposto", "endpoint": "/INTEGRACAO/CONSULTAR_CAIXA_REDE", "status": 200, "latency_ms": 344.93, "has_data": true, "synthetic": false}
{"system": "webposto", "endpoint": "/INTEGRACAO/CONSULTAR_CAIXA_REDE", "status": 200, "latency_ms": 336.09, "has_data": true, "synthetic": false}
{"system": "webposto", "endpoint": "/INTEGRACAO/CONSULTAR_CAIXA_REDE", "status": 200, "latency_ms": 329.81, "has_data": true, "synthetic": false}
{"system": "webposto", "endpoint": "/INTEGRACAO/CONSULTAR_CAIXA_REDE", "status": 200, "latency_ms": 384.58, "has_data": true, "synthetic": false}
{"system": "webposto", "endpoint": "/INTEGRACAO/CONSULTAR_CAIXA_REDE", "status": 200, "latency_ms": 345.79, "has_data": true, "synthetic": false}
{"system": "webposto", "endpoint": "/INTEGRACAO/CONSULTAR_CAIXA_REDE", "status": 200, "latency_ms": 410.23, "has_data": true, "synthetic": false}
{"system": "webposto", "endpoint": "/INTEGRACAO/CONSULTAR_CAIXA_REDE", "status": 200, "latency_ms": 387.08, "has_data": true, "synthetic": false}
{"system": "webposto", "endpoint": "/INTEGRACAO/CONSULTAR_CAIXA_REDE", "status": 200, "latency_ms": 344.1, "has_data": true, "synthetic": false}
{"system": "webposto", "endpoint": "/INTEGRACAO/CONSULTAR_CAIXA_REDE", "status": 200, "latency_ms": 342.02, "has_data": true, "synthetic": false}
{"system": "webposto", "endpoint": "/INTEGRACAO/CONSULTAR_CAIXA_REDE", "status": 200, "latency_ms": 395.96, "has_data": true, "synthetic": false}
{"system": "webposto", "endpoint": "/INTEGRACAO/CONSULTAR_CAIXA_REDE", "status": 200, "latency_ms": 337.08, "has_data": true, "synthetic": false}
{"system": "webposto", "endpoint": "/INTEGRACAO/CONSULTAR_CAIXA_REDE", "status": 200, "latency_ms": 385.55, "has_data": true, "synthetic": false}
{"system": "webposto", "endpoint": "/INTEGRACAO/CONSULTAR_CAIXA_REDE", "status": 200, "latency_ms": 337.78, "has_data": true, "synthetic": false}
{"system": "webposto", "endpoint": "/INTEGRACAO/CONSULTAR_CAIXA_REDE", "status": 200, "latency_ms": 337.99, "has_data": true, "synthetic": false}
{"system": "webposto", "endpoint": "/INTEGRACAO/CONSULTAR_DESPESAS_FINANCEIRO_REDE", "status": 200, "latency_ms": 4217.95, "has_data": true, "synthetic": false}
{"system": "webposto", "endpoint": "/INTEGRACAO/CONSULTAR_CAIXA_APRESENTADO_REDE", "status": 200, "latency_ms": 320.13, "has_data": false, "synthetic": false}
{"system": "webposto", "endpoint": "/INTEGRACAO/CONSULTAR_CAIXA_REDE", "status": 200, "latency_ms": 2016.55, "has_data": true, "synthetic": false}
{"system": "webposto", "endpoint": "/INTEGRACAO/CAIXA", "status": 200, "latency_ms": 2009.41, "has_data": true, "synthetic": false}
{"system": "webposto", "endpoint": "/INTEGRACAO/CAIXA_APRESENTADO", "status": 200, "latency_ms": 1466.13, "has_data": true, "synthetic": false}
{"system": "webposto", "endpoint": "/INTEGRACAO/CONSULTAR_CAIXA_REDE", "status": 200, "latency_ms": 338.17, "has_data": true, "synthetic": false}
{"system": "webposto", "endpoint": "/INTEGRACAO/CONSULTAR_CAIXA_REDE", "status": 200, "latency_ms": 333.63, "has_data": true, "synthetic": false}
{"system": "webposto", "endpoint": "/INTEGRACAO/CONSULTAR_CAIXA_REDE", "status": 200, "latency_ms": 331.08, "has_data": true, "synthetic": false}
{"system": "webposto", "endpoint": "/INTEGRACAO/CONSULTAR_CAIXA_REDE", "status": 200, "latency_ms": 334.67, "has_data": true, "synthetic": false}
{"system": "webposto", "endpoint": "/INTEGRACAO/CONSULTAR_CAIXA_REDE", "status": 200, "latency_ms": 334.52, "has_data": true, "synthetic": false}
{"system": "webposto", "endpoint": "/INTEGRACAO/CONSULTAR_CAIXA_REDE", "status": 200, "latency_ms": 347.94, "has_data": true, "synthetic": false}
{"system": "webposto", "endpoint": "/INTEGRACAO/CONSULTAR_CAIXA_REDE", "status": 200, "latency_ms": 343.08, "has_data": true, "synthetic": false}
{"system": "webposto", "endpoint": "/INTEGRACAO/CONSULTAR_CAIXA_REDE", "status": 200, "latency_ms": 335.11, "has_data": true, "synthetic": false}
{"system": "webposto", "endpoint": "/INTEGRACAO/CONSULTAR_CAIXA_REDE", "status": 200, "latency_ms": 334.31, "has_data": true, "synthetic": false}
{"system": "webposto", "endpoint": "/INTEGRACAO/CONSULTAR_CAIXA_REDE", "status": 200, "latency_ms": 352.9, "has_data": true, "synthetic": false}
{"system": "webposto", "endpoint": "/INTEGRACAO/CONSULTAR_CAIXA_REDE", "status": 200, "latency_ms": 333.49, "has_data": true, "synthetic": false}
{"system": "webposto", "endpoint": "/INTEGRACAO/CONSULTAR_CAIXA_REDE", "status": 200, "latency_ms": 336.23, "has_data": true, "synthetic": false}
{"system": "webposto", "endpoint": "/INTEGRACAO/CONSULTAR_CAIXA_REDE", "status": 200, "latency_ms": 346.98, "has_data": true, "synthetic": false}
{"system": "webposto", "endpoint": "/INTEGRACAO/CONSULTAR_CAIXA_REDE", "status": 200, "latency_ms": 338.09, "has_data": true, "synthetic": false}
{"system": "webposto", "endpoint": "/INTEGRACAO/EMPRESAS", "status": 200, "latency_ms": 323.44, "has_data": true, "synthetic": false}
{"system": "webposto", "endpoint": "/INTEGRACAO/TITULO_PAGAR", "status": 200, "latency_ms": 5147.28, "has_data": false, "synthetic": false}
{"system": "webposto", "endpoint": "/INTEGRACAO/TITULO_PAGAR", "status": 200, "latency_ms": 3284.61, "has_data": false, "synthetic": false}
{"system": "webposto", "endpoint": "/INTEGRACAO/TITULO_PAGAR", "status": 200, "latency_ms": 4520.53, "has_data": false, "synthetic": false}
{"system": "webposto", "endpoint": "/INTEGRACAO/TITULO_PAGAR", "status": 200, "latency_ms": 2107.45, "has_data": false, "synthetic": false}
{"system": "webposto", "endpoint": "/INTEGRACAO/TITULO_PAGAR", "status": 200, "latency_ms": 1393.13, "has_data": false, "synthetic": false}
{"system": "webposto", "endpoint": "/INTEGRACAO/TITULO_PAGAR", "status": 200, "latency_ms": 914.5, "has_data": false, "synthetic": false}
{"system": "webposto", "endpoint": "/INTEGRACAO/TITULO_PAGAR", "status": 200, "latency_ms": 3973.71, "has_data": false, "synthetic": false}
{"system": "webposto", "endpoint": "/INTEGRACAO/TITULO_PAGAR", "status": 200, "latency_ms": 2727.4, "has_data": false, "synthetic": false}
{"system": "webposto", "endpoint": "/INTEGRACAO/TITULO_PAGAR", "status": 200, "latency_ms": 418.38, "has_data": false, "synthetic": false}
{"system": "webposto", "endpoint": "/INTEGRACAO/TITULO_PAGAR", "status": 200, "latency_ms": 6611.44, "has_data": true, "synthetic": false}
{"system": "webposto", "endpoint": "/INTEGRACAO/TITULO_PAGAR", "status": 200, "latency_ms": 5980.38, "has_data": true, "synthetic": false}
{"system": "webposto", "endpoint": "/INTEGRACAO/MOVIMENTO_CONTA", "status": 200, "latency_ms": 4704.91, "has_data": true, "synthetic": false}
{"system": "webposto", "endpoint": "/INTEGRACAO/TITULO_RECEBER", "status": 200, "latency_ms": 535.4, "has_data": true, "synthetic": false}
{"system": "webposto", "endpoint": "/INTEGRACAO/CONSULTAR_CAIXA_APRESENTADO_REDE", "status": 200, "latency_ms": 338.08, "has_data": false, "synthetic": false}
{"system": "webposto", "endpoint": "/INTEGRACAO/CAIXA", "status": 200, "latency_ms": 2039.27, "has_data": true, "synthetic": false}
{"system": "webposto", "endpoint": "/INTEGRACAO/CONSULTAR_CAIXA_REDE", "status": 200, "latency_ms": 2611.39, "has_data": true, "synthetic": false}
{"system": "webposto", "endpoint": "/INTEGRACAO/CONSULTAR_CAIXA_REDE", "status": 200, "latency_ms": 344.27, "has_data": true, "synthetic": false}
{"system": "webposto", "endpoint": "/INTEGRACAO/CAIXA_APRESENTADO", "status": 200, "latency_ms": 2963.33, "has_data": true, "synthetic": false}
{"system": "webposto", "endpoint": "/INTEGRACAO/CONSULTAR_CAIXA_REDE", "status": 200, "latency_ms": 351.58, "has_data": true, "synthetic": false}
{"system": "webposto", "endpoint": "/INTEGRACAO/CONSULTAR_CAIXA_REDE", "status": 200, "latency_ms": 354.06, "has_data": true, "synthetic": false}
{"system": "webposto", "endpoint": "/INTEGRACAO/CONSULTAR_CAIXA_REDE", "status": 200, "latency_ms": 400.87, "has_data": true, "synthetic": false}
{"system": "webposto", "endpoint": "/INTEGRACAO/CONSULTAR_CAIXA_REDE", "status": 200, "latency_ms": 345.86, "has_data": true, "synthetic": false}
{"system": "webposto", "endpoint": "/INTEGRACAO/CONSULTAR_CAIXA_REDE", "status": 200, "latency_ms": 355.54, "has_data": true, "synthetic": false}
{"system": "webposto", "endpoint": "/INTEGRACAO/CONSULTAR_CAIXA_REDE", "status": 200, "latency_ms": 374.2, "has_data": true, "synthetic": false}
{"system": "webposto", "endpoint": "/INTEGRACAO/CONSULTAR_CAIXA_REDE", "status": 200, "latency_ms": 344.34, "has_data": true, "synthetic": false}
{"system": "webposto", "endpoint": "/INTEGRACAO/CONSULTAR_CAIXA_REDE", "status": 200, "latency_ms": 347.86, "has_data": true, "synthetic": false}
{"system": "webposto", "endpoint": "/INTEGRACAO/CONSULTAR_CAIXA_REDE", "status": 200, "latency_ms": 348.53, "has_data": true, "synthetic": false}
{"system": "webposto", "endpoint": "/INTEGRACAO/CONSULTAR_CAIXA_REDE", "status": 200, "latency_ms": 455.82, "has_data": true, "synthetic": false}
{"system": "webposto", "endpoint": "/INTEGRACAO/CONSULTAR_CAIXA_REDE", "status": 200, "latency_ms": 354.67, "has_data": true, "synthetic": false}
{"system": "webposto", "endpoint": "/INTEGRACAO/CONSULTAR_CAIXA_REDE", "status": 200, "latency_ms": 345.56, "has_data": true, "synthetic": false}
{"system": "webposto", "endpoint": "/INTEGRACAO/CONSULTAR_CAIXA_REDE", "status": 200, "latency_ms": 341.24, "has_data": true, "synthetic": false}
{"system": "webposto", "endpoint": "/INTEGRACAO/EMPRESAS", "status": 200, "latency_ms": 323.62, "has_data": true, "synthetic": false}
{"system": "webposto", "endpoint": "/INTEGRACAO/TITULO_PAGAR", "status": 200, "latency_ms": 987.92, "has_data": false, "synthetic": false}
{"system": "webposto", "endpoint": "/INTEGRACAO/TITULO_PAGAR", "status": 200, "latency_ms": 4516.14, "has_data": false, "synthetic": false}
{"system": "webposto", "endpoint": "/INTEGRACAO/TITULO_PAGAR", "status": 200, "latency_ms": 375.07, "has_data": false, "synthetic": false}
{"system": "webposto", "endpoint": "/INTEGRACAO/TITULO_PAGAR", "status": 200, "latency_ms": 3964.63, "has_data": false, "synthetic": false}
{"system": "webposto", "endpoint": "/INTEGRACAO/TITULO_PAGAR", "status": 200, "latency_ms": 2147.02, "has_data": false, "synthetic": false}
{"system": "webposto", "endpoint": "/INTEGRACAO/TITULO_PAGAR", "status": 200, "latency_ms": 5103.2, "has_data": false, "synthetic": false}
{"system": "webposto", "endpoint": "/INTEGRACAO/TITULO_PAGAR", "status": 200, "latency_ms": 3355.5, "has_data": false, "synthetic": false}
{"system": "webposto", "endpoint": "/INTEGRACAO/TITULO_PAGAR", "status": 200, "latency_ms": 1599.08, "has_data": false, "synthetic": false}
{"system": "webposto", "endpoint": "/INTEGRACAO/TITULO_PAGAR", "status": 200, "latency_ms": 2818.64, "has_data": false, "synthetic": false}
{"system": "webposto", "endpoint": "/INTEGRACAO/TITULO_PAGAR", "status": 200, "latency_ms": 5937.78, "has_data": true, "synthetic": false}
{"system": "webposto", "endpoint": "/INTEGRACAO/TITULO_PAGAR", "status": 200, "latency_ms": 6549.78, "has_data": true, "synthetic": false}
{"system": "webposto", "endpoint": "/INTEGRACAO/MOVIMENTO_CONTA", "status": 200, "latency_ms": 9090.8, "has_data": true, "synthetic": false}
{"system": "webposto", "endpoint": "/INTEGRACAO/TITULO_RECEBER", "status": 200, "latency_ms": 516.62, "has_data": true, "synthetic": false}
