{"system": "webposto", "endpoint": "/INTEGRACAO/CONSULTAR_VENDA_FORMA_PAGAMENTO_REDE", "status": 200, "latency_ms": 392.69, "has_data": true, "synthetic": false, "check": "permission_discovery"}
{"system": "webposto", "endpoint": "/INTEGRACAO/PRODUTO_ESTOQUE", "status": 400, "latency_ms": 507.62, "has_data": true, "synthetic": false, "check": "permission_discovery"}
{"system": "webposto", "endpoint": "/INTEGRACAO/PRODUTO_EMPRESA_REDE", "status": 401, "latency_ms": 514.18, "has_data": false, "synthetic": false, "check": "permission_discovery"}
{"system": "webposto", "endpoint": "/INTEGRACAO/PRODUTO_COMBUSTIVEL", "status": 401, "latency_ms": 515.34, "has_data": false, "synthetic": false, "check": "permission_discovery"}
{"system": "webposto", "endpoint": "/INTEGRACAO/CONSULTAR_VENDA_ITEM_REDE", "status": 401, "latency_ms": 519.34, "has_data": false, "synthetic": false, "check": "permission_discovery"}
{"system": "webposto", "endpoint": "/INTEGRACAO/CONSULTAR_CAIXA_APRESENTADO_REDE", "status": 200, "latency_ms": 537.31, "has_data": true, "synthetic": false, "check": "permission_discovery"}
{"system": "webposto", "endpoint": "/INTEGRACAO/PRODUTO_REDE", "status": 401, "latency_ms": 535.52, "has_data": false, "synthetic": false, "check": "permission_discovery"}
{"system": "webposto", "endpoint": "/INTEGRACAO/CONTA", "status": 200, "latency_ms": 541.97, "has_data": true, "synthetic": false, "check": "permission_discovery"}
{"system": "webposto", "endpoint": "/INTEGRACAO/CONSULTAR_LMC_REDE", "status": 200, "latency_ms": 663.98, "has_data": true, "synthetic": false, "check": "permission_discovery"}
{"system": "webposto", "endpoint": "/INTEGRACAO/ABASTECIMENTO", "status": 200, "latency_ms": 694.95, "has_data": true, "synthetic": false, "check": "permission_discovery"}
{"system": "webposto", "endpoint": "/INTEGRACAO/EMPRESAS", "status": 200, "latency_ms": 688.55, "has_data": true, "synthetic": false, "check": "permission_discovery"}
{"system": "webposto", "endpoint": "/INTEGRACAO/CAIXA", "status": 200, "latency_ms": 826.81, "has_data": true, "synthetic": false, "check": "permission_discovery"}
{"system": "webposto", "endpoint": "/INTEGRACAO/TANQUE", "status": 200, "latency_ms": 999.2, "has_data": true, "synthetic": false, "check": "permission_discovery"}
{"system": "webposto", "endpoint": "/INTEGRACAO/CAIXA_APRESENTADO", "status": 200, "latency_ms": 1013.99, "has_data": true, "synthetic": false, "check": "permission_discovery"}
{"system": "webposto", "endpoint": "/INTEGRACAO/TITULO_RECEBER", "status": 200, "latency_ms": 1015.17, "has_data": true, "synthetic": false, "check": "permission_discovery"}
{"system": "webposto", "endpoint": "/INTEGRACAO/NFCE", "status": 200, "latency_ms": 1018.82, "has_data": true, "synthetic": false, "check": "permission_discovery"}
{"system": "webposto", "endpoint": "/INTEGRACAO/MOVIMENTO_CONTA", "status": 200, "latency_ms": 1023.17, "has_data": true, "synthetic": false, "check": "permission_discovery"}
{"system": "webposto", "endpoint": "/INTEGRACAO/CONSULTAR_CAIXA_REDE", "status": 200, "latency_ms": 1030.61, "has_data": true, "synthetic": false, "check": "permission_discovery"}
{"system": "webposto", "endpoint": "/INTEGRACAO/VENDA_ITEM", "status": 200, "latency_ms": 1040.63, "has_data": true, "synthetic": false, "check": "permission_discovery"}
{"system": "webposto", "endpoint": "/INTEGRACAO/VENDA", "status": 200, "latency_ms": 1042.05, "has_data": true, "synthetic": false, "check": "permission_discovery"}
{"system": "webposto", "endpoint": "/INTEGRACAO/TITULO_PAGAR", "status": 200, "latency_ms": 1142.26, "has_data": true, "synthetic": false, "check": "permission_discovery"}
{"system": "webposto", "endpoint": "/INTEGRACAO/CONSULTAR_DESPESAS_FINANCEIRO_REDE", "status": 200, "latency_ms": 1241.29, "has_data": true, "synthetic": false, "check": "permission_discovery"}
{"system": "webposto", "endpoint": "/INTEGRACAO/PRODUTO_EMPRESA", "status": 200, "latency_ms": 1354.23, "has_data": true, "synthetic": false, "check": "permission_discovery"}
{"system": "webposto", "endpoint": "/INTEGRACAO/VENDA_FORMA_PAGAMENTO", "status": 200, "latency_ms": 1504.98, "has_data": true, "synthetic": false, "check": "permission_discovery"}
{"system": "webposto", "endpoint": "/INTEGRACAO/PRODUTO", "status": 200, "latency_ms": 4553.21, "has_data": true, "synthetic": false, "check": "permission_discovery"}
{"system": "webposto", "endpoint": "/INTEGRACAO/ESTOQUE_PERIODO", "status": 200, "latency_ms": 12618.56, "has_data": true, "synthetic": false, "check": "permission_discovery"}
{"system": "webposto", "endpoint": "/INTEGRACAO/TRANSFERENCIA_BANCARIA", "status": 200, "latency_ms": 16545.21, "has_data": true, "synthetic": false, "check": "permission_discovery"}
{"system": "webposto", "endpoint": "/INTEGRACAO/CONSULTAR_ANALISE_VENDAS_COMBUSTIVEL", "status": 0, "latency_ms": 20280.52, "has_data": false, "synthetic": false, "check": "permission_discovery", "error": ""}
{"system": "webposto", "endpoint": "/INTEGRACAO/CONSULTAR_DESPESAS_FINANCEIRO_REDE", "status": 200, "latency_ms": 4692.14, "has_data": true, "synthetic": false}
{"system": "webposto", "endpoint": "/INTEGRACAO/CONSULTAR_CAIXA_APRESENTADO_REDE", "status": 200, "latency_ms": 453.48, "has_data": false, "synthetic": false}
{"system": "webposto", "endpoint": "/INTEGRACAO/CONSULTAR_CAIXA_REDE", "status": 200, "latency_ms": 1168.54, "has_data": true, "synthetic": false}
{"system": "webposto", "endpoint": "/INTEGRACAO/CAIXA", "status": 200, "latency_ms": 1189.41, "has_data": true, "synthetic": false}
{"system": "webposto", "endpoint": "/INTEGRACAO/CAIXA_APRESENTADO", "status": 200, "latency_ms": 996.43, "has_data": true, "synthetic": false}
{"system": "webposto", "endpoint": "/INTEGRACAO/CONSULTAR_CAIXA_REDE", "status": 200, "latency_ms": 363.9, "has_data": true, "synthetic": false}
{"system": "webposto", "endpoint": "/INTEGRACAO/CONSULTAR_CAIXA_REDE", "status": 200, "latency_ms": 362.64, "has_data": true, "synthetic": false}
{"system": "webposto", "endpoint": "/INTEGRACAO/CONSULTAR_CAIXA_REDE", "status": 200, "latency_ms": 322.95, "has_data": true, "synthetic": false}
{"system": "webposto", "endpoint": "/INTEGRACAO/CONSULTAR_CAIXA_REDE", "status": 200, "latency_ms": 399.0, "has_data": true, "synthetic": false}
{"system": "webposto", "endpoint": "/INTEGRACAO/CONSULTAR_CAIXA_REDE", "status": 200, "latency_ms": 367.39, "has_data": true, "synthetic": false}
{"system": "webposto", "endpoint": "/INTEGRACAO/CONSULTAR_CAIXA_REDE", "status": 200, "latency_ms": 393.2, "has_data": true, "synthetic": false}
{"system": "webposto", "endpoint": "/INTEGRACAO/CONSULTAR_CAIXA_REDE", "status": 200, "latency_ms": 330.31, "has_data": true, "synthetic": false}
{"system": "webposto", "endpoint": "/INTEGRACAO/CONSULTAR_CAIXA_REDE", "status": 200, "latency_ms": 539.24, "has_data": true, "synthetic": false}
{"system": "webposto", "endpoint": "/INTEGRACAO/CONSULTAR_CAIXA_REDE", "status": 200, "latency_ms": 350.04, "has_data": true, "synthetic": false}
{"system": "webposto", "endpoint": "/INTEGRACAO/CONSULTAR_CAIXA_REDE", "status": 200, "latency_ms": 349.49, "has_data": true, "synthetic": false}
{"system": "webposto", "endpoint": "/INTEGRACAO/CONSULTAR_CAIXA_REDE", "status": 200, "latency_ms": 399.34, "has_data": true, "synthetic": false}
{"system": "webposto", "endpoint": "/INTEGRACAO/CONSULTAR_CAIXA_REDE", "status": 200, "latency_ms": 553.31, "has_data": true, "synthetic": false}
{"system": "webposto", "endpoint": "/INTEGRACAO/CONSULTAR_CAIXA_REDE", "status": 200, "latency_ms": 440.33, "has_data": true, "synthetic": false}
{"system": "webposto", "endpoint": "/INTEGRACAO/CONSULTAR_CAIXA_REDE", "status": 200, "latency_ms": 589.94, "has_data": true, "synthetic": false}
{"system": "webposto", "endpoint": "/INTEGRACAO/EMPRESAS", "status": 200, "latency_ms": 346.38, "has_data": true, "synthetic": false}
{"system": "webposto", "endpoint": "/INTEGRACAO/TITULO_PAGAR", "status": 200, "latency_ms": 1636.15, "has_data": false, "synthetic": false}
{"system": "webposto", "endpoint": "/INTEGRACAO/TITULO_PAGAR", "status": 200, "latency_ms": 1263.44, "has_data": false, "synthetic": false}
{"system": "webposto", "endpoint": "/INTEGRACAO/TITULO_PAGAR", "status": 200, "latency_ms": 1057.38, "has_data": false, "synthetic": false}
{"system": "webposto", "endpoint": "/INTEGRACAO/TITULO_PAGAR", "status": 200, "latency_ms": 829.1, "has_data": false, "synthetic": false}
{"system": "webposto", "endpoint": "/INTEGRACAO/TITULO_PAGAR", "status": 200, "latency_ms": 1476.14, "has_data": false, "synthetic": false}
{"system": "webposto", "endpoint": "/INTEGRACAO/TITULO_PAGAR", "status": 200, "latency_ms": 2045.25, "has_data": false, "synthetic": false}
{"system": "webposto", "endpoint": "/INTEGRACAO/TITULO_PAGAR", "status": 200, "latency_ms": 1858.91, "has_data": false, "synthetic": false}
{"system": "webposto", "endpoint": "/INTEGRACAO/TITULO_PAGAR", "status": 200, "latency_ms": 386.62, "has_data": false, "synthetic": false}
{"system": "webposto", "endpoint": "/INTEGRACAO/TITULO_PAGAR", "status": 200, "latency_ms": 2257.37, "has_data": true, "synthetic": false}
{"system": "webposto", "endpoint": "/INTEGRACAO/TITULO_PAGAR", "status": 200, "latency_ms": 626.46, "has_data": false, "synthetic": false}
{"system": "webposto", "endpoint": "/INTEGRACAO/TITULO_PAGAR", "status": 200, "latency_ms": 2487.69, "has_data": true, "synthetic": false}
{"system": "webposto", "endpoint": "/INTEGRACAO/MOVIMENTO_CONTA", "status": 200, "latency_ms": 877.84, "has_data": true, "synthetic": false}
{"system": "webposto", "endpoint": "/INTEGRACAO/TRANSFERENCIA_BANCARIA", "status": 200, "latency_ms": 11991.97, "has_data": true, "synthetic": false}
{"system": "webposto", "endpoint": "/INTEGRACAO/CONSULTAR_DESPESAS_FINANCEIRO_REDE", "status": 200, "latency_ms": 864.51, "has_data": true, "synthetic": false}
{"system": "webposto", "endpoint": "/INTEGRACAO/CONSULTAR_CAIXA_APRESENTADO_REDE", "status": 200, "latency_ms": 329.4, "has_data": false, "synthetic": false}
{"system": "webposto", "endpoint": "/INTEGRACAO/CAIXA", "status": 200, "latency_ms": 802.32, "has_data": true, "synthetic": false}
{"system": "webposto", "endpoint": "/INTEGRACAO/CAIXA_APRESENTADO", "status": 200, "latency_ms": 600.39, "has_data": true, "synthetic": false}
{"system": "webposto", "endpoint": "/INTEGRACAO/CONSULTAR_CAIXA_REDE", "status": 200, "latency_ms": 1005.61, "has_data": true, "synthetic": false}
{"system": "webposto", "endpoint": "/INTEGRACAO/CONSULTAR_CAIXA_REDE", "status": 200, "latency_ms": 478.32, "has_data": true, "synthetic": false}
{"system": "webposto", "endpoint": "/INTEGRACAO/CONSULTAR_CAIXA_REDE", "status": 200, "latency_ms": 341.38, "has_data": true, "synthetic": false}
{"system": "webposto", "endpoint": "/INTEGRACAO/CONSULTAR_CAIXA_REDE", "status": 200, "latency_ms": 322.14, "has_data": true, "synthetic": false}
{"system": "webposto", "endpoint": "/INTEGRACAO/CONSULTAR_CAIXA_REDE", "status": 200, "latency_ms": 327.33, "has_data": true, "synthetic": false}
{"system": "webposto", "endpoint": "/INTEGRACAO/CONSULTAR_CAIXA_REDE", "status": 200, "latency_ms": 309.26, "has_data": true, "synthetic": false}
{"system": "webposto", "endpoint": "/INTEGRACAO/CONSULTAR_CAIXA_REDE", "status": 200, "latency_ms": 325.58, "has_data": true, "synthetic": false}
{"system": "webposto", "endpoint": "/INTEGRACAO/CONSULTAR_CAIXA_REDE", "status": 200, "latency_ms": 320.17, "has_data": true, "synthetic": false}
{"system": "webposto", "endpoint": "/INTEGRACAO/CONSULTAR_CAIXA_REDE", "status": 200, "latency_ms": 325.82, "has_data": true, "synthetic": false}
{"system": "webposto", "endpoint": "/INTEGRACAO/CONSULTAR_CAIXA_REDE", "status": 200, "latency_ms": 320.48, "has_data": true, "synthetic": false}
{"system": "webposto", "endpoint": "/INTEGRACAO/CONSULTAR_CAIXA_REDE", "status": 200, "latency_ms": 350.22, "has_data": true, "synthetic": false}
{"system": "webposto", "endpoint": "/INTEGRACAO/CONSULTAR_CAIXA_REDE", "status": 200, "latency_ms": 472.58, "has_data": true, "synthetic": false}
{"system": "webposto", "endpoint": "/INTEGRACAO/CONSULTAR_CAIXA_REDE", "status": 200, "latency_ms": 535.08, "has_data": true, "synthetic": false}
{"system": "webposto", "endpoint": "/INTEGRACAO/CONSULTAR_CAIXA_REDE", "status": 200, "latency_ms": 411.92, "has_data": true, "synthetic": false}
{"system": "webposto", "endpoint": "/INTEGRACAO/CONSULTAR_CAIXA_REDE", "status": 200, "latency_ms": 355.73, "has_data": true, "synthetic": false}
{"system": "webposto", "endpoint": "/INTEGRACAO/CONSULTAR_DESPESAS_FINANCEIRO_REDE", "status": 200, "latency_ms": 692.66, "has_data": true, "synthetic": false}
{"system": "webposto", "endpoint": "/INTEGRACAO/CAIXA", "status": 200, "latency_ms": 876.12, "has_data": true, "synthetic": false}
{"system": "webposto", "endpoint": "/INTEGRACAO/CONSULTAR_CAIXA_APRESENTADO_REDE", "status": 200, "latency_ms": 513.27, "has_data": false, "synthetic": false}
{"system": "webposto", "endpoint": "/INTEGRACAO/CAIXA_APRESENTADO", "status": 200, "latency_ms": 730.23, "has_data": true, "synthetic": false}
{"system": "webposto", "endpoint": "/INTEGRACAO/CONSULTAR_CAIXA_REDE", "status": 200, "latency_ms": 1101.58, "has_data": true, "synthetic": false}
{"system": "webposto", "endpoint": "/INTEGRACAO/CONSULTAR_CAIXA_REDE", "status": 200, "latency_ms": 333.95, "has_data": true, "synthetic": false}
{"system": "webposto", "endpoint": "/INTEGRACAO/CONSULTAR_CAIXA_REDE", "status": 200, "latency_ms": 344.68, "has_data": true, "synthetic": false}
{"system": "webposto", "endpoint": "/INTEGRACAO/CONSULTAR_CAIXA_REDE", "status": 200, "latency_ms": 333.72, "has_data": true, "synthetic": false}
{"system": "webposto", "endpoint": "/INTEGRACAO/CONSULTAR_CAIXA_REDE", "status": 200, "latency_ms": 337.43, "has_data": true, "synthetic": false}
{"system": "webposto", "endpoint": "/INTEGRACAO/CONSULTAR_CAIXA_REDE", "status": 200, "latency_ms": 330.39, "has_data": true, "synthetic": false}
{"system": "webposto", "endpoint": "/INTEGRACAO/CONSULTAR_CAIXA_REDE", "status": 200, "latency_ms": 341.44, "has_data": true, "synthetic": false}
{"system": "webposto", "endpoint": "/INTEGRACAO/CONSULTAR_CAIXA_REDE", "status": 200, "latency_ms": 335.9, "has_data": true, "synthetic": false}
{"system": "webposto", "endpoint": "/INTEGRACAO/CONSULTAR_CAIXA_REDE", "status": 200, "latency_ms": 334.66, "has_data": true, "synthetic": false}
{"system": "webposto", "endpoint": "/INTEGRACAO/CONSULTAR_CAIXA_REDE", "status": 200, "latency_ms": 328.23, "has_data": true, "synthetic": false}
{"system": "webposto", "endpoint": "/INTEGRACAO/CONSULTAR_CAIXA_REDE", "status": 200, "latency_ms": 355.77, "has_data": true, "synthetic": false}
{"system": "webposto", "endpoint": "/INTEGRACAO/CONSULTAR_CAIXA_REDE", "status": 200, "latency_ms": 320.63, "has_data": true, "synthetic": false}
{"system": "webposto", "endpoint": "/INTEGRACAO/CONSULTAR_CAIXA_REDE", "status": 200, "latency_ms": 368.38, "has_data": true, "synthetic": false}
{"system": "webposto", "endpoint": "/INTEGRACAO/CONSULTAR_CAIXA_REDE", "status": 200, "latency_ms": 320.14, "has_data": true, "synthetic": false}
{"system": "webposto", "endpoint": "/INTEGRACAO/CONSULTAR_CAIXA_REDE", "status": 200, "latency_ms": 321.68, "has_data": true, "synthetic": false}
{"system": "webposto", "endpoint": "/INTEGRACAO/EMPRESAS", "status": 200, "latency_ms": 319.97, "has_data": true, "synthetic": false}
{"system": "webposto", "endpoint": "/INTEGRACAO/TITULO_PAGAR", "status": 200, "latency_ms": 1695.92, "has_data": false, "synthetic": false}
{"system": "webposto", "endpoint": "/INTEGRACAO/TITULO_PAGAR", "status": 200, "latency_ms": 1325.32, "has_data": false, "synthetic": false}
{"system": "webposto", "endpoint": "/INTEGRACAO/TITULO_PAGAR", "status": 200, "latency_ms": 1518.14, "has_data": false, "synthetic": false}
{"system": "webposto", "endpoint": "/INTEGRACAO/TITULO_PAGAR", "status": 200, "latency_ms": 551.51, "has_data": false, "synthetic": false}
{"system": "webposto", "endpoint": "/INTEGRACAO/TITULO_PAGAR", "status": 200, "latency_ms": 960.78, "has_data": false, "synthetic": false}
{"system": "webposto", "endpoint": "/INTEGRACAO/TITULO_PAGAR", "status": 200, "latency_ms": 754.07, "has_data": false, "synthetic": false}
{"system": "webposto", "endpoint": "/INTEGRACAO/TITULO_PAGAR", "status": 200, "latency_ms": 361.26, "has_data": false, "synthetic": false}
{"system": "webposto", "endpoint": "/INTEGRACAO/TITULO_PAGAR", "status": 200, "latency_ms": 2170.72, "has_data": true, "synthetic": false}
{"system": "webposto", "endpoint": "/INTEGRACAO/TITULO_PAGAR", "status": 200, "latency_ms": 2378.33, "has_data": true, "synthetic": false}
{"system": "webposto", "endpoint": "/INTEGRACAO/TITULO_PAGAR", "status": 200, "latency_ms": 1984.24, "has_data": false, "synthetic": false}
{"system": "webposto", "endpoint": "/INTEGRACAO/TITULO_PAGAR", "status": 200, "latency_ms": 1189.04, "has_data": false, "synthetic": false}
{"system": "webposto", "endpoint": "/INTEGRACAO/MOVIMENTO_CONTA", "status": 200, "latency_ms": 866.54, "has_data": true, "synthetic": false}
{"system": "webposto", "endpoint": "/INTEGRACAO/TRANSFERENCIA_BANCARIA", "status": 200, "latency_ms": 2477.56, "has_data": true, "synthetic": false}
{"system": "webposto", "endpoint": "/INTEGRACAO/CONSULTAR_DESPESAS_FINANCEIRO_REDE", "status": 200, "latency_ms": 10317.12, "has_data": true, "synthetic": false}
{"system": "webposto", "endpoint": "/INTEGRACAO/CONSULTAR_CAIXA_APRESENTADO_REDE", "status": 200, "latency_ms": 322.7, "has_data": false, "synthetic": false}
{"system": "webposto", "endpoint": "/INTEGRACAO/CAIXA", "status": 200, "latency_ms": 751.24, "has_data": true, "synthetic": false}
{"system": "webposto", "endpoint": "/INTEGRACAO/CONSULTAR_CAIXA_REDE", "status": 200, "latency_ms": 962.69, "has_data": true, "synthetic": false}
{"system": "webposto", "endpoint": "/INTEGRACAO/CAIXA_APRESENTADO", "status": 200, "latency_ms": 760.74, "has_data": true, "synthetic": false}
{"system": "webposto", "endpoint": "/INTEGRACAO/CONSULTAR_CAIXA_REDE", "status": 200, "latency_ms": 359.31, "has_data": true, "synthetic": false}
{"system": "webposto", "endpoint": "/INTEGRACAO/CONSULTAR_CAIXA_REDE", "status": 200, "latency_ms": 345.98, "has_data": true, "synthetic": false}
{"system": "webposto", "endpoint": "/INTEGRACAO/CONSULTAR_CAIXA_REDE", "status": 200, "latency_ms": 384.98, "has_data": true, "synthetic": false}
{"system": "webposto", "endpoint": "/INTEGRACAO/CONSULTAR_CAIXA_REDE", "status": 200, "latency_ms": 333.14, "has_data": true, "synthetic": false}
{"system": "webposto", "endpoint": "/INTEGRACAO/CONSULTAR_CAIXA_REDE", "status": 200, "latency_ms": 352.6, "has_data": true, "synthetic": false}
{"system": "webposto", "endpoint": "/INTEGRACAO/CONSULTAR_CAIXA_REDE", "status": 200, "latency_ms": 323.23, "has_data": true, "synthetic": false}
{"system": "webposto", "endpoint": "/INTEGRACAO/CONSULTAR_CAIXA_REDE", "status": 200, "latency_ms": 355.26, "has_data": true, "synthetic": false}
{"system": "webposto", "endpoint": "/INTEGRACAO/CONSULTAR_CAIXA_REDE", "status": 200, "latency_ms": 338.52, "has_data": true, "synthetic": false}
{"system": "webposto", "endpoint": "/INTEGRACAO/CONSULTAR_CAIXA_REDE", "status": 200, "latency_ms": 367.73, "has_data": true, "synthetic": false}
{"system": "webposto", "endpoint": "/INTEGRACAO/CONSULTAR_CAIXA_REDE", "status": 200, "latency_ms": 346.76, "has_data": true, "synthetic": false}
{"system": "webposto", "endpoint": "/INTEGRACAO/CONSULTAR_CAIXA_REDE", "status": 200, "latency_ms": 327.45, "has_data": true, "synthetic": false}
{"system": "webposto", "endpoint": "/INTEGRACAO/CONSULTAR_CAIXA_REDE", "status": 200, "latency_ms": 325.37, "has_data": true, "synthetic": false}
{"system": "webposto", "endpoint": "/INTEGRACAO/CONSULTAR_CAIXA_REDE", "status": 200, "latency_ms": 323.12, "has_data": true, "synthetic": false}
{"system": "webposto", "endpoint": "/INTEGRACAO/CONSULTAR_CAIXA_REDE", "status": 200, "latency_ms": 328.68, "has_data": true, "synthetic": false}
{"system": "webposto", "endpoint": "/INTEGRACAO/EMPRESAS", "status": 200, "latency_ms": 315.97, "has_data": true, "synthetic": false}
{"system": "webposto", "endpoint": "/INTEGRACAO/TITULO_PAGAR", "status": 200, "latency_ms": 332.02, "has_data": false, "synthetic": false}
{"system": "webposto", "endpoint": "/INTEGRACAO/TITULO_PAGAR", "status": 200, "latency_ms": 1450.25, "has_data": false, "synthetic": false}
{"system": "webposto", "endpoint": "/INTEGRACAO/TITULO_PAGAR", "status": 200, "latency_ms": 531.21, "has_data": false, "synthetic": false}
{"system": "webposto", "endpoint": "/INTEGRACAO/TITULO_PAGAR", "status": 200, "latency_ms": 720.5, "has_data": false, "synthetic": false}
{"system": "webposto", "endpoint": "/INTEGRACAO/TITULO_PAGAR", "status": 200, "latency_ms": 1089.56, "has_data": false, "synthetic": false}
{"system": "webposto", "endpoint": "/INTEGRACAO/TITULO_PAGAR", "status": 200, "latency_ms": 1274.08, "has_data": false, "synthetic": false}
{"system": "webposto", "endpoint": "/INTEGRACAO/TITULO_PAGAR", "status": 200, "latency_ms": 1664.92, "has_data": false, "synthetic": false}
{"system": "webposto", "endpoint": "/INTEGRACAO/TITULO_PAGAR", "status": 200, "latency_ms": 1864.24, "has_data": false, "synthetic": false}
{"system": "webposto", "endpoint": "/INTEGRACAO/TITULO_PAGAR", "status": 200, "latency_ms": 915.15, "has_data": false, "synthetic": false}
{"system": "webposto", "endpoint": "/INTEGRACAO/TITULO_PAGAR", "status": 200, "latency_ms": 2118.86, "has_data": true, "synthetic": false}
{"system": "webposto", "endpoint": "/INTEGRACAO/TITULO_PAGAR", "status": 200, "latency_ms": 2329.86, "has_data": true, "synthetic": false}
{"system": "webposto", "endpoint": "/INTEGRACAO/MOVIMENTO_CONTA", "status": 200, "latency_ms": 1840.41, "has_data": true, "synthetic": false}
{"system": "webposto", "endpoint": "/INTEGRACAO/CONSULTAR_DESPESAS_FINANCEIRO_REDE", "status": 200, "latency_ms": 5438.84, "has_data": true, "synthetic": false}
{"system": "webposto", "endpoint": "/INTEGRACAO/CONSULTAR_CAIXA_APRESENTADO_REDE", "status": 200, "latency_ms": 346.51, "has_data": false, "synthetic": false}
{"system": "webposto", "endpoint": "/INTEGRACAO/CAIXA_APRESENTADO", "status": 200, "latency_ms": 855.85, "has_data": true, "synthetic": false}
{"system": "webposto", "endpoint": "/INTEGRACAO/CONSULTAR_CAIXA_REDE", "status": 200, "latency_ms": 1835.06, "has_data": true, "synthetic": false}
{"system": "webposto", "endpoint": "/INTEGRACAO/CAIXA", "status": 200, "latency_ms": 1357.61, "has_data": true, "synthetic": false}
{"system": "webposto", "endpoint": "/INTEGRACAO/CONSULTAR_CAIXA_REDE", "status": 200, "latency_ms": 337.77, "has_data": true, "synthetic": false}
{"system": "webposto", "endpoint": "/INTEGRACAO/CONSULTAR_CAIXA_REDE", "status": 200, "latency_ms": 332.78, "has_data": true, "synthetic": false}
{"system": "webposto", "endpoint": "/INTEGRACAO/CONSULTAR_CAIXA_REDE", "status": 200, "latency_ms": 342.95, "has_data": true, "synthetic": false}
{"system": "webposto", "endpoint": "/INTEGRACAO/CONSULTAR_CAIXA_REDE", "status": 200, "latency_ms": 340.54, "has_data": true, "synthetic": false}
{"system": "webposto", "endpoint": "/INTEGRACAO/CONSULTAR_CAIXA_REDE", "status": 200, "latency_ms": 337.88, "has_data": true, "synthetic": false}
{"system": "webposto", "endpoint": "/INTEGRACAO/CONSULTAR_CAIXA_REDE", "status": 200, "latency_ms": 348.68, "has_data": true, "synthetic": false}
{"system": "webposto", "endpoint": "/INTEGRACAO/CONSULTAR_CAIXA_REDE", "status": 200, "latency_ms": 321.01, "has_data": true, "synthetic": false}
{"system": "webposto", "endpoint": "/INTEGRACAO/CONSULTAR_CAIXA_REDE", "status": 200, "latency_ms": 323.25, "has_data": true, "synthetic": false}
{"system": "webposto", "endpoint": "/INTEGRACAO/CONSULTAR_CAIXA_REDE", "status": 200, "latency_ms": 345.27, "has_data": true, "synthetic": false}
{"system": "webposto", "endpoint": "/INTEGRACAO/CONSULTAR_CAIXA_REDE", "status": 200, "latency_ms": 366.4, "has_data": true, "synthetic": false}
{"system": "webposto", "endpoint": "/INTEGRACAO/CONSULTAR_CAIXA_REDE", "status": 200, "latency_ms": 340.06, "has_data": true, "synthetic": false}
{"system": "webposto", "endpoint": "/INTEGRACAO/CONSULTAR_CAIXA_REDE", "status": 200, "latency_ms": 330.6, "has_data": true, "synthetic": false}
{"system": "webposto", "endpoint": "/INTEGRACAO/CONSULTAR_CAIXA_REDE", "status": 200, "latency_ms": 348.18, "has_data": true, "synthetic": false}
{"system": "webposto", "endpoint": "/INTEGRACAO/CONSULTAR_CAIXA_REDE", "status": 200, "latency_ms": 329.74, "has_data": true, "synthetic": false}
{"system": "webposto", "endpoint": "/INTEGRACAO/CONSULTAR_DESPESAS_FINANCEIRO_REDE", "status": 200, "latency_ms": 1613.29, "has_data": true, "synthetic": false}
{"system": "webposto", "endpoint": "/INTEGRACAO/CONSULTAR_CAIXA_APRESENTADO_REDE", "status": 200, "latency_ms": 335.17, "has_data": false, "synthetic": false}
{"system": "webposto", "endpoint": "/INTEGRACAO/CAIXA", "status": 200, "latency_ms": 1169.16, "has_data": true, "synthetic": false}
{"system": "webposto", "endpoint": "/INTEGRACAO/CONSULTAR_CAIXA_REDE", "status": 200, "latency_ms": 1589.03, "has_data": true, "synthetic": false}
{"system": "webposto", "endpoint": "/INTEGRACAO/CAIXA_APRESENTADO", "status": 200, "latency_ms": 1192.77, "has_data": true, "synthetic": false}
{"system": "webposto", "endpoint": "/INTEGRACAO/CONSULTAR_CAIXA_REDE", "status": 200, "latency_ms": 326.91, "has_data": true, "synthetic": false}
{"system": "webposto", "endpoint": "/INTEGRACAO/CONSULTAR_CAIXA_REDE", "status": 200, "latency_ms": 342.62, "has_data": true, "synthetic": false}
{"system": "webposto", "endpoint": "/INTEGRACAO/CONSULTAR_CAIXA_REDE", "status": 200, "latency_ms": 330.87, "has_data": true, "synthetic": false}
{"system": "webposto", "endpoint": "/INTEGRACAO/CONSULTAR_CAIXA_REDE", "status": 200, "latency_ms": 325.36, "has_data": true, "synthetic": false}
{"system": "webposto", "endpoint": "/INTEGRACAO/CONSULTAR_CAIXA_REDE", "status": 200, "latency_ms": 323.9, "has_data": true, "synthetic": false}
{"system": "webposto", "endpoint": "/INTEGRACAO/CONSULTAR_CAIXA_REDE", "status": 200, "latency_ms": 348.88, "has_data": true, "synthetic": false}
{"system": "webposto", "endpoint": "/INTEGRACAO/CONSULTAR_CAIXA_REDE", "status": 200, "latency_ms": 326.54, "has_data": true, "synthetic": false}
{"system": "webposto", "endpoint": "/INTEGRACAO/CONSULTAR_CAIXA_REDE", "status": 200, "latency_ms": 330.69, "has_data": true, "synthetic": false}
{"system": "webposto", "endpoint": "/INTEGRACAO/CONSULTAR_CAIXA_REDE", "status": 200, "latency_ms": 336.92, "has_data": true, "synthetic": false}
{"system": "webposto", "endpoint": "/INTEGRACAO/CONSULTAR_CAIXA_REDE", "status": 200, "latency_ms": 344.3, "has_data": true, "synthetic": false}
{"system": "webposto", "endpoint": "/INTEGRACAO/CONSULTAR_CAIXA_REDE", "status": 200, "latency_ms": 353.34, "has_data": true, "synthetic": false}
{"system": "webposto", "endpoint": "/INTEGRACAO/CONSULTAR_CAIXA_REDE", "status": 200, "latency_ms": 361.2, "has_data": true, "synthetic": false}
{"system": "webposto", "endpoint": "/INTEGRACAO/CONSULTAR_CAIXA_REDE", "status": 200, "latency_ms": 330.79, "has_data": true, "synthetic": false}
{"system": "webposto", "endpoint": "/INTEGRACAO/CONSULTAR_CAIXA_REDE", "status": 200, "latency_ms": 337.9, "has_data": true, "synthetic": false}
{"system": "webposto", "endpoint": "/INTEGRACAO/EMPRESAS", "status": 200, "latency_ms": 404.7, "has_data": true, "synthetic": false}
{"system": "webposto", "endpoint": "/INTEGRACAO/TITULO_PAGAR", "status": 200, "latency_ms": 3625.74, "has_data": false, "synthetic": false}
{"system": "webposto", "endpoint": "/INTEGRACAO/TITULO_PAGAR", "status": 200, "latency_ms": 2818.97, "has_data": false, "synthetic": false}
{"system": "webposto", "endpoint": "/INTEGRACAO/TITULO_PAGAR", "status": 200, "latency_ms": 1185.3, "has_data": false, "synthetic": false}
{"system": "webposto", "endpoint": "/INTEGRACAO/TITULO_PAGAR", "status": 200, "latency_ms": 3240.43, "has_data": false, "synthetic": false}
{"system": "webposto", "endpoint": "/INTEGRACAO/TITULO_PAGAR", "status": 200, "latency_ms": 372.75, "has_data": false, "synthetic": false}
{"system": "webposto", "endpoint": "/INTEGRACAO/TITULO_PAGAR", "status": 200, "latency_ms": 777.58, "has_data": false, "synthetic": false}
{"system": "webposto", "endpoint": "/INTEGRACAO/TITULO_PAGAR", "status": 200, "latency_ms": 2018.46, "has_data": false, "synthetic": false}
{"system": "webposto", "endpoint": "/INTEGRACAO/TITULO_PAGAR", "status": 200, "latency_ms": 2461.86, "has_data": false, "synthetic": false}
{"system": "webposto", "endpoint": "/INTEGRACAO/TITULO_PAGAR", "status": 200, "latency_ms": 1632.74, "has_data": false, "synthetic": false}
{"system": "webposto", "endpoint": "/INTEGRACAO/TITULO_PAGAR", "status": 200, "latency_ms": 4094.76, "has_data": true, "synthetic": false}
{"system": "webposto", "endpoint": "/INTEGRACAO/TITULO_PAGAR", "status": 200, "latency_ms": 4586.62, "has_data": true, "synthetic": false}
{"system": "webposto", "endpoint": "/INTEGRACAO/MOVIMENTO_CONTA", "status": 200, "latency_ms": 1747.3, "has_data": true, "synthetic": false}
{"system": "webposto", "endpoint": "/INTEGRACAO/TRANSFERENCIA_BANCARIA", "status": 200, "latency_ms": 4701.7, "has_data": true, "synthetic": false}
{"system": "webposto", "endpoint": "/INTEGRACAO/CONSULTAR_DESPESAS_FINANCEIRO_REDE", "status": 200, "latency_ms": 16295.31, "has_data": true, "synthetic": false}
{"system": "webposto", "endpoint": "/INTEGRACAO/CONSULTAR_CAIXA_APRESENTADO_REDE", "status": 200, "latency_ms": 334.79, "has_data": false, "synthetic": false}
{"system": "webposto", "endpoint": "/INTEGRACAO/CONSULTAR_CAIXA_REDE", "status": 200, "latency_ms": 1658.56, "has_data": true, "synthetic": false}
{"system": "webposto", "endpoint": "/INTEGRACAO/CAIXA", "status": 200, "latency_ms": 1258.22, "has_data": true, "synthetic": false}
{"system": "webposto", "endpoint": "/INTEGRACAO/CAIXA_APRESENTADO", "status": 200, "latency_ms": 1282.26, "has_data": true, "synthetic": false}
{"system": "webposto", "endpoint": "/INTEGRACAO/CONSULTAR_CAIXA_REDE", "status": 200, "latency_ms": 339.12, "has_data": true, "synthetic": false}
{"system": "webposto", "endpoint": "/INTEGRACAO/CONSULTAR_CAIXA_REDE", "status": 200, "latency_ms": 335.63, "has_data": true, "synthetic": false}
{"system": "webposto", "endpoint": "/INTEGRACAO/CONSULTAR_CAIXA_REDE", "status": 200, "latency_ms": 343.39, "has_data": true, "synthetic": false}
{"system": "webposto", "endpoint": "/INTEGRACAO/CONSULTAR_CAIXA_REDE", "status": 200, "latency_ms": 336.41, "has_data": true, "synthetic": false}
{"system": "webposto", "endpoint": "/INTEGRACAO/CONSULTAR_CAIXA_REDE", "status": 200, "latency_ms": 342.26, "has_data": true, "synthetic": false}
{"system": "webposto", "endpoint": "/INTEGRACAO/CONSULTAR_CAIXA_REDE", "status": 200, "latency_ms": 350.88, "has_data": true, "synthetic": false}
{"system": "webposto", "endpoint": "/INTEGRACAO/CONSULTAR_CAIXA_REDE", "status": 200, "latency_ms": 346.01, "has_data": true, "synthetic": false}
{"system": "webposto", "endpoint": "/INTEGRACAO/CONSULTAR_CAIXA_REDE", "status": 200, "latency_ms": 331.5, "has_data": true, "synthetic": false}
{"system": "webposto", "endpoint": "/INTEGRACAO/CONSULTAR_CAIXA_REDE", "status": 200, "latency_ms": 339.64, "has_data": true, "synthetic": false}
{"system": "webposto", "endpoint": "/INTEGRACAO/CONSULTAR_CAIXA_REDE", "status": 200, "latency_ms": 330.3, "has_data": true, "synthetic": false}
{"system": "webposto", "endpoint": "/INTEGRACAO/CONSULTAR_CAIXA_REDE", "status": 200, "latency_ms": 332.76, "has_data": true, "synthetic": false}
{"system": "webposto", "endpoint": "/INTEGRACAO/CONSULTAR_CAIXA_REDE", "status": 200, "latency_ms": 387.62, "has_data": true, "synthetic": false}
{"system": "webposto", "endpoint": "/INTEGRACAO/CONSULTAR_CAIXA_REDE", "status": 200, "latency_ms": 342.34, "has_data": true, "synthetic": false}
{"system": "webposto", "endpoint": "/INTEGRACAO/CONSULTAR_CAIXA_REDE", "status": 200, "latency_ms": 330.84, "has_data": true, "synthetic": false}
{"system": "webposto", "endpoint": "/INTEGRACAO/EMPRESAS", "status": 200, "latency_ms": 327.09, "has_data": true, "synthetic": false}
{"system": "webposto", "endpoint": "/INTEGRACAO/TITULO_PAGAR", "status": 200, "latency_ms": 4019.13, "has_data": true, "synthetic": false}
{"system": "webposto", "endpoint": "/INTEGRACAO/TITULO_PAGAR", "status": 200, "latency_ms": 1273.49, "has_data": false, "synthetic": false}
{"system": "webposto", "endpoint": "/INTEGRACAO/TITULO_PAGAR", "status": 200, "latency_ms": 883.2, "has_data": false, "synthetic": false}
{"system": "webposto", "endpoint": "/INTEGRACAO/TITULO_PAGAR", "status": 200, "latency_ms": 1665.73, "has_data": false, "synthetic": false}
{"system": "webposto", "endpoint": "/INTEGRACAO/TITULO_PAGAR", "status": 200, "latency_ms": 2445.0, "has_data": false, "synthetic": false}
{"system": "webposto", "endpoint": "/INTEGRACAO/TITULO_PAGAR", "status": 200, "latency_ms": 2054.96, "has_data": false, "synthetic": false}
{"system": "webposto", "endpoint": "/INTEGRACAO/TITULO_PAGAR", "status": 200, "latency_ms": 502.8, "has_data": false, "synthetic": false}
{"system": "webposto", "endpoint": "/INTEGRACAO/TITULO_PAGAR", "status": 200, "latency_ms": 3239.91, "has_data": false, "synthetic": false}
{"system": "webposto", "endpoint": "/INTEGRACAO/TITULO_PAGAR", "status": 200, "latency_ms": 3632.48, "has_data": false, "synthetic": false}
{"system": "webposto", "endpoint": "/INTEGRACAO/TITULO_PAGAR", "status": 200, "latency_ms": 2850.88, "has_data": false, "synthetic": false}
{"system": "webposto", "endpoint": "/INTEGRACAO/TITULO_PAGAR", "status": 200, "latency_ms": 4535.49, "has_data": true, "synthetic": false}
{"system": "webposto", "endpoint": "/INTEGRACAO/MOVIMENTO_CONTA", "status": 200, "latency_ms": 2169.23, "has_data": true, "synthetic": false}
{"system": "webposto", "endpoint": "/INTEGRACAO/TRANSFERENCIA_BANCARIA", "status": 200, "latency_ms": 4418.19, "has_data": true, "synthetic": false}
{"system": "webposto", "endpoint": "/INTEGRACAO/CONSULTAR_DESPESAS_FINANCEIRO_REDE", "status": 200, "latency_ms": 2148.92, "has_data": true, "synthetic": false}
{"system": "webposto", "endpoint": "/INTEGRACAO/CONSULTAR_CAIXA_APRESENTADO_REDE", "status": 200, "latency_ms": 432.04, "has_data": false, "synthetic": false}
{"system": "webposto", "endpoint": "/INTEGRACAO/CONSULTAR_CAIXA_REDE", "status": 200, "latency_ms": 1652.0, "has_data": true, "synthetic": false}
{"system": "webposto", "endpoint": "/INTEGRACAO/CAIXA", "status": 200, "latency_ms": 1694.91, "has_data": true, "synthetic": false}
{"system": "webposto", "endpoint": "/INTEGRACAO/CAIXA_APRESENTADO", "status": 200, "latency_ms": 1306.54, "has_data": true, "synthetic": false}
{"system": "webposto", "endpoint": "/INTEGRACAO/CONSULTAR_CAIXA_REDE", "status": 200, "latency_ms": 339.49, "has_data": true, "synthetic": false}
{"system": "webposto", "endpoint": "/INTEGRACAO/CONSULTAR_CAIXA_REDE", "status": 200, "latency_ms": 372.87, "has_data": true, "synthetic": false}
{"system": "webposto", "endpoint": "/INTEGRACAO/CONSULTAR_CAIXA_REDE", "status": 200, "latency_ms": 418.5, "has_data": true, "synthetic": false}
{"system": "webposto", "endpoint": "/INTEGRACAO/CONSULTAR_CAIXA_REDE", "status": 200, "latency_ms": 336.52, "has_data": true, "synthetic": false}
{"system": "webposto", "endpoint": "/INTEGRACAO/CONSULTAR_CAIXA_REDE", "status": 200, "latency_ms": 337.42, "has_data": true, "synthetic": false}
{"system": "webposto", "endpoint": "/INTEGRACAO/CONSULTAR_CAIXA_REDE", "status": 200, "latency_ms": 348.5, "has_data": true, "synthetic": false}
{"system": "webposto", "endpoint": "/INTEGRACAO/CONSULTAR_CAIXA_REDE", "status": 200, "latency_ms": 363.26, "has_data": true, "synthetic": false}
{"system": "webposto", "endpoint": "/INTEGRACAO/CONSULTAR_CAIXA_REDE", "status": 200, "latency_ms": 346.82, "has_data": true, "synthetic": false}
{"system": "webposto", "endpoint": "/INTEGRACAO/CONSULTAR_CAIXA_REDE", "status": 200, "latency_ms": 348.0, "has_data": true, "synthetic": false}
{"system": "webposto", "endpoint": "/INTEGRACAO/CONSULTAR_CAIXA_REDE", "status": 200, "latency_ms": 354.92, "has_data": true, "synthetic": false}
{"system": "webposto", "endpoint": "/INTEGRACAO/CONSULTAR_CAIXA_REDE", "status": 200, "latency_ms": 366.35, "has_data": true, "synthetic": false}
{"system": "webposto", "endpoint": "/INTEGRACAO/CONSULTAR_CAIXA_REDE", "status": 200, "latency_ms": 337.0, "has_data": true, "synthetic": false}
{"system": "webposto", "endpoint": "/INTEGRACAO/CONSULTAR_CAIXA_REDE", "status": 200, "latency_ms": 339.31, "has_data": true, "synthetic": false}
{"system": "webposto", "endpoint": "/INTEGRACAO/CONSULTAR_CAIXA_REDE", "status": 200, "latency_ms": 355.58, "has_data": true, "synthetic": false}
{"system": "webposto", "endpoint": "/INTEGRACAO/CONSULTAR_DESPESAS_FINANCEIRO_REDE", "status": 200, "latency_ms": 4299.94, "has_data": true, "synthetic": false}
{"system": "webposto", "endpoint": "/INTEGRACAO/CONSULTAR_CAIXA_APRESENTADO_REDE", "status": 200, "latency_ms": 341.35, "has_data": false, "synthetic": false}
{"system": "webposto", "endpoint": "/INTEGRACAO/CONSULTAR_CAIXA_REDE", "status": 200, "latency_ms": 1604.4, "has_data": true, "synthetic": false}
{"system": "webposto", "endpoint": "/INTEGRACAO/CAIXA", "status": 200, "latency_ms": 1619.94, "has_data": true, "synthetic": false}
{"system": "webposto", "endpoint": "/INTEGRACAO/CAIXA_APRESENTADO", "status": 200, "latency_ms": 1208.26, "has_data": true, "synthetic": false}
{"system": "webposto", "endpoint": "/INTEGRACAO/CONSULTAR_CAIXA_REDE", "status": 200, "latency_ms": 363.66, "has_data": true, "synthetic": false}
{"system": "webposto", "endpoint": "/INTEGRACAO/CONSULTAR_CAIXA_REDE", "status": 200, "latency_ms": 336.4, "has_data": true, "synthetic": false}
{"system": "webposto", "endpoint": "/INTEGRACAO/CONSULTAR_CAIXA_REDE", "status": 200, "latency_ms": 408.26, "has_data": true, "synthetic": false}
{"system": "webposto", "endpoint": "/INTEGRACAO/CONSULTAR_CAIXA_REDE", "status": 200, "latency_ms": 421.17, "has_data": true, "synthetic": false}
{"system": "webposto", "endpoint": "/INTEGRACAO/CONSULTAR_CAIXA_REDE", "status": 200, "latency_ms": 334.25, "has_data": true, "synthetic": false}
{"system": "webposto", "endpoint": "/INTEGRACAO/CONSULTAR_CAIXA_REDE", "status": 200, "latency_ms": 341.08, "has_data": true, "synthetic": false}
{"system": "webposto", "endpoint": "/INTEGRACAO/CONSULTAR_CAIXA_REDE", "status": 200, "latency_ms": 341.01, "has_data": true, "synthetic": false}
{"system": "webposto", "endpoint": "/INTEGRACAO/CONSULTAR_CAIXA_REDE", "status": 200, "latency_ms": 339.39, "has_data": true, "synthetic": false}
{"system": "webposto", "endpoint": "/INTEGRACAO/CONSULTAR_CAIXA_REDE", "status": 200, "latency_ms": 349.27, "has_data": true, "synthetic": false}
{"system": "webposto", "endpoint": "/INTEGRACAO/CONSULTAR_CAIXA_REDE", "status": 200, "latency_ms": 338.23, "has_data": true, "synthetic": false}
{"system": "webposto", "endpoint": "/INTEGRACAO/CONSULTAR_CAIXA_REDE", "status": 200, "latency_ms": 355.89, "has_data": true, "synthetic": false}
{"system": "webposto", "endpoint": "/INTEGRACAO/CONSULTAR_CAIXA_REDE", "status": 200, "latency_ms": 345.26, "has_data": true, "synthetic": false}
{"system": "webposto", "endpoint": "/INTEGRACAO/CONSULTAR_CAIXA_REDE", "status": 200, "latency_ms": 353.74, "has_data": true, "synthetic": false}
{"system": "webposto", "endpoint": "/INTEGRACAO/CONSULTAR_CAIXA_REDE", "status": 200, "latency_ms": 340.27, "has_data": true, "synthetic": false}
{"system": "webposto", "endpoint": "/INTEGRACAO/EMPRESAS", "status": 200, "latency_ms": 327.38, "has_data": true, "synthetic": false}
{"system": "webposto", "endpoint": "/INTEGRACAO/TITULO_PAGAR", "status": 200, "latency_ms": 1687.69, "has_data": false, "synthetic": false}
{"system": "webposto", "endpoint": "/INTEGRACAO/TITULO_PAGAR", "status": 200, "latency_ms": 2082.03, "has_data": false, "synthetic": false}
{"system": "webposto", "endpoint": "/INTEGRACAO/TITULO_PAGAR", "status": 200, "latency_ms": 1281.22, "has_data": false, "synthetic": false}
{"system": "webposto", "endpoint": "/INTEGRACAO/TITULO_PAGAR", "status": 200, "latency_ms": 2524.59, "has_data": false, "synthetic": false}
{"system": "webposto", "endpoint": "/INTEGRACAO/TITULO_PAGAR", "status": 200, "latency_ms": 2962.09, "has_data": false, "synthetic": false}
{"system": "webposto", "endpoint": "/INTEGRACAO/TITULO_PAGAR", "status": 200, "latency_ms": 375.24, "has_data": false, "synthetic": false}
{"system": "webposto", "endpoint": "/INTEGRACAO/TITULO_PAGAR", "status": 200, "latency_ms": 3849.17, "has_data": false, "synthetic": false}
{"system": "webposto", "endpoint": "/INTEGRACAO/TITULO_PAGAR", "status": 200, "latency_ms": 3426.89, "has_data": false, "synthetic": false}
{"system": "webposto", "endpoint": "/INTEGRACAO/TITULO_PAGAR", "status": 200, "latency_ms": 811.69, "has_data": false, "synthetic": false}
{"system": "webposto", "endpoint": "/INTEGRACAO/TITULO_PAGAR", "status": 200, "latency_ms": 4399.21, "has_data": true, "synthetic": false}
{"system": "webposto", "endpoint": "/INTEGRACAO/TITULO_PAGAR", "status": 200, "latency_ms": 4807.73, "has_data": true, "synthetic": false}
{"system": "webposto", "endpoint": "/INTEGRACAO/MOVIMENTO_CONTA", "status": 200, "latency_ms": 5871.07, "has_data": true, "synthetic": false}
{"system": "webposto", "endpoint": "/INTEGRACAO/CONSULTAR_DESPESAS_FINANCEIRO_REDE", "status": 200, "latency_ms": 815.56, "has_data": true, "synthetic": false}
{"system": "webposto", "endpoint": "/INTEGRACAO/CONSULTAR_CAIXA_APRESENTADO_REDE", "status": 200, "latency_ms": 320.21, "has_data": false, "synthetic": false}
{"system": "webposto", "endpoint": "/INTEGRACAO/CONSULTAR_CAIXA_REDE", "status": 200, "latency_ms": 1504.44, "has_data": true, "synthetic": false}
{"system": "webposto", "endpoint": "/INTEGRACAO/CAIXA_APRESENTADO", "status": 200, "latency_ms": 1130.25, "has_data": true, "synthetic": false}
{"system": "webposto", "endpoint": "/INTEGRACAO/CAIXA", "status": 200, "latency_ms": 1523.12, "has_data": true, "synthetic": false}
{"system": "webposto", "endpoint": "/INTEGRACAO/CONSULTAR_CAIXA_REDE", "status": 200, "latency_ms": 333.27, "has_data": true, "synthetic": false}
{"system": "webposto", "endpoint": "/INTEGRACAO/CONSULTAR_CAIXA_REDE", "status": 200, "latency_ms": 322.03, "has_data": true, "synthetic": false}
{"system": "webposto", "endpoint": "/INTEGRACAO/CONSULTAR_CAIXA_REDE", "status": 200, "latency_ms": 373.5, "has_data": true, "synthetic": false}
{"system": "webposto", "endpoint": "/INTEGRACAO/CONSULTAR_CAIXA_REDE", "status": 200, "latency_ms": 329.74, "has_data": true, "synthetic": false}
{"system": "webposto", "endpoint": "/INTEGRACAO/CONSULTAR_CAIXA_REDE", "status": 200, "latency_ms": 325.4, "has_data": true, "synthetic": false}
{"system": "webposto", "endpoint": "/INTEGRACAO/CONSULTAR_CAIXA_REDE", "status": 200, "latency_ms": 339.92, "has_data": true, "synthetic": false}
{"system": "webposto", "endpoint": "/INTEGRACAO/CONSULTAR_CAIXA_REDE", "status": 200, "latency_ms": 318.35, "has_data": true, "synthetic": false}
{"system": "webposto", "endpoint": "/INTEGRACAO/CONSULTAR_CAIXA_REDE", "status": 200, "latency_ms": 323.16, "has_data": true, "synthetic": false}
{"system": "webposto", "endpoint": "/INTEGRACAO/CONSULTAR_CAIXA_REDE", "status": 200, "latency_ms": 320.41, "has_data": true, "synthetic": false}
{"system": "webposto", "endpoint": "/INTEGRACAO/CONSULTAR_CAIXA_REDE", "status": 200, "latency_ms": 332.78, "has_data": true, "synthetic": false}
{"system": "webposto", "endpoint": "/INTEGRACAO/CONSULTAR_CAIXA_REDE", "status": 200, "latency_ms": 354.55, "has_data": true, "synthetic": false}
{"system": "webposto", "endpoint": "/INTEGRACAO/CONSULTAR_CAIXA_REDE", "status": 200, "latency_ms": 322.71, "has_data": true, "synthetic": false}
{"system": "webposto", "endpoint": "/INTEGRACAO/CONSULTAR_CAIXA_REDE", "status": 200, "latency_ms": 316.14, "has_data": true, "synthetic": false}
{"system": "webposto", "endpoint": "/INTEGRACAO/CONSULTAR_CAIXA_REDE", "status": 200, "latency_ms": 328.65, "has_data": true, "synthetic": false}
{"system": "webposto", "endpoint": "/INTEGRACAO/EMPRESAS", "status": 200, "latency_ms": 322.18, "has_data": true, "synthetic": false}
{"system": "webposto", "endpoint": "/INTEGRACAO/TITULO_PAGAR", "status": 200, "latency_ms": 377.6, "has_data": true, "synthetic": false}
{"system": "webposto", "endpoint": "/INTEGRACAO/MOVIMENTO_CONTA", "status": 200, "latency_ms": 460.41, "has_data": true, "synthetic": false}
{"system": "webposto", "endpoint": "/INTEGRACAO/TRANSFERENCIA_BANCARIA", "status": 200, "latency_ms": 1982.36, "has_data": true, "synthetic": false}
{"system": "webposto", "endpoint": "/INTEGRACAO/CONSULTAR_DESPESAS_FINANCEIRO_REDE", "status": 200, "latency_ms": 448.71, "has_data": true, "synthetic": false}
{"system": "webposto", "endpoint": "/INTEGRACAO/CONSULTAR_CAIXA_APRESENTADO_REDE", "status": 200, "latency_ms": 354.16, "has_data": false, "synthetic": false}
{"system": "webposto", "endpoint": "/INTEGRACAO/CONSULTAR_CAIXA_REDE", "status": 200, "latency_ms": 1671.08, "has_data": true, "synthetic": false}
{"system": "webposto", "endpoint": "/INTEGRACAO/CAIXA", "status": 200, "latency_ms": 1245.2, "has_data": true, "synthetic": false}
{"system": "webposto", "endpoint": "/INTEGRACAO/CAIXA_APRESENTADO", "status": 200, "latency_ms": 1276.2, "has_data": true, "synthetic": false}
{"system": "webposto", "endpoint": "/INTEGRACAO/CONSULTAR_CAIXA_REDE", "status": 200, "latency_ms": 325.54, "has_data": true, "synthetic": false}
{"system": "webposto", "endpoint": "/INTEGRACAO/CONSULTAR_CAIXA_REDE", "status": 200, "latency_ms": 337.27, "has_data": true, "synthetic": false}
{"system": "webposto", "endpoint": "/INTEGRACAO/CONSULTAR_CAIXA_REDE", "status": 200, "latency_ms": 349.8, "has_data": true, "synthetic": false}
{"system": "webposto", "endpoint": "/INTEGRACAO/CONSULTAR_CAIXA_REDE", "status": 200, "latency_ms": 325.77, "has_data": true, "synthetic": false}
{"system": "webposto", "endpoint": "/INTEGRACAO/CONSULTAR_CAIXA_REDE", "status": 200, "latency_ms": 329.3, "has_data": true, "synthetic": false}
{"system": "webposto", "endpoint": "/INTEGRACAO/CONSULTAR_CAIXA_REDE", "status": 200, "latency_ms": 346.97, "has_data": true, "synthetic": false}
{"system": "webposto", "endpoint": "/INTEGRACAO/CONSULTAR_CAIXA_REDE", "status": 200, "latency_ms": 340.98, "has_data": true, "synthetic": false}
{"system": "webposto", "endpoint": "/INTEGRACAO/CONSULTAR_CAIXA_REDE", "status": 200, "latency_ms": 317.98, "has_data": true, "synthetic": false}
{"system": "webposto", "endpoint": "/INTEGRACAO/CONSULTAR_CAIXA_REDE", "status": 200, "latency_ms": 317.96, "has_data": true, "synthetic": false}
{"system": "webposto", "endpoint": "/INTEGRACAO/CONSULTAR_CAIXA_REDE", "status": 200, "latency_ms": 323.39, "has_data": true, "synthetic": false}
{"system": "webposto", "endpoint": "/INTEGRACAO/CONSULTAR_CAIXA_REDE", "status": 200, "latency_ms": 365.7, "has_data": true, "synthetic": false}
{"system": "webposto", "endpoint": "/INTEGRACAO/CONSULTAR_CAIXA_REDE", "status": 200, "latency_ms": 339.73, "has_data": true, "synthetic": false}
{"system": "webposto", "endpoint": "/INTEGRACAO/CONSULTAR_CAIXA_REDE", "status": 200, "latency_ms": 375.57, "has_data": true, "synthetic": false}
{"system": "webposto", "endpoint": "/INTEGRACAO/CONSULTAR_CAIXA_REDE", "status": 200, "latency_ms": 314.46, "has_data": true, "synthetic": false}
{"system": "webposto", "endpoint": "/INTEGRACAO/CONSULTAR_DESPESAS_FINANCEIRO_REDE", "status": 200, "latency_ms": 382.1, "has_data": true, "synthetic": false}
{"system": "webposto", "endpoint": "/INTEGRACAO/CONSULTAR_CAIXA_APRESENTADO_REDE", "status": 200, "latency_ms": 325.55, "has_data": false, "synthetic": false}
{"system": "webposto", "endpoint": "/INTEGRACAO/CAIXA", "status": 200, "latency_ms": 750.45, "has_data": true, "synthetic": false}
{"system": "webposto", "endpoint": "/INTEGRACAO/CAIXA_APRESENTADO", "status": 200, "latency_ms": 553.09, "has_data": true, "synthetic": false}
{"system": "webposto", "endpoint": "/INTEGRACAO/CONSULTAR_CAIXA_REDE", "status": 200, "latency_ms": 1011.76, "has_data": true, "synthetic": false}
{"system": "webposto", "endpoint": "/INTEGRACAO/CONSULTAR_CAIXA_REDE", "status": 200, "latency_ms": 335.0, "has_data": true, "synthetic": false}
{"system": "webposto", "endpoint": "/INTEGRACAO/CONSULTAR_CAIXA_REDE", "status": 200, "latency_ms": 330.95, "has_data": true, "synthetic": false}
{"system": "webposto", "endpoint": "/INTEGRACAO/CONSULTAR_CAIXA_REDE", "status": 200, "latency_ms": 346.25, "has_data": true, "synthetic": false}
{"system": "webposto", "endpoint": "/INTEGRACAO/CONSULTAR_CAIXA_REDE", "status": 200, "latency_ms": 345.97, "has_data": true, "synthetic": false}
{"system": "webposto", "endpoint": "/INTEGRACAO/CONSULTAR_CAIXA_REDE", "status": 200, "latency_ms": 331.95, "has_data": true, "synthetic": false}
{"system": "webposto", "endpoint": "/INTEGRACAO/CONSULTAR_CAIXA_REDE", "status": 200, "latency_ms": 365.35, "has_data": true, "synthetic": false}
{"system": "webposto", "endpoint": "/INTEGRACAO/CONSULTAR_CAIXA_REDE", "status": 200, "latency_ms": 353.62, "has_data": true, "synthetic": false}
{"system": "webposto", "endpoint": "/INTEGRACAO/CONSULTAR_CAIXA_REDE", "status": 200, "latency_ms": 340.82, "has_data": true, "synthetic": false}
{"system": "webposto", "endpoint": "/INTEGRACAO/CONSULTAR_CAIXA_REDE", "status": 200, "latency_ms": 332.16, "has_data": true, "synthetic": false}
{"system": "webposto", "endpoint": "/INTEGRACAO/CONSULTAR_CAIXA_REDE", "status": 200, "latency_ms": 322.22, "has_data": true, "synthetic": false}
{"system": "webposto", "endpoint": "/INTEGRACAO/CONSULTAR_CAIXA_REDE", "status": 200, "latency_ms": 408.61, "has_data": true, "synthetic": false}
{"system": "webposto", "endpoint": "/INTEGRACAO/CONSULTAR_CAIXA_REDE", "status": 200, "latency_ms": 334.78, "has_data": true, "synthetic": false}
{"system": "webposto", "endpoint": "/INTEGRACAO/CONSULTAR_CAIXA_REDE", "status": 200, "latency_ms": 363.84, "has_data": true, "synthetic": false}
{"system": "webposto", "endpoint": "/INTEGRACAO/CONSULTAR_CAIXA_REDE", "status": 200, "latency_ms": 329.32, "has_data": true, "synthetic": false}
{"system": "webposto", "endpoint": "/INTEGRACAO/CONSULTAR_DESPESAS_FINANCEIRO_REDE", "status": 200, "latency_ms": 27092.47, "has_data": true, "synthetic": false}
{"system": "webposto", "endpoint": "/INTEGRACAO/CONSULTAR_CAIXA_APRESENTADO_REDE", "status": 200, "latency_ms": 339.53, "has_data": false, "synthetic": false}
{"system": "webposto", "endpoint": "/INTEGRACAO/CAIXA", "status": 200, "latency_ms": 1318.63, "has_data": true, "synthetic": false}
{"system": "webposto", "endpoint": "/INTEGRACAO/CONSULTAR_CAIXA_REDE", "status": 200, "latency_ms": 1776.88, "has_data": true, "synthetic": false}
{"system": "webposto", "endpoint": "/INTEGRACAO/CAIXA_APRESENTADO", "status": 200, "latency_ms": 1356.3, "has_data": true, "synthetic": false}
{"system": "webposto", "endpoint": "/INTEGRACAO/CONSULTAR_CAIXA_REDE", "status": 200, "latency_ms": 336.97, "has_data": true, "synthetic": false}
{"system": "webposto", "endpoint": "/INTEGRACAO/CONSULTAR_CAIXA_REDE", "status": 200, "latency_ms": 347.54, "has_data": true, "synthetic": false}
{"system": "webposto", "endpoint": "/INTEGRACAO/CONSULTAR_CAIXA_REDE", "status": 200, "latency_ms": 344.93, "has_data": true, "synthetic": false}
{"system": "webposto", "endpoint": "/INTEGRACAO/CONSULTAR_CAIXA_REDE", "status": 200, "latency_ms": 343.54, "has_data": true, "synthetic": false}
{"system": "webposto", "endpoint": "/INTEGRACAO/CONSULTAR_CAIXA_REDE", "status": 200, "latency_ms": 673.49, "has_data": true, "synthetic": false}
{"system": "webposto", "endpoint": "/INTEGRACAO/CONSULTAR_CAIXA_REDE", "status": 200, "latency_ms": 354.53, "has_data": true, "synthetic": false}
{"system": "webposto", "endpoint": "/INTEGRACAO/CONSULTAR_CAIXA_REDE", "status": 200, "latency_ms": 408.97, "has_data": true, "synthetic": false}
{"system": "webposto", "endpoint": "/INTEGRACAO/CONSULTAR_CAIXA_REDE", "status": 200, "latency_ms": 337.9, "has_data": true, "synthetic": false}
{"system": "webposto", "endpoint": "/INTEGRACAO/CONSULTAR_CAIXA_REDE", "status": 200, "latency_ms": 333.5, "has_data": true, "synthetic": false}
{"system": "webposto", "endpoint": "/INTEGRACAO/CONSULTAR_CAIXA_REDE", "status": 200, "latency_ms": 341.42, "has_data": true, "synthetic": false}
{"system": "webposto", "endpoint": "/INTEGRACAO/CONSULTAR_CAIXA_REDE", "status": 200, "latency_ms": 328.41, "has_data": true, "synthetic": false}
{"system": "webposto", "endpoint": "/INTEGRACAO/CONSULTAR_CAIXA_REDE", "status": 200, "latency_ms": 352.89, "has_data": true, "synthetic": false}
{"system": "webposto", "endpoint": "/INTEGRACAO/CONSULTAR_CAIXA_REDE", "status": 200, "latency_ms": 341.1, "has_data": true, "synthetic": false}
{"system": "webposto", "endpoint": "/INTEGRACAO/CONSULTAR_CAIXA_REDE", "status": 200, "latency_ms": 331.68, "has_data": true, "synthetic": false}
{"system": "webposto", "endpoint": "/INTEGRACAO/EMPRESAS", "status": 200, "latency_ms": 328.27, "has_data": true, "synthetic": false}
{"system": "webposto", "endpoint": "/INTEGRACAO/TITULO_PAGAR", "status": 200, "latency_ms": 3367.92, "has_data": false, "synthetic": false}
{"system": "webposto", "endpoint": "/INTEGRACAO/TITULO_PAGAR", "status": 200, "latency_ms": 850.73, "has_data": false, "synthetic": false}
{"system": "webposto", "endpoint": "/INTEGRACAO/TITULO_PAGAR", "status": 200, "latency_ms": 1267.65, "has_data": false, "synthetic": false}
{"system": "webposto", "endpoint": "/INTEGRACAO/TITULO_PAGAR", "status": 200, "latency_ms": 3801.98, "has_data": false, "synthetic": false}
{"system": "webposto", "endpoint": "/INTEGRACAO/TITULO_PAGAR", "status": 200, "latency_ms": 1693.83, "has_data": false, "synthetic": false}
{"system": "webposto", "endpoint": "/INTEGRACAO/TITULO_PAGAR", "status": 200, "latency_ms": 2955.91, "has_data": false, "synthetic": false}
{"system": "webposto", "endpoint": "/INTEGRACAO/TITULO_PAGAR", "status": 200, "latency_ms": 2543.77, "has_data": false, "synthetic": false}
{"system": "webposto", "endpoint": "/INTEGRACAO/TITULO_PAGAR", "status": 200, "latency_ms": 2135.6, "has_data": false, "synthetic": false}
{"system": "webposto", "endpoint": "/INTEGRACAO/TITULO_PAGAR", "status": 200, "latency_ms": 433.85, "has_data": false, "synthetic": false}
{"system": "webposto", "endpoint": "/INTEGRACAO/TITULO_PAGAR", "status": 200, "latency_ms": 4381.27, "has_data": true, "synthetic": false}
{"system": "webposto", "endpoint": "/INTEGRACAO/TITULO_PAGAR", "status": 200, "latency_ms": 4873.09, "has_data": true, "synthetic": false}
{"system": "webposto", "endpoint": "/INTEGRACAO/MOVIMENTO_CONTA", "status": 200, "latency_ms": 5276.79, "has_data": true, "synthetic": false}
{"system": "webposto", "endpoint": "/INTEGRACAO/CONSULTAR_DESPESAS_FINANCEIRO_REDE", "status": 200, "latency_ms": 25066.34, "has_data": true, "synthetic": false}
{"system": "webposto", "endpoint": "/INTEGRACAO/CONSULTAR_CAIXA_APRESENTADO_REDE", "status": 200, "latency_ms": 341.95, "has_data": false, "synthetic": false}
{"system": "webposto", "endpoint": "/INTEGRACAO/CAIXA", "status": 200, "latency_ms": 931.54, "has_data": true, "synthetic": false}
{"system": "webposto", "endpoint": "/INTEGRACAO/CONSULTAR_CAIXA_REDE", "status": 200, "latency_ms": 1165.62, "has_data": true, "synthetic": false}
{"system": "webposto", "endpoint": "/INTEGRACAO/CAIXA_APRESENTADO", "status": 200, "latency_ms": 954.98, "has_data": true, "synthetic": false}
{"system": "webposto", "endpoint": "/INTEGRACAO/CONSULTAR_CAIXA_REDE", "status": 200, "latency_ms": 340.94, "has_data": true, "synthetic": false}
{"system": "webposto", "endpoint": "/INTEGRACAO/CONSULTAR_CAIXA_REDE", "status": 200, "latency_ms": 334.43, "has_data": true, "synthetic": false}
{"system": "webposto", "endpoint": "/INTEGRACAO/CONSULTAR_CAIXA_REDE", "status": 200, "latency_ms": 340.13, "has_data": true, "synthetic": false}
{"system": "webposto", "endpoint": "/INTEGRACAO/CONSULTAR_CAIXA_REDE", "status": 200, "latency_ms": 351.92, "has_data": true, "synthetic": false}
{"system": "webposto", "endpoint": "/INTEGRACAO/CONSULTAR_CAIXA_REDE", "status": 200, "latency_ms": 342.93, "has_data": true, "synthetic": false}
{"system": "webposto", "endpoint": "/INTEGRACAO/CONSULTAR_CAIXA_REDE", "status": 200, "latency_ms": 333.25, "has_data": true, "synthetic": false}
{"system": "webposto", "endpoint": "/INTEGRACAO/CONSULTAR_CAIXA_REDE", "status": 200, "latency_ms": 340.96, "has_data": true, "synthetic": false}
{"system": "webposto", "endpoint": "/INTEGRACAO/CONSULTAR_CAIXA_REDE", "status": 200, "latency_ms": 344.76, "has_data": true, "synthetic": false}
{"system": "webposto", "endpoint": "/INTEGRACAO/CONSULTAR_CAIXA_REDE", "status": 200, "latency_ms": 333.31, "has_data": true, "synthetic": false}
{"system": "webposto", "endpoint": "/INTEGRACAO/CONSULTAR_CAIXA_REDE", "status": 200, "latency_ms": 330.25, "has_data": true, "synthetic": false}
{"system": "webposto", "endpoint": "/INTEGRACAO/CONSULTAR_CAIXA_REDE", "status": 200, "latency_ms": 332.14, "has_data": true, "synthetic": false}
{"system": "webposto", "endpoint": "/INTEGRACAO/CONSULTAR_CAIXA_REDE", "status": 200, "latency_ms": 335.58, "has_data": true, "synthetic": false}
{"system": "webposto", "endpoint": "/INTEGRACAO/CONSULTAR_CAIXA_REDE", "status": 200, "latency_ms": 340.06, "has_data": true, "synthetic": false}
{"system": "webposto", "endpoint": "/INTEGRACAO/CONSULTAR_CAIXA_REDE", "status": 200, "latency_ms": 330.82, "has_data": true, "synthetic": false}
