{"system": "webposto", "endpoint": "/INTEGRACAO/CONSULTAR_VENDA_ITEM_REDE", "status": 401, "latency_ms": 442.28, "has_data": false, "synthetic": false, "check": "permission_discovery"}
{"system": "webposto", "endpoint": "/INTEGRACAO/PRODUTO_ESTOQUE", "status": 400, "latency_ms": 446.39, "has_data": true, "synthetic": false, "check": "permission_discovery"}
{"system": "webposto", "endpoint": "/INTEGRACAO/PRODUTO_EMPRESA_REDE", "status": 401, "latency_ms": 448.05, "has_data": false, "synthetic": false, "check": "permission_discovery"}
{"system": "webposto", "endpoint": "/INTEGRACAO/CAIXA_APRESENTADO", "status": 200, "latency_ms": 475.57, "has_data": true, "synthetic": false, "check": "permission_discovery"}
{"system": "webposto", "endpoint": "/INTEGRACAO/PRODUTO_COMBUSTIVEL", "status": 401, "latency_ms": 477.06, "has_data": false, "synthetic": false, "check": "permission_discovery"}
{"system": "webposto", "endpoint": "/INTEGRACAO/PRODUTO_REDE", "status": 401, "latency_ms": 479.48, "has_data": false, "synthetic": false, "check": "permission_discovery"}
{"system": "webposto", "endpoint": "/INTEGRACAO/CONSULTAR_CAIXA_APRESENTADO_REDE", "status": 200, "latency_ms": 487.19, "has_data": true, "synthetic": false, "check": "permission_discovery"}
{"system": "webposto", "endpoint": "/INTEGRACAO/CONSULTAR_VENDA_FORMA_PAGAMENTO_REDE", "status": 200, "latency_ms": 487.28, "has_data": true, "synthetic": false, "check": "permission_discovery"}
{"system": "webposto", "endpoint": "/INTEGRACAO/TITULO_RECEBER", "status": 200, "latency_ms": 497.08, "has_data": true, "synthetic": false, "check": "permission_discovery"}
{"system": "webposto", "endpoint": "/INTEGRACAO/CONTA", "status": 200, "latency_ms": 499.53, "has_data": true, "synthetic": false, "check": "permission_discovery"}
{"system": "webposto", "endpoint": "/INTEGRACAO/CONSULTAR_CAIXA_REDE", "status": 200, "latency_ms": 516.47, "has_data": true, "synthetic": false, "check": "permission_discovery"}
{"system": "webposto", "endpoint": "/INTEGRACAO/MOVIMENTO_CONTA", "status": 200, "latency_ms": 520.14, "has_data": true, "synthetic": false, "check": "permission_discovery"}
{"system": "webposto", "endpoint": "/INTEGRACAO/ABASTECIMENTO", "status": 200, "latency_ms": 541.84, "has_data": true, "synthetic": false, "check": "permission_discovery"}
{"system": "webposto", "endpoint": "/INTEGRACAO/EMPRESAS", "status": 200, "latency_ms": 541.8, "has_data": true, "synthetic": false, "check": "permission_discovery"}
{"system": "webposto", "endpoint": "/INTEGRACAO/VENDA", "status": 200, "latency_ms": 548.8, "has_data": true, "synthetic": false, "check": "permission_discovery"}
{"system": "webposto", "endpoint": "/INTEGRACAO/NFCE", "status": 200, "latency_ms": 555.22, "has_data": true, "synthetic": false, "check": "permission_discovery"}
{"system": "webposto", "endpoint": "/INTEGRACAO/CONSULTAR_LMC_REDE", "status": 200, "latency_ms": 559.14, "has_data": true, "synthetic": false, "check": "permission_discovery"}
{"system": "webposto", "endpoint": "/INTEGRACAO/CAIXA", "status": 200, "latency_ms": 565.72, "has_data": true, "synthetic": false, "check": "permission_discovery"}
{"system": "webposto", "endpoint": "/INTEGRACAO/VENDA_FORMA_PAGAMENTO", "status": 200, "latency_ms": 572.29, "has_data": true, "synthetic": false, "check": "permission_discovery"}
{"system": "webposto", "endpoint": "/INTEGRACAO/VENDA_ITEM", "status": 200, "latency_ms": 580.82, "has_data": true, "synthetic": false, "check": "permission_discovery"}
{"system": "webposto", "endpoint": "/INTEGRACAO/TANQUE", "status": 200, "latency_ms": 594.2, "has_data": true, "synthetic": false, "check": "permission_discovery"}
{"system": "webposto", "endpoint": "/INTEGRACAO/TITULO_PAGAR", "status": 200, "latency_ms": 623.44, "has_data": true, "synthetic": false, "check": "permission_discovery"}
{"system": "webposto", "endpoint": "/INTEGRACAO/CONSULTAR_DESPESAS_FINANCEIRO_REDE", "status": 200, "latency_ms": 642.07, "has_data": true, "synthetic": false, "check": "permission_discovery"}
{"system": "webposto", "endpoint": "/INTEGRACAO/PRODUTO_EMPRESA", "status": 200, "latency_ms": 715.52, "has_data": true, "synthetic": false, "check": "permission_discovery"}
{"system": "webposto", "endpoint": "/INTEGRACAO/PRODUTO", "status": 200, "latency_ms": 1218.02, "has_data": true, "synthetic": false, "check": "permission_discovery"}
{"system": "webposto", "endpoint": "/INTEGRACAO/ESTOQUE_PERIODO", "status": 200, "latency_ms": 3775.44, "has_data": true, "synthetic": false, "check": "permission_discovery"}
{"system": "webposto", "endpoint": "/INTEGRACAO/TRANSFERENCIA_BANCARIA", "status": 200, "latency_ms": 5166.85, "has_data": true, "synthetic": false, "check": "permission_discovery"}
{"system": "webposto", "endpoint": "/INTEGRACAO/CONSULTAR_ANALISE_VENDAS_COMBUSTIVEL", "status": 0, "latency_ms": 20342.85, "has_data": false, "synthetic": false, "check": "permission_discovery", "error": ""}
{"system": "webposto", "endpoint": "/INTEGRACAO/CONSULTAR_DESPESAS_FINANCEIRO_REDE", "status": 200, "latency_ms": 2234.62, "has_data": true, "synthetic": false}
{"system": "webposto", "endpoint": "/INTEGRACAO/CONSULTAR_CAIXA_APRESENTADO_REDE", "status": 200, "latency_ms": 325.85, "has_data": false, "synthetic": false}
{"system": "webposto", "endpoint": "/INTEGRACAO/CONSULTAR_CAIXA_REDE", "status": 200, "latency_ms": 991.35, "has_data": true, "synthetic": false}
{"system": "webposto", "endpoint": "/INTEGRACAO/CAIXA_APRESENTADO", "status": 200, "latency_ms": 755.2, "has_data": true, "synthetic": false}
{"system": "webposto", "endpoint": "/INTEGRACAO/CAIXA", "status": 200, "latency_ms": 973.63, "has_data": true, "synthetic": false}
{"system": "webposto", "endpoint": "/INTEGRACAO/CONSULTAR_CAIXA_REDE", "status": 200, "latency_ms": 325.69, "has_data": true, "synthetic": false}
{"system": "webposto", "endpoint": "/INTEGRACAO/CONSULTAR_CAIXA_REDE", "status": 200, "latency_ms": 323.81, "has_data": true, "synthetic": false}
{"system": "webposto", "endpoint": "/INTEGRACAO/CONSULTAR_CAIXA_REDE", "status": 200, "latency_ms": 328.4, "has_data": true, "synthetic": false}
{"system": "webposto", "endpoint": "/INTEGRACAO/CONSULTAR_CAIXA_REDE", "status": 200, "latency_ms": 306.9, "has_data": true, "synthetic": false}
{"system": "webposto", "endpoint": "/INTEGRACAO/CONSULTAR_CAIXA_REDE", "status": 200, "latency_ms": 325.03, "has_data": true, "synthetic": false}
{"system": "webposto", "endpoint": "/INTEGRACAO/CONSULTAR_CAIXA_REDE", "status": 200, "latency_ms": 365.47, "has_data": true, "synthetic": false}
{"system": "webposto", "endpoint": "/INTEGRACAO/CONSULTAR_CAIXA_REDE", "status": 200, "latency_ms": 317.62, "has_data": true, "synthetic": false}
{"system": "webposto", "endpoint": "/INTEGRACAO/CONSULTAR_CAIXA_REDE", "status": 200, "latency_ms": 319.5, "has_data": true, "synthetic": false}
{"system": "webposto", "endpoint": "/INTEGRACAO/CONSULTAR_CAIXA_REDE", "status": 200, "latency_ms": 325.89, "has_data": true, "synthetic": false}
{"system": "webposto", "endpoint": "/INTEGRACAO/CONSULTAR_CAIXA_REDE", "status": 200, "latency_ms": 325.56, "has_data": true, "synthetic": false}
{"system": "webposto", "endpoint": "/INTEGRACAO/CONSULTAR_CAIXA_REDE", "status": 200, "latency_ms": 314.68, "has_data": true, "synthetic": false}
{"system": "webposto", "endpoint": "/INTEGRACAO/CONSULTAR_CAIXA_REDE", "status": 200, "latency_ms": 317.87, "has_data": true, "synthetic": false}
{"system": "webposto", "endpoint": "/INTEGRACAO/CONSULTAR_CAIXA_REDE", "status": 200, "latency_ms": 321.05, "has_data": true, "synthetic": false}
{"system": "webposto", "endpoint": "/INTEGRACAO/CONSULTAR_CAIXA_REDE", "status": 200, "latency_ms": 328.55, "has_data": true, "synthetic": false}
{"system": "webposto", "endpoint": "/INTEGRACAO/EMPRESAS", "status": 200, "latency_ms": 325.69, "has_data": true, "synthetic": false}
{"system": "webposto", "endpoint": "/INTEGRACAO/TITULO_PAGAR", "status": 200, "latency_ms": 353.33, "has_data": false, "synthetic": false}
{"system": "webposto", "endpoint": "/INTEGRACAO/TITULO_PAGAR", "status": 200, "latency_ms": 1701.93, "has_data": false, "synthetic": false}
{"system": "webposto", "endpoint": "/INTEGRACAO/TITULO_PAGAR", "status": 200, "latency_ms": 1324.75, "has_data": false, "synthetic": false}
{"system": "webposto", "endpoint": "/INTEGRACAO/TITULO_PAGAR", "status": 200, "latency_ms": 747.96, "has_data": false, "synthetic": false}
{"system": "webposto", "endpoint": "/INTEGRACAO/TITULO_PAGAR", "status": 200, "latency_ms": 948.53, "has_data": false, "synthetic": false}
{"system": "webposto", "endpoint": "/INTEGRACAO/TITULO_PAGAR", "status": 200, "latency_ms": 1896.45, "has_data": false, "synthetic": false}
{"system": "webposto", "endpoint": "/INTEGRACAO/TITULO_PAGAR", "status": 200, "latency_ms": 574.28, "has_data": false, "synthetic": false}
{"system": "webposto", "endpoint": "/INTEGRACAO/TITULO_PAGAR", "status": 200, "latency_ms": 1153.6, "has_data": false, "synthetic": false}
{"system": "webposto", "endpoint": "/INTEGRACAO/TITULO_PAGAR", "status": 200, "latency_ms": 1540.86, "has_data": false, "synthetic": false}
{"system": "webposto", "endpoint": "/INTEGRACAO/TITULO_PAGAR", "status": 200, "latency_ms": 2114.26, "has_data": true, "synthetic": false}
{"system": "webposto", "endpoint": "/INTEGRACAO/TITULO_PAGAR", "status": 200, "latency_ms": 2308.21, "has_data": true, "synthetic": false}
{"system": "webposto", "endpoint": "/INTEGRACAO/MOVIMENTO_CONTA", "status": 200, "latency_ms": 701.53, "has_data": true, "synthetic": false}
{"system": "webposto", "endpoint": "/INTEGRACAO/TRANSFERENCIA_BANCARIA", "status": 200, "latency_ms": 782.97, "has_data": true, "synthetic": false}
{"system": "webposto", "endpoint": "/INTEGRACAO/CONSULTAR_DESPESAS_FINANCEIRO_REDE", "status": 200, "latency_ms": 554.81, "has_data": true, "synthetic": false}
{"system": "webposto", "endpoint": "/INTEGRACAO/CONSULTAR_CAIXA_APRESENTADO_REDE", "status": 200, "latency_ms": 319.36, "has_data": false, "synthetic": false}
{"system": "webposto", "endpoint": "/INTEGRACAO/CONSULTAR_CAIXA_REDE", "status": 200, "latency_ms": 873.11, "has_data": true, "synthetic": false}
{"system": "webposto", "endpoint": "/INTEGRACAO/CAIXA", "status": 200, "latency_ms": 882.8, "has_data": true, "synthetic": false}
{"system": "webposto", "endpoint": "/INTEGRACAO/CAIXA_APRESENTADO", "status": 200, "latency_ms": 704.77, "has_data": true, "synthetic": false}
{"system": "webposto", "endpoint": "/INTEGRACAO/CONSULTAR_CAIXA_REDE", "status": 200, "latency_ms": 321.35, "has_data": true, "synthetic": false}
{"system": "webposto", "endpoint": "/INTEGRACAO/CONSULTAR_CAIXA_REDE", "status": 200, "latency_ms": 315.94, "has_data": true, "synthetic": false}
{"system": "webposto", "endpoint": "/INTEGRACAO/CONSULTAR_CAIXA_REDE", "status": 200, "latency_ms": 318.55, "has_data": true, "synthetic": false}
{"system": "webposto", "endpoint": "/INTEGRACAO/CONSULTAR_CAIXA_REDE", "status": 200, "latency_ms": 316.13, "has_data": true, "synthetic": false}
{"system": "webposto", "endpoint": "/INTEGRACAO/CONSULTAR_CAIXA_REDE", "status": 200, "latency_ms": 323.0, "has_data": true, "synthetic": false}
{"system": "webposto", "endpoint": "/INTEGRACAO/CONSULTAR_CAIXA_REDE", "status": 200, "latency_ms": 315.37, "has_data": true, "synthetic": false}
{"system": "webposto", "endpoint": "/INTEGRACAO/CONSULTAR_CAIXA_REDE", "status": 200, "latency_ms": 323.69, "has_data": true, "synthetic": false}
{"system": "webposto", "endpoint": "/INTEGRACAO/CONSULTAR_CAIXA_REDE", "status": 200, "latency_ms": 305.69, "has_data": true, "synthetic": false}
{"system": "webposto", "endpoint": "/INTEGRACAO/CONSULTAR_CAIXA_REDE", "status": 200, "latency_ms": 325.05, "has_data": true, "synthetic": false}
{"system": "webposto", "endpoint": "/INTEGRACAO/CONSULTAR_CAIXA_REDE", "status": 200, "latency_ms": 315.78, "has_data": true, "synthetic": false}
{"system": "webposto", "endpoint": "/INTEGRACAO/CONSULTAR_CAIXA_REDE", "status": 200, "latency_ms": 317.19, "has_data": true, "synthetic": false}
{"system": "webposto", "endpoint": "/INTEGRACAO/CONSULTAR_CAIXA_REDE", "status": 200, "latency_ms": 319.52, "has_data": true, "synthetic": false}
{"system": "webposto", "endpoint": "/INTEGRACAO/CONSULTAR_CAIXA_REDE", "status": 200, "latency_ms": 318.73, "has_data": true, "synthetic": false}
{"system": "webposto", "endpoint": "/INTEGRACAO/CONSULTAR_CAIXA_REDE", "status": 200, "latency_ms": 320.23, "has_data": true, "synthetic": false}
{"system": "webposto", "endpoint": "/INTEGRACAO/CONSULTAR_DESPESAS_FINANCEIRO_REDE", "status": 200, "latency_ms": 8149.98, "has_data": true, "synthetic": false}
{"system": "webposto", "endpoint": "/INTEGRACAO/CONSULTAR_CAIXA_APRESENTADO_REDE", "status": 200, "latency_ms": 326.23, "has_data": false, "synthetic": false}
{"system": "webposto", "endpoint": "/INTEGRACAO/CAIXA", "status": 200, "latency_ms": 922.57, "has_data": true, "synthetic": false}
{"system": "webposto", "endpoint": "/INTEGRACAO/CONSULTAR_CAIXA_REDE", "status": 200, "latency_ms": 1175.25, "has_data": true, "synthetic": false}
{"system": "webposto", "endpoint": "/INTEGRACAO/CAIXA_APRESENTADO", "status": 200, "latency_ms": 941.12, "has_data": true, "synthetic": false}
{"system": "webposto", "endpoint": "/INTEGRACAO/CONSULTAR_CAIXA_REDE", "status": 200, "latency_ms": 326.67, "has_data": true, "synthetic": false}
{"system": "webposto", "endpoint": "/INTEGRACAO/CONSULTAR_CAIXA_REDE", "status": 200, "latency_ms": 321.82, "has_data": true, "synthetic": false}
{"system": "webposto", "endpoint": "/INTEGRACAO/CONSULTAR_CAIXA_REDE", "status": 200, "latency_ms": 322.99, "has_data": true, "synthetic": false}
{"system": "webposto", "endpoint": "/INTEGRACAO/CONSULTAR_CAIXA_REDE", "status": 200, "latency_ms": 321.6, "has_data": true, "synthetic": false}
{"system": "webposto", "endpoint": "/INTEGRACAO/CONSULTAR_CAIXA_REDE", "status": 200, "latency_ms": 330.25, "has_data": true, "synthetic": false}
{"system": "webposto", "endpoint": "/INTEGRACAO/CONSULTAR_CAIXA_REDE", "status": 200, "latency_ms": 326.36, "has_data": true, "synthetic": false}
{"system": "webposto", "endpoint": "/INTEGRACAO/CONSULTAR_CAIXA_REDE", "status": 200, "latency_ms": 398.14, "has_data": true, "synthetic": false}
{"system": "webposto", "endpoint": "/INTEGRACAO/CONSULTAR_CAIXA_REDE", "status": 200, "latency_ms": 330.4, "has_data": true, "synthetic": false}
{"system": "webposto", "endpoint": "/INTEGRACAO/CONSULTAR_CAIXA_REDE", "status": 200, "latency_ms": 323.37, "has_data": true, "synthetic": false}
{"system": "webposto", "endpoint": "/INTEGRACAO/CONSULTAR_CAIXA_REDE", "status": 200, "latency_ms": 334.32, "has_data": true, "synthetic": false}
{"system": "webposto", "endpoint": "/INTEGRACAO/CONSULTAR_CAIXA_REDE", "status": 200, "latency_ms": 326.39, "has_data": true, "synthetic": false}
{"system": "webposto", "endpoint": "/INTEGRACAO/CONSULTAR_CAIXA_REDE", "status": 200, "latency_ms": 375.25, "has_data": true, "synthetic": false}
{"system": "webposto", "endpoint": "/INTEGRACAO/CONSULTAR_CAIXA_REDE", "status": 200, "latency_ms": 316.33, "has_data": true, "synthetic": false}
{"system": "webposto", "endpoint": "/INTEGRACAO/CONSULTAR_CAIXA_REDE", "status": 200, "latency_ms": 415.62, "has_data": true, "synthetic": false}
{"system": "webposto", "endpoint": "/INTEGRACAO/EMPRESAS", "status": 200, "latency_ms": 323.64, "has_data": true, "synthetic": false}
{"system": "webposto", "endpoint": "/INTEGRACAO/TITULO_PAGAR", "status": 200, "latency_ms": 1509.52, "has_data": false, "synthetic": false}
{"system": "webposto", "endpoint": "/INTEGRACAO/TITULO_PAGAR", "status": 200, "latency_ms": 1967.18, "has_data": false, "synthetic": false}
{"system": "webposto", "endpoint": "/INTEGRACAO/TITULO_PAGAR", "status": 200, "latency_ms": 1124.92, "has_data": false, "synthetic": false}
{"system": "webposto", "endpoint": "/INTEGRACAO/TITULO_PAGAR", "status": 200, "latency_ms": 361.23, "has_data": false, "synthetic": false}
{"system": "webposto", "endpoint": "/INTEGRACAO/TITULO_PAGAR", "status": 200, "latency_ms": 1724.59, "has_data": false, "synthetic": false}
{"system": "webposto", "endpoint": "/INTEGRACAO/TITULO_PAGAR", "status": 200, "latency_ms": 552.19, "has_data": false, "synthetic": false}
{"system": "webposto", "endpoint": "/INTEGRACAO/TITULO_PAGAR", "status": 200, "latency_ms": 746.78, "has_data": false, "synthetic": false}
{"system": "webposto", "endpoint": "/INTEGRACAO/TITULO_PAGAR", "status": 200, "latency_ms": 975.04, "has_data": false, "synthetic": false}
{"system": "webposto", "endpoint": "/INTEGRACAO/TITULO_PAGAR", "status": 200, "latency_ms": 1362.98, "has_data": false, "synthetic": false}
{"system": "webposto", "endpoint": "/INTEGRACAO/TITULO_PAGAR", "status": 200, "latency_ms": 2253.68, "has_data": true, "synthetic": false}
{"system": "webposto", "endpoint": "/INTEGRACAO/TITULO_PAGAR", "status": 200, "latency_ms": 2480.18, "has_data": true, "synthetic": false}
{"system": "webposto", "endpoint": "/INTEGRACAO/MOVIMENTO_CONTA", "status": 200, "latency_ms": 1908.59, "has_data": true, "synthetic": false}
{"system": "webposto", "endpoint": "/INTEGRACAO/CONSULTAR_DESPESAS_FINANCEIRO_REDE", "status": 200, "latency_ms": 1317.5, "has_data": true, "synthetic": false}
{"system": "webposto", "endpoint": "/INTEGRACAO/CONSULTAR_CAIXA_APRESENTADO_REDE", "status": 200, "latency_ms": 313.15, "has_data": false, "synthetic": false}
{"system": "webposto", "endpoint": "/INTEGRACAO/CONSULTAR_CAIXA_REDE", "status": 200, "latency_ms": 929.27, "has_data": true, "synthetic": false}
{"system": "webposto", "endpoint": "/INTEGRACAO/CAIXA", "status": 200, "latency_ms": 940.19, "has_data": true, "synthetic": false}
{"system": "webposto", "endpoint": "/INTEGRACAO/CAIXA_APRESENTADO", "status": 200, "latency_ms": 747.12, "has_data": true, "synthetic": false}
{"system": "webposto", "endpoint": "/INTEGRACAO/CONSULTAR_CAIXA_REDE", "status": 200, "latency_ms": 339.61, "has_data": true, "synthetic": false}
{"system": "webposto", "endpoint": "/INTEGRACAO/CONSULTAR_CAIXA_REDE", "status": 200, "latency_ms": 331.26, "has_data": true, "synthetic": false}
{"system": "webposto", "endpoint": "/INTEGRACAO/CONSULTAR_CAIXA_REDE", "status": 200, "latency_ms": 325.5, "has_data": true, "synthetic": false}
{"system": "webposto", "endpoint": "/INTEGRACAO/CONSULTAR_CAIXA_REDE", "status": 200, "latency_ms": 327.33, "has_data": true, "synthetic": false}
{"system": "webposto", "endpoint": "/INTEGRACAO/CONSULTAR_CAIXA_REDE", "status": 200, "latency_ms": 325.91, "has_data": true, "synthetic": false}
{"system": "webposto", "endpoint": "/INTEGRACAO/CONSULTAR_CAIXA_REDE", "status": 200, "latency_ms": 324.49, "has_data": true, "synthetic": false}
{"system": "webposto", "endpoint": "/INTEGRACAO/CONSULTAR_CAIXA_REDE", "status": 200, "latency_ms": 331.79, "has_data": true, "synthetic": false}
{"system": "webposto", "endpoint": "/INTEGRACAO/CONSULTAR_CAIXA_REDE", "status": 200, "latency_ms": 330.06, "has_data": true, "synthetic": false}
{"system": "webposto", "endpoint": "/INTEGRACAO/CONSULTAR_CAIXA_REDE", "status": 200, "latency_ms": 325.42, "has_data": true, "synthetic": false}
{"system": "webposto", "endpoint": "/INTEGRACAO/CONSULTAR_CAIXA_REDE", "status": 200, "latency_ms": 333.29, "has_data": true, "synthetic": false}
{"system": "webposto", "endpoint": "/INTEGRACAO/CONSULTAR_CAIXA_REDE", "status": 200, "latency_ms": 314.84, "has_data": true, "synthetic": false}
{"system": "webposto", "endpoint": "/INTEGRACAO/CONSULTAR_CAIXA_REDE", "status": 200, "latency_ms": 309.78, "has_data": true, "synthetic": false}
{"system": "webposto", "endpoint": "/INTEGRACAO/CONSULTAR_CAIXA_REDE", "status": 200, "latency_ms": 315.23, "has_data": true, "synthetic": false}
{"system": "webposto", "endpoint": "/INTEGRACAO/CONSULTAR_CAIXA_REDE", "status": 200, "latency_ms": 332.65, "has_data": true, "synthetic": false}
{"system": "webposto", "endpoint": "/INTEGRACAO/CONSULTAR_DESPESAS_FINANCEIRO_REDE", "status": 200, "latency_ms": 17444.19, "has_data": true, "synthetic": false}
{"system": "webposto", "endpoint": "/INTEGRACAO/CONSULTAR_CAIXA_APRESENTADO_REDE", "status": 200, "latency_ms": 328.06, "has_data": false, "synthetic": false}
{"system": "webposto", "endpoint": "/INTEGRACAO/CAIXA", "status": 200, "latency_ms": 849.12, "has_data": true, "synthetic": false}
{"system": "webposto", "endpoint": "/INTEGRACAO/CONSULTAR_CAIXA_REDE", "status": 200, "latency_ms": 1048.98, "has_data": true, "synthetic": false}
{"system": "webposto", "endpoint": "/INTEGRACAO/CAIXA_APRESENTADO", "status": 200, "latency_ms": 837.28, "has_data": true, "synthetic": false}
{"system": "webposto", "endpoint": "/INTEGRACAO/CONSULTAR_CAIXA_REDE", "status": 200, "latency_ms": 340.1, "has_data": true, "synthetic": false}
{"system": "webposto", "endpoint": "/INTEGRACAO/CONSULTAR_CAIXA_REDE", "status": 200, "latency_ms": 333.05, "has_data": true, "synthetic": false}
{"system": "webposto", "endpoint": "/INTEGRACAO/CONSULTAR_CAIXA_REDE", "status": 200, "latency_ms": 334.46, "has_data": true, "synthetic": false}
{"system": "webposto", "endpoint": "/INTEGRACAO/CONSULTAR_CAIXA_REDE", "status": 200, "latency_ms": 322.78, "has_data": true, "synthetic": false}
{"system": "webposto", "endpoint": "/INTEGRACAO/CONSULTAR_CAIXA_REDE", "status": 200, "latency_ms": 334.54, "has_data": true, "synthetic": false}
{"system": "webposto", "endpoint": "/INTEGRACAO/CONSULTAR_CAIXA_REDE", "status": 200, "latency_ms": 336.34, "has_data": true, "synthetic": false}
{"system": "webposto", "endpoint": "/INTEGRACAO/CONSULTAR_CAIXA_REDE", "status": 200, "latency_ms": 335.61, "has_data": true, "synthetic": false}
{"system": "webposto", "endpoint": "/INTEGRACAO/CONSULTAR_CAIXA_REDE", "status": 200, "latency_ms": 333.11, "has_data": true, "synthetic": false}
{"system": "webposto", "endpoint": "/INTEGRACAO/CONSULTAR_CAIXA_REDE", "status": 200, "latency_ms": 337.18, "has_data": true, "synthetic": false}
{"system": "webposto", "endpoint": "/INTEGRACAO/CONSULTAR_CAIXA_REDE", "status": 200, "latency_ms": 342.79, "has_data": true, "synthetic": false}
{"system": "webposto", "endpoint": "/INTEGRACAO/CONSULTAR_CAIXA_REDE", "status": 200, "latency_ms": 323.57, "has_data": true, "synthetic": false}
{"system": "webposto", "endpoint": "/INTEGRACAO/CONSULTAR_CAIXA_REDE", "status": 200, "latency_ms": 350.55, "has_data": true, "synthetic": false}
{"system": "webposto", "endpoint": "/INTEGRACAO/CONSULTAR_CAIXA_REDE", "status": 200, "latency_ms": 330.39, "has_data": true, "synthetic": false}
{"system": "webposto", "endpoint": "/INTEGRACAO/CONSULTAR_CAIXA_REDE", "status": 200, "latency_ms": 334.15, "has_data": true, "synthetic": false}
{"system": "webposto", "endpoint": "/INTEGRACAO/EMPRESAS", "status": 200, "latency_ms": 324.36, "has_data": true, "synthetic": false}
{"system": "webposto", "endpoint": "/INTEGRACAO/TITULO_PAGAR", "status": 200, "latency_ms": 555.07, "has_data": false, "synthetic": false}
{"system": "webposto", "endpoint": "/INTEGRACAO/TITULO_PAGAR", "status": 200, "latency_ms": 2015.59, "has_data": false, "synthetic": false}
{"system": "webposto", "endpoint": "/INTEGRACAO/TITULO_PAGAR", "status": 200, "latency_ms": 1828.04, "has_data": false, "synthetic": false}
{"system": "webposto", "endpoint": "/INTEGRACAO/TITULO_PAGAR", "status": 200, "latency_ms": 346.97, "has_data": false, "synthetic": false}
{"system": "webposto", "endpoint": "/INTEGRACAO/TITULO_PAGAR", "status": 200, "latency_ms": 786.41, "has_data": false, "synthetic": false}
{"system": "webposto", "endpoint": "/INTEGRACAO/TITULO_PAGAR", "status": 200, "latency_ms": 1409.22, "has_data": false, "synthetic": false}
{"system": "webposto", "endpoint": "/INTEGRACAO/TITULO_PAGAR", "status": 200, "latency_ms": 975.61, "has_data": false, "synthetic": false}
{"system": "webposto", "endpoint": "/INTEGRACAO/TITULO_PAGAR", "status": 200, "latency_ms": 1194.9, "has_data": false, "synthetic": false}
{"system": "webposto", "endpoint": "/INTEGRACAO/TITULO_PAGAR", "status": 200, "latency_ms": 1601.29, "has_data": false, "synthetic": false}
{"system": "webposto", "endpoint": "/INTEGRACAO/TITULO_PAGAR", "status": 200, "latency_ms": 2326.78, "has_data": true, "synthetic": false}
{"system": "webposto", "endpoint": "/INTEGRACAO/TITULO_PAGAR", "status": 200, "latency_ms": 2580.4, "has_data": true, "synthetic": false}
{"system": "webposto", "endpoint": "/INTEGRACAO/MOVIMENTO_CONTA", "status": 200, "latency_ms": 2306.38, "has_data": true, "synthetic": false}
{"system": "webposto", "endpoint": "/INTEGRACAO/TRANSFERENCIA_BANCARIA", "status": 200, "latency_ms": 4922.53, "has_data": true, "synthetic": false}
{"system": "webposto", "endpoint": "/INTEGRACAO/CONSULTAR_DESPESAS_FINANCEIRO_REDE", "status": 200, "latency_ms": 2403.1, "has_data": true, "synthetic": false}
{"system": "webposto", "endpoint": "/INTEGRACAO/CONSULTAR_CAIXA_APRESENTADO_REDE", "status": 200, "latency_ms": 325.3, "has_data": false, "synthetic": false}
{"system": "webposto", "endpoint": "/INTEGRACAO/CAIXA", "status": 200, "latency_ms": 784.4, "has_data": true, "synthetic": false}
{"system": "webposto", "endpoint": "/INTEGRACAO/CONSULTAR_CAIXA_REDE", "status": 200, "latency_ms": 983.3, "has_data": true, "synthetic": false}
{"system": "webposto", "endpoint": "/INTEGRACAO/CAIXA_APRESENTADO", "status": 200, "latency_ms": 809.96, "has_data": true, "synthetic": false}
{"system": "webposto", "endpoint": "/INTEGRACAO/CONSULTAR_CAIXA_REDE", "status": 200, "latency_ms": 330.44, "has_data": true, "synthetic": false}
{"system": "webposto", "endpoint": "/INTEGRACAO/CONSULTAR_CAIXA_REDE", "status": 200, "latency_ms": 334.55, "has_data": true, "synthetic": false}
{"system": "webposto", "endpoint": "/INTEGRACAO/CONSULTAR_CAIXA_REDE", "status": 200, "latency_ms": 339.05, "has_data": true, "synthetic": false}
{"system": "webposto", "endpoint": "/INTEGRACAO/CONSULTAR_CAIXA_REDE", "status": 200, "latency_ms": 328.57, "has_data": true, "synthetic": false}
{"system": "webposto", "endpoint": "/INTEGRACAO/CONSULTAR_CAIXA_REDE", "status": 200, "latency_ms": 328.0, "has_data": true, "synthetic": false}
{"system": "webposto", "endpoint": "/INTEGRACAO/CONSULTAR_CAIXA_REDE", "status": 200, "latency_ms": 332.57, "has_data": true, "synthetic": false}
{"system": "webposto", "endpoint": "/INTEGRACAO/CONSULTAR_CAIXA_REDE", "status": 200, "latency_ms": 336.7, "has_data": true, "synthetic": false}
{"system": "webposto", "endpoint": "/INTEGRACAO/CONSULTAR_CAIXA_REDE", "status": 200, "latency_ms": 336.89, "has_data": true, "synthetic": false}
{"system": "webposto", "endpoint": "/INTEGRACAO/CONSULTAR_CAIXA_REDE", "status": 200, "latency_ms": 335.36, "has_data": true, "synthetic": false}
{"system": "webposto", "endpoint": "/INTEGRACAO/CONSULTAR_CAIXA_REDE", "status": 200, "latency_ms": 333.11, "has_data": true, "synthetic": false}
{"system": "webposto", "endpoint": "/INTEGRACAO/CONSULTAR_CAIXA_REDE", "status": 200, "latency_ms": 329.38, "has_data": true, "synthetic": false}
{"system": "webposto", "endpoint": "/INTEGRACAO/CONSULTAR_CAIXA_REDE", "status": 200, "latency_ms": 333.38, "has_data": true, "synthetic": false}
{"system": "webposto", "endpoint": "/INTEGRACAO/CONSULTAR_CAIXA_REDE", "status": 200, "latency_ms": 331.73, "has_data": true, "synthetic": false}
{"system": "webposto", "endpoint": "/INTEGRACAO/CONSULTAR_CAIXA_REDE", "status": 200, "latency_ms": 353.03, "has_data": true, "synthetic": false}
{"system": "webposto", "endpoint": "/INTEGRACAO/CONSULTAR_DESPESAS_FINANCEIRO_REDE", "status": 200, "latency_ms": 791.14, "has_data": true, "synthetic": false}
{"system": "webposto", "endpoint": "/INTEGRACAO/CONSULTAR_CAIXA_APRESENTADO_REDE", "status": 200, "latency_ms": 322.02, "has_data": false, "synthetic": false}
{"system": "webposto", "endpoint": "/INTEGRACAO/CONSULTAR_CAIXA_REDE", "status": 200, "latency_ms": 968.29, "has_data": true, "synthetic": false}
{"system": "webposto", "endpoint": "/INTEGRACAO/CAIXA_APRESENTADO", "status": 200, "latency_ms": 832.17, "has_data": true, "synthetic": false}
{"system": "webposto", "endpoint": "/INTEGRACAO/CAIXA", "status": 200, "latency_ms": 1027.67, "has_data": true, "synthetic": false}
{"system": "webposto", "endpoint": "/INTEGRACAO/CONSULTAR_CAIXA_REDE", "status": 200, "latency_ms": 323.76, "has_data": true, "synthetic": false}
{"system": "webposto", "endpoint": "/INTEGRACAO/CONSULTAR_CAIXA_REDE", "status": 200, "latency_ms": 314.83, "has_data": true, "synthetic": false}
{"system": "webposto", "endpoint": "/INTEGRACAO/CONSULTAR_CAIXA_REDE", "status": 200, "latency_ms": 327.0, "has_data": true, "synthetic": false}
{"system": "webposto", "endpoint": "/INTEGRACAO/CONSULTAR_CAIXA_REDE", "status": 200, "latency_ms": 324.47, "has_data": true, "synthetic": false}
{"system": "webposto", "endpoint": "/INTEGRACAO/CONSULTAR_CAIXA_REDE", "status": 200, "latency_ms": 358.04, "has_data": true, "synthetic": false}
{"system": "webposto", "endpoint": "/INTEGRACAO/CONSULTAR_CAIXA_REDE", "status": 200, "latency_ms": 319.67, "has_data": true, "synthetic": false}
{"system": "webposto", "endpoint": "/INTEGRACAO/CONSULTAR_CAIXA_REDE", "status": 200, "latency_ms": 328.93, "has_data": true, "synthetic": false}
{"system": "webposto", "endpoint": "/INTEGRACAO/CONSULTAR_CAIXA_REDE", "status": 200, "latency_ms": 321.47, "has_data": true, "synthetic": false}
{"system": "webposto", "endpoint": "/INTEGRACAO/CONSULTAR_CAIXA_REDE", "status": 200, "latency_ms": 319.07, "has_data": true, "synthetic": false}
{"system": "webposto", "endpoint": "/INTEGRACAO/CONSULTAR_CAIXA_REDE", "status": 200, "latency_ms": 326.42, "has_data": true, "synthetic": false}
{"system": "webposto", "endpoint": "/INTEGRACAO/CONSULTAR_CAIXA_REDE", "status": 200, "latency_ms": 320.53, "has_data": true, "synthetic": false}
{"system": "webposto", "endpoint": "/INTEGRACAO/CONSULTAR_CAIXA_REDE", "status": 200, "latency_ms": 326.64, "has_data": true, "synthetic": false}
{"system": "webposto", "endpoint": "/INTEGRACAO/CONSULTAR_CAIXA_REDE", "status": 200, "latency_ms": 358.47, "has_data": true, "synthetic": false}
{"system": "webposto", "endpoint": "/INTEGRACAO/CONSULTAR_CAIXA_REDE", "status": 200, "latency_ms": 317.74, "has_data": true, "synthetic": false}
{"system": "webposto", "endpoint": "/INTEGRACAO/EMPRESAS", "status": 200, "latency_ms": 316.97, "has_data": true, "synthetic": false}
{"system": "webposto", "endpoint": "/INTEGRACAO/TITULO_PAGAR", "status": 200, "latency_ms": 1293.59, "has_data": false, "synthetic": false}
{"system": "webposto", "endpoint": "/INTEGRACAO/TITULO_PAGAR", "status": 200, "latency_ms": 1689.3, "has_data": false, "synthetic": false}
{"system": "webposto", "endpoint": "/INTEGRACAO/TITULO_PAGAR", "status": 200, "latency_ms": 336.66, "has_data": false, "synthetic": false}
{"system": "webposto", "endpoint": "/INTEGRACAO/TITULO_PAGAR", "status": 200, "latency_ms": 1505.3, "has_data": false, "synthetic": false}
{"system": "webposto", "endpoint": "/INTEGRACAO/TITULO_PAGAR", "status": 200, "latency_ms": 923.59, "has_data": false, "synthetic": false}
{"system": "webposto", "endpoint": "/INTEGRACAO/TITULO_PAGAR", "status": 200, "latency_ms": 1114.66, "has_data": false, "synthetic": false}
{"system": "webposto", "endpoint": "/INTEGRACAO/TITULO_PAGAR", "status": 200, "latency_ms": 548.92, "has_data": false, "synthetic": false}
{"system": "webposto", "endpoint": "/INTEGRACAO/TITULO_PAGAR", "status": 200, "latency_ms": 736.64, "has_data": false, "synthetic": false}
{"system": "webposto", "endpoint": "/INTEGRACAO/TITULO_PAGAR", "status": 200, "latency_ms": 1893.06, "has_data": false, "synthetic": false}
{"system": "webposto", "endpoint": "/INTEGRACAO/TITULO_PAGAR", "status": 200, "latency_ms": 2092.02, "has_data": true, "synthetic": false}
{"system": "webposto", "endpoint": "/INTEGRACAO/TITULO_PAGAR", "status": 200, "latency_ms": 2303.58, "has_data": true, "synthetic": false}
{"system": "webposto", "endpoint": "/INTEGRACAO/MOVIMENTO_CONTA", "status": 200, "latency_ms": 693.05, "has_data": true, "synthetic": false}
{"system": "webposto", "endpoint": "/INTEGRACAO/TRANSFERENCIA_BANCARIA", "status": 200, "latency_ms": 712.75, "has_data": true, "synthetic": false}
{"system": "webposto", "endpoint": "/INTEGRACAO/CONSULTAR_DESPESAS_FINANCEIRO_REDE", "status": 200, "latency_ms": 613.63, "has_data": true, "synthetic": false}
{"system": "webposto", "endpoint": "/INTEGRACAO/CONSULTAR_CAIXA_REDE", "status": 200, "latency_ms": 954.82, "has_data": true, "synthetic": false}
{"system": "webposto", "endpoint": "/INTEGRACAO/CONSULTAR_CAIXA_APRESENTADO_REDE", "status": 200, "latency_ms": 515.7, "has_data": false, "synthetic": false}
{"system": "webposto", "endpoint": "/INTEGRACAO/CAIXA_APRESENTADO", "status": 200, "latency_ms": 722.46, "has_data": true, "synthetic": false}
{"system": "webposto", "endpoint": "/INTEGRACAO/CAIXA", "status": 200, "latency_ms": 959.17, "has_data": true, "synthetic": false}
{"system": "webposto", "endpoint": "/INTEGRACAO/CONSULTAR_CAIXA_REDE", "status": 200, "latency_ms": 329.2, "has_data": true, "synthetic": false}
{"system": "webposto", "endpoint": "/INTEGRACAO/CONSULTAR_CAIXA_REDE", "status": 200, "latency_ms": 313.11, "has_data": true, "synthetic": false}
{"system": "webposto", "endpoint": "/INTEGRACAO/CONSULTAR_CAIXA_REDE", "status": 200, "latency_ms": 314.13, "has_data": true, "synthetic": false}
{"system": "webposto", "endpoint": "/INTEGRACAO/CONSULTAR_CAIXA_REDE", "status": 200, "latency_ms": 316.81, "has_data": true, "synthetic": false}
{"system": "webposto", "endpoint": "/INTEGRACAO/CONSULTAR_CAIXA_REDE", "status": 200, "latency_ms": 331.76, "has_data": true, "synthetic": false}
{"system": "webposto", "endpoint": "/INTEGRACAO/CONSULTAR_CAIXA_REDE", "status": 200, "latency_ms": 316.33, "has_data": true, "synthetic": false}
{"system": "webposto", "endpoint": "/INTEGRACAO/CONSULTAR_CAIXA_REDE", "status": 200, "latency_ms": 318.69, "has_data": true, "synthetic": false}
{"system": "webposto", "endpoint": "/INTEGRACAO/CONSULTAR_CAIXA_REDE", "status": 200, "latency_ms": 317.43, "has_data": true, "synthetic": false}
{"system": "webposto", "endpoint": "/INTEGRACAO/CONSULTAR_CAIXA_REDE", "status": 200, "latency_ms": 316.84, "has_data": true, "synthetic": false}
{"system": "webposto", "endpoint": "/INTEGRACAO/CONSULTAR_CAIXA_REDE", "status": 200, "latency_ms": 316.07, "has_data": true, "synthetic": false}
{"system": "webposto", "endpoint": "/INTEGRACAO/CONSULTAR_CAIXA_REDE", "status": 200, "latency_ms": 315.75, "has_data": true, "synthetic": false}
{"system": "webposto", "endpoint": "/INTEGRACAO/CONSULTAR_CAIXA_REDE", "status": 200, "latency_ms": 306.59, "has_data": true, "synthetic": false}
{"system": "webposto", "endpoint": "/INTEGRACAO/CONSULTAR_CAIXA_REDE", "status": 200, "latency_ms": 318.72, "has_data": true, "synthetic": false}
{"system": "webposto", "endpoint": "/INTEGRACAO/CONSULTAR_CAIXA_REDE", "status": 200, "latency_ms": 313.33, "has_data": true, "synthetic": false}
{"system": "webposto", "endpoint": "/INTEGRACAO/EMPRESAS", "status": 200, "latency_ms": 315.35, "has_data": true, "synthetic": false}
{"system": "webposto", "endpoint": "/INTEGRACAO/CONSULTAR_DESPESAS_FINANCEIRO_REDE", "status": 200, "latency_ms": 605.0, "has_data": true, "synthetic": false}
{"system": "webposto", "endpoint": "/INTEGRACAO/CONSULTAR_CAIXA_APRESENTADO_REDE", "status": 200, "latency_ms": 324.44, "has_data": false, "synthetic": false}
{"system": "webposto", "endpoint": "/INTEGRACAO/CONSULTAR_CAIXA_REDE", "status": 200, "latency_ms": 932.01, "has_data": true, "synthetic": false}
{"system": "webposto", "endpoint": "/INTEGRACAO/CAIXA", "status": 200, "latency_ms": 995.2, "has_data": true, "synthetic": false}
{"system": "webposto", "endpoint": "/INTEGRACAO/CAIXA_APRESENTADO", "status": 200, "latency_ms": 805.37, "has_data": true, "synthetic": false}
{"system": "webposto", "endpoint": "/INTEGRACAO/CONSULTAR_CAIXA_REDE", "status": 200, "latency_ms": 316.92, "has_data": true, "synthetic": false}
{"system": "webposto", "endpoint": "/INTEGRACAO/CONSULTAR_CAIXA_REDE", "status": 200, "latency_ms": 319.51, "has_data": true, "synthetic": false}
{"system": "webposto", "endpoint": "/INTEGRACAO/CONSULTAR_CAIXA_REDE", "status": 200, "latency_ms": 315.82, "has_data": true, "synthetic": false}
{"system": "webposto", "endpoint": "/INTEGRACAO/CONSULTAR_CAIXA_REDE", "status": 200, "latency_ms": 317.62, "has_data": true, "synthetic": false}
{"system": "webposto", "endpoint": "/INTEGRACAO/CONSULTAR_CAIXA_REDE", "status": 200, "latency_ms": 316.45, "has_data": true, "synthetic": false}
{"system": "webposto", "endpoint": "/INTEGRACAO/CONSULTAR_CAIXA_REDE", "status": 200, "latency_ms": 320.86, "has_data": true, "synthetic": false}
{"system": "webposto", "endpoint": "/INTEGRACAO/CONSULTAR_CAIXA_REDE", "status": 200, "latency_ms": 325.14, "has_data": true, "synthetic": false}
{"system": "webposto", "endpoint": "/INTEGRACAO/CONSULTAR_CAIXA_REDE", "status": 200, "latency_ms": 316.48, "has_data": true, "synthetic": false}
{"system": "webposto", "endpoint": "/INTEGRACAO/CONSULTAR_CAIXA_REDE", "status": 200, "latency_ms": 334.05, "has_data": true, "synthetic": false}
{"system": "webposto", "endpoint": "/INTEGRACAO/CONSULTAR_CAIXA_REDE", "status": 200, "latency_ms": 317.27, "has_data": true, "synthetic": false}
{"system": "webposto", "endpoint": "/INTEGRACAO/CONSULTAR_CAIXA_REDE", "status": 200, "latency_ms": 316.76, "has_data": true, "synthetic": false}
{"system": "webposto", "endpoint": "/INTEGRACAO/CONSULTAR_CAIXA_REDE", "status": 200, "latency_ms": 317.8, "has_data": true, "synthetic": false}
{"system": "webposto", "endpoint": "/INTEGRACAO/CONSULTAR_CAIXA_REDE", "status": 200, "latency_ms": 314.08, "has_data": true, "synthetic": false}
{"system": "webposto", "endpoint": "/INTEGRACAO/CONSULTAR_CAIXA_REDE", "status": 200, "latency_ms": 317.17, "has_data": true, "synthetic": false}
{"system": "webposto", "endpoint": "/INTEGRACAO/CONSULTAR_DESPESAS_FINANCEIRO_REDE", "status": 200, "latency_ms": 578.95, "has_data": true, "synthetic": false}
{"system": "webposto", "endpoint": "/INTEGRACAO/CONSULTAR_CAIXA_APRESENTADO_REDE", "status": 200, "latency_ms": 317.24, "has_data": false, "synthetic": false}
{"system": "webposto", "endpoint": "/INTEGRACAO/CAIXA", "status": 200, "latency_ms": 766.53, "has_data": true, "synthetic": false}
{"system": "webposto", "endpoint": "/INTEGRACAO/CONSULTAR_CAIXA_REDE", "status": 200, "latency_ms": 961.7, "has_data": true, "synthetic": false}
{"system": "webposto", "endpoint": "/INTEGRACAO/CAIXA_APRESENTADO", "status": 200, "latency_ms": 798.44, "has_data": true, "synthetic": false}
{"system": "webposto", "endpoint": "/INTEGRACAO/CONSULTAR_CAIXA_REDE", "status": 200, "latency_ms": 323.03, "has_data": true, "synthetic": false}
{"system": "webposto", "endpoint": "/INTEGRACAO/CONSULTAR_CAIXA_REDE", "status": 200, "latency_ms": 319.48, "has_data": true, "synthetic": false}
{"system": "webposto", "endpoint": "/INTEGRACAO/CONSULTAR_CAIXA_REDE", "status": 200, "latency_ms": 320.65, "has_data": true, "synthetic": false}
{"system": "webposto", "endpoint": "/INTEGRACAO/CONSULTAR_CAIXA_REDE", "status": 200, "latency_ms": 315.69, "has_data": true, "synthetic": false}
{"system": "webposto", "endpoint": "/INTEGRACAO/CONSULTAR_CAIXA_REDE", "status": 200, "latency_ms": 323.06, "has_data": true, "synthetic": false}
{"system": "webposto", "endpoint": "/INTEGRACAO/CONSULTAR_CAIXA_REDE", "status": 200, "latency_ms": 317.77, "has_data": true, "synthetic": false}
{"system": "webposto", "endpoint": "/INTEGRACAO/CONSULTAR_CAIXA_REDE", "status": 200, "latency_ms": 316.57, "has_data": true, "synthetic": false}
{"system": "webposto", "endpoint": "/INTEGRACAO/CONSULTAR_CAIXA_REDE", "status": 200, "latency_ms": 318.19, "has_data": true, "synthetic": false}
{"system": "webposto", "endpoint": "/INTEGRACAO/CONSULTAR_CAIXA_REDE", "status": 200, "latency_ms": 328.32, "has_data": true, "synthetic": false}
{"system": "webposto", "endpoint": "/INTEGRACAO/CONSULTAR_CAIXA_REDE", "status": 200, "latency_ms": 319.37, "has_data": true, "synthetic": false}
{"system": "webposto", "endpoint": "/INTEGRACAO/CONSULTAR_CAIXA_REDE", "status": 200, "latency_ms": 323.93, "has_data": true, "synthetic": false}
{"system": "webposto", "endpoint": "/INTEGRACAO/CONSULTAR_CAIXA_REDE", "status": 200, "latency_ms": 319.97, "has_data": true, "synthetic": false}
{"system": "webposto", "endpoint": "/INTEGRACAO/CONSULTAR_CAIXA_REDE", "status": 200, "latency_ms": 316.15, "has_data": true, "synthetic": false}
{"system": "webposto", "endpoint": "/INTEGRACAO/CONSULTAR_CAIXA_REDE", "status": 200, "latency_ms": 325.47, "has_data": true, "synthetic": false}
{"system": "webposto", "endpoint": "/INTEGRACAO/EMPRESAS", "status": 200, "latency_ms": 318.34, "has_data": true, "synthetic": false}
{"system": "webposto", "endpoint": "/INTEGRACAO/TITULO_PAGAR", "status": 200, "latency_ms": 1834.77, "has_data": false, "synthetic": false}
{"system": "webposto", "endpoint": "/INTEGRACAO/TITULO_PAGAR", "status": 200, "latency_ms": 2226.07, "has_data": true, "synthetic": false}
{"system": "webposto", "endpoint": "/INTEGRACAO/TITULO_PAGAR", "status": 200, "latency_ms": 1296.25, "has_data": false, "synthetic": false}
{"system": "webposto", "endpoint": "/INTEGRACAO/TITULO_PAGAR", "status": 200, "latency_ms": 920.49, "has_data": false, "synthetic": false}
{"system": "webposto", "endpoint": "/INTEGRACAO/TITULO_PAGAR", "status": 200, "latency_ms": 2052.13, "has_data": true, "synthetic": false}
{"system": "webposto", "endpoint": "/INTEGRACAO/TITULO_PAGAR", "status": 200, "latency_ms": 725.76, "has_data": false, "synthetic": false}
{"system": "webposto", "endpoint": "/INTEGRACAO/TITULO_PAGAR", "status": 200, "latency_ms": 1483.59, "has_data": false, "synthetic": false}
{"system": "webposto", "endpoint": "/INTEGRACAO/TITULO_PAGAR", "status": 200, "latency_ms": 1678.04, "has_data": false, "synthetic": false}
{"system": "webposto", "endpoint": "/INTEGRACAO/TITULO_PAGAR", "status": 200, "latency_ms": 545.45, "has_data": false, "synthetic": false}
{"system": "webposto", "endpoint": "/INTEGRACAO/TITULO_PAGAR", "status": 200, "latency_ms": 1115.48, "has_data": false, "synthetic": false}
{"system": "webposto", "endpoint": "/INTEGRACAO/TITULO_PAGAR", "status": 200, "latency_ms": 362.82, "has_data": false, "synthetic": false}
{"system": "webposto", "endpoint": "/INTEGRACAO/MOVIMENTO_CONTA", "status": 200, "latency_ms": 678.54, "has_data": true, "synthetic": false}
{"system": "webposto", "endpoint": "/INTEGRACAO/TRANSFERENCIA_BANCARIA", "status": 200, "latency_ms": 720.12, "has_data": true, "synthetic": false}
{"system": "webposto", "endpoint": "/INTEGRACAO/CONSULTAR_DESPESAS_FINANCEIRO_REDE", "status": 200, "latency_ms": 550.08, "has_data": true, "synthetic": false}
{"system": "webposto", "endpoint": "/INTEGRACAO/CONSULTAR_CAIXA_APRESENTADO_REDE", "status": 200, "latency_ms": 302.54, "has_data": false, "synthetic": false}
{"system": "webposto", "endpoint": "/INTEGRACAO/CONSULTAR_CAIXA_REDE", "status": 200, "latency_ms": 983.82, "has_data": true, "synthetic": false}
{"system": "webposto", "endpoint": "/INTEGRACAO/CAIXA", "status": 200, "latency_ms": 922.45, "has_data": true, "synthetic": false}
{"system": "webposto", "endpoint": "/INTEGRACAO/CAIXA_APRESENTADO", "status": 200, "latency_ms": 713.17, "has_data": true, "synthetic": false}
{"system": "webposto", "endpoint": "/INTEGRACAO/CONSULTAR_CAIXA_REDE", "status": 200, "latency_ms": 327.46, "has_data": true, "synthetic": false}
{"system": "webposto", "endpoint": "/INTEGRACAO/CONSULTAR_CAIXA_REDE", "status": 200, "latency_ms": 322.12, "has_data": true, "synthetic": false}
{"system": "webposto", "endpoint": "/INTEGRACAO/CONSULTAR_CAIXA_REDE", "status": 200, "latency_ms": 309.62, "has_data": true, "synthetic": false}
{"system": "webposto", "endpoint": "/INTEGRACAO/CONSULTAR_CAIXA_REDE", "status": 200, "latency_ms": 319.82, "has_data": true, "synthetic": false}
{"system": "webposto", "endpoint": "/INTEGRACAO/CONSULTAR_CAIXA_REDE", "status": 200, "latency_ms": 319.84, "has_data": true, "synthetic": false}
{"system": "webposto", "endpoint": "/INTEGRACAO/CONSULTAR_CAIXA_REDE", "status": 200, "latency_ms": 322.73, "has_data": true, "synthetic": false}
{"system": "webposto", "endpoint": "/INTEGRACAO/CONSULTAR_CAIXA_REDE", "status": 200, "latency_ms": 320.87, "has_data": true, "synthetic": false}
{"system": "webposto", "endpoint": "/INTEGRACAO/CONSULTAR_CAIXA_REDE", "status": 200, "latency_ms": 320.26, "has_data": true, "synthetic": false}
{"system": "webposto", "endpoint": "/INTEGRACAO/CONSULTAR_CAIXA_REDE", "status": 200, "latency_ms": 318.86, "has_data": true, "synthetic": false}
{"system": "webposto", "endpoint": "/INTEGRACAO/CONSULTAR_CAIXA_REDE", "status": 200, "latency_ms": 328.58, "has_data": true, "synthetic": false}
{"system": "webposto", "endpoint": "/INTEGRACAO/CONSULTAR_CAIXA_REDE", "status": 200, "latency_ms": 321.99, "has_data": true, "synthetic": false}
{"system": "webposto", "endpoint": "/INTEGRACAO/CONSULTAR_CAIXA_REDE", "status": 200, "latency_ms": 319.79, "has_data": true, "synthetic": false}
{"system": "webposto", "endpoint": "/INTEGRACAO/CONSULTAR_CAIXA_REDE", "status": 200, "latency_ms": 319.19, "has_data": true, "synthetic": false}
{"system": "webposto", "endpoint": "/INTEGRACAO/CONSULTAR_CAIXA_REDE", "status": 200, "latency_ms": 321.21, "has_data": true, "synthetic": false}
{"system": "webposto", "endpoint": "/INTEGRACAO/EMPRESAS", "status": 200, "latency_ms": 328.51, "has_data": true, "synthetic": false}
{"system": "webposto", "endpoint": "/INTEGRACAO/TITULO_PAGAR", "status": 200, "latency_ms": 760.61, "has_data": false, "synthetic": false}
{"system": "webposto", "endpoint": "/INTEGRACAO/TITULO_PAGAR", "status": 200, "latency_ms": 2050.87, "has_data": false, "synthetic": false}
{"system": "webposto", "endpoint": "/INTEGRACAO/TITULO_PAGAR", "status": 200, "latency_ms": 358.68, "has_data": false, "synthetic": false}
{"system": "webposto", "endpoint": "/INTEGRACAO/TITULO_PAGAR", "status": 200, "latency_ms": 1424.37, "has_data": false, "synthetic": false}
{"system": "webposto", "endpoint": "/INTEGRACAO/TITULO_PAGAR", "status": 200, "latency_ms": 999.24, "has_data": false, "synthetic": false}
{"system": "webposto", "endpoint": "/INTEGRACAO/TITULO_PAGAR", "status": 200, "latency_ms": 1630.27, "has_data": false, "synthetic": false}
{"system": "webposto", "endpoint": "/INTEGRACAO/TITULO_PAGAR", "status": 200, "latency_ms": 1195.24, "has_data": false, "synthetic": false}
{"system": "webposto", "endpoint": "/INTEGRACAO/TITULO_PAGAR", "status": 200, "latency_ms": 1827.24, "has_data": false, "synthetic": false}
{"system": "webposto", "endpoint": "/INTEGRACAO/TITULO_PAGAR", "status": 200, "latency_ms": 564.22, "has_data": false, "synthetic": false}
{"system": "webposto", "endpoint": "/INTEGRACAO/TITULO_PAGAR", "status": 200, "latency_ms": 2269.48, "has_data": true, "synthetic": false}
{"system": "webposto", "endpoint": "/INTEGRACAO/TITULO_PAGAR", "status": 200, "latency_ms": 2477.68, "has_data": true, "synthetic": false}
{"system": "webposto", "endpoint": "/INTEGRACAO/MOVIMENTO_CONTA", "status": 200, "latency_ms": 623.38, "has_data": true, "synthetic": false}
{"system": "webposto", "endpoint": "/INTEGRACAO/TRANSFERENCIA_BANCARIA", "status": 200, "latency_ms": 659.28, "has_data": true, "synthetic": false}
{"system": "webposto", "endpoint": "/INTEGRACAO/CONSULTAR_DESPESAS_FINANCEIRO_REDE", "status": 200, "latency_ms": 522.91, "has_data": true, "synthetic": false}
{"system": "webposto", "endpoint": "/INTEGRACAO/CAIXA", "status": 200, "latency_ms": 770.38, "has_data": true, "synthetic": false}
{"system": "webposto", "endpoint": "/INTEGRACAO/CONSULTAR_CAIXA_APRESENTADO_REDE", "status": 200, "latency_ms": 325.78, "has_data": false, "synthetic": false}
{"system": "webposto", "endpoint": "/INTEGRACAO/CAIXA_APRESENTADO", "status": 200, "latency_ms": 541.73, "has_data": true, "synthetic": false}
{"system": "webposto", "endpoint": "/INTEGRACAO/CONSULTAR_CAIXA_REDE", "status": 200, "latency_ms": 998.52, "has_data": true, "synthetic": false}
{"system": "webposto", "endpoint": "/INTEGRACAO/CONSULTAR_CAIXA_REDE", "status": 200, "latency_ms": 313.5, "has_data": true, "synthetic": false}
{"system": "webposto", "endpoint": "/INTEGRACAO/CONSULTAR_CAIXA_REDE", "status": 200, "latency_ms": 327.35, "has_data": true, "synthetic": false}
{"system": "webposto", "endpoint": "/INTEGRACAO/CONSULTAR_CAIXA_REDE", "status": 200, "latency_ms": 316.13, "has_data": true, "synthetic": false}
{"system": "webposto", "endpoint": "/INTEGRACAO/CONSULTAR_CAIXA_REDE", "status": 200, "latency_ms": 311.77, "has_data": true, "synthetic": false}
{"system": "webposto", "endpoint": "/INTEGRACAO/CONSULTAR_CAIXA_REDE", "status": 200, "latency_ms": 313.97, "has_data": true, "synthetic": false}
{"system": "webposto", "endpoint": "/INTEGRACAO/CONSULTAR_CAIXA_REDE", "status": 200, "latency_ms": 319.45, "has_data": true, "synthetic": false}
{"system": "webposto", "endpoint": "/INTEGRACAO/CONSULTAR_CAIXA_REDE", "status": 200, "latency_ms": 312.84, "has_data": true, "synthetic": false}
{"system": "webposto", "endpoint": "/INTEGRACAO/CONSULTAR_CAIXA_REDE", "status": 200, "latency_ms": 342.53, "has_data": true, "synthetic": false}
{"system": "webposto", "endpoint": "/INTEGRACAO/CONSULTAR_CAIXA_REDE", "status": 200, "latency_ms": 319.02, "has_data": true, "synthetic": false}
{"system": "webposto", "endpoint": "/INTEGRACAO/CONSULTAR_CAIXA_REDE", "status": 200, "latency_ms": 319.62, "has_data": true, "synthetic": false}
{"system": "webposto", "endpoint": "/INTEGRACAO/CONSULTAR_CAIXA_REDE", "status": 200, "latency_ms": 314.66, "has_data": true, "synthetic": false}
{"system": "webposto", "endpoint": "/INTEGRACAO/CONSULTAR_CAIXA_REDE", "status": 200, "latency_ms": 312.16, "has_data": true, "synthetic": false}
{"system": "webposto", "endpoint": "/INTEGRACAO/CONSULTAR_CAIXA_REDE", "status": 200, "latency_ms": 317.77, "has_data": true, "synthetic": false}
{"system": "webposto", "endpoint": "/INTEGRACAO/CONSULTAR_CAIXA_REDE", "status": 200, "latency_ms": 319.77, "has_data": true, "synthetic": false}
