{"system": "webposto", "endpoint": "/INTEGRACAO/CONSULTAR_VENDA_ITEM_REDE", "status": 401, "latency_ms": 348.89, "has_data": false, "synthetic": false, "check": "permission_discovery"}
{"system": "webposto", "endpoint": "/INTEGRACAO/CONSULTAR_CAIXA_APRESENTADO_REDE", "status": 200, "latency_ms": 369.09, "has_data": true, "synthetic": false, "check": "permission_discovery"}
{"system": "webposto", "endpoint": "/INTEGRACAO/TITULO_RECEBER", "status": 200, "latency_ms": 373.02, "has_data": true, "synthetic": false, "check": "permission_discovery"}
{"system": "webposto", "endpoint": "/INTEGRACAO/EMPRESAS", "status": 200, "latency_ms": 379.18, "has_data": true, "synthetic": false, "check": "permission_discovery"}
{"system": "webposto", "endpoint": "/INTEGRACAO/PRODUTO_ESTOQUE", "status": 400, "latency_ms": 384.33, "has_data": true, "synthetic": false, "check": "permission_discovery"}
{"system": "webposto", "endpoint": "/INTEGRACAO/PRODUTO_EMPRESA_REDE", "status": 401, "latency_ms": 400.84, "has_data": false, "synthetic": false, "check": "permission_discovery"}
{"system": "webposto", "endpoint": "/INTEGRACAO/CAIXA_APRESENTADO", "status": 200, "latency_ms": 407.81, "has_data": true, "synthetic": false, "check": "permission_discovery"}
{"system": "webposto", "endpoint": "/INTEGRACAO/VENDA_ITEM", "status": 200, "latency_ms": 414.0, "has_data": true, "synthetic": false, "check": "permission_discovery"}
{"system": "webposto", "endpoint": "/INTEGRACAO/CAIXA", "status": 200, "latency_ms": 416.51, "has_data": true, "synthetic": false, "check": "permission_discovery"}
{"system": "webposto", "endpoint": "/INTEGRACAO/ABASTECIMENTO", "status": 200, "latency_ms": 430.46, "has_data": true, "synthetic": false, "check": "permission_discovery"}
{"system": "webposto", "endpoint": "/INTEGRACAO/CONSULTAR_CAIXA_REDE", "status": 200, "latency_ms": 424.76, "has_data": true, "synthetic": false, "check": "permission_discovery"}
{"system": "webposto", "endpoint": "/INTEGRACAO/NFCE", "status": 200, "latency_ms": 430.0, "has_data": true, "synthetic": false, "check": "permission_discovery"}
{"system": "webposto", "endpoint": "/INTEGRACAO/PRODUTO_REDE", "status": 401, "latency_ms": 436.7, "has_data": false, "synthetic": false, "check": "permission_discovery"}
{"system": "webposto", "endpoint": "/INTEGRACAO/CONSULTAR_VENDA_FORMA_PAGAMENTO_REDE", "status": 200, "latency_ms": 438.31, "has_data": true, "synthetic": false, "check": "permission_discovery"}
{"system": "webposto", "endpoint": "/INTEGRACAO/PRODUTO_COMBUSTIVEL", "status": 401, "latency_ms": 444.97, "has_data": false, "synthetic": false, "check": "permission_discovery"}
{"system": "webposto", "endpoint": "/INTEGRACAO/TANQUE", "status": 200, "latency_ms": 446.79, "has_data": true, "synthetic": false, "check": "permission_discovery"}
{"system": "webposto", "endpoint": "/INTEGRACAO/CONTA", "status": 200, "latency_ms": 449.89, "has_data": true, "synthetic": false, "check": "permission_discovery"}
{"system": "webposto", "endpoint": "/INTEGRACAO/CONSULTAR_DESPESAS_FINANCEIRO_REDE", "status": 200, "latency_ms": 455.74, "has_data": true, "synthetic": false, "check": "permission_discovery"}
{"system": "webposto", "endpoint": "/INTEGRACAO/CONSULTAR_LMC_REDE", "status": 200, "latency_ms": 500.51, "has_data": true, "synthetic": false, "check": "permission_discovery"}
{"system": "webposto", "endpoint": "/INTEGRACAO/TITULO_PAGAR", "status": 200, "latency_ms": 520.77, "has_data": true, "synthetic": false, "check": "permission_discovery"}
{"system": "webposto", "endpoint": "/INTEGRACAO/VENDA", "status": 200, "latency_ms": 552.21, "has_data": true, "synthetic": false, "check": "permission_discovery"}
{"system": "webposto", "endpoint": "/INTEGRACAO/MOVIMENTO_CONTA", "status": 200, "latency_ms": 591.89, "has_data": true, "synthetic": false, "check": "permission_discovery"}
{"system": "webposto", "endpoint": "/INTEGRACAO/VENDA_FORMA_PAGAMENTO", "status": 200, "latency_ms": 621.36, "has_data": true, "synthetic": false, "check": "permission_discovery"}
{"system": "webposto", "endpoint": "/INTEGRACAO/PRODUTO_EMPRESA", "status": 200, "latency_ms": 627.48, "has_data": true, "synthetic": false, "check": "permission_discovery"}
{"system": "webposto", "endpoint": "/INTEGRACAO/TRANSFERENCIA_BANCARIA", "status": 200, "latency_ms": 1560.93, "has_data": true, "synthetic": false, "check": "permission_discovery"}
{"system": "webposto", "endpoint": "/INTEGRACAO/PRODUTO", "status": 200, "latency_ms": 1783.68, "has_data": true, "synthetic": false, "check": "permission_discovery"}
{"system": "webposto", "endpoint": "/INTEGRACAO/ESTOQUE_PERIODO", "status": 200, "latency_ms": 12680.24, "has_data": true, "synthetic": false, "check": "permission_discovery"}
{"system": "webposto", "endpoint": "/INTEGRACAO/CONSULTAR_ANALISE_VENDAS_COMBUSTIVEL", "status": 200, "latency_ms": 19148.12, "has_data": true, "synthetic": false, "check": "permission_discovery"}
{"system": "webposto", "endpoint": "/INTEGRACAO/CONSULTAR_DESPESAS_FINANCEIRO_REDE", "status": 200, "latency_ms": 628.51, "has_data": true, "synthetic": false}
{"system": "webposto", "endpoint": "/INTEGRACAO/CONSULTAR_CAIXA_APRESENTADO_REDE", "status": 200, "latency_ms": 334.44, "has_data": false, "synthetic": false}
{"system": "webposto", "endpoint": "/INTEGRACAO/CONSULTAR_CAIXA_REDE", "status": 200, "latency_ms": 1050.48, "has_data": true, "synthetic": false}
{"system": "webposto", "endpoint": "/INTEGRACAO/CAIXA", "status": 200, "latency_ms": 799.52, "has_data": true, "synthetic": false}
{"system": "webposto", "endpoint": "/INTEGRACAO/CAIXA_APRESENTADO", "status": 200, "latency_ms": 812.02, "has_data": true, "synthetic": false}
{"system": "webposto", "endpoint": "/INTEGRACAO/CONSULTAR_CAIXA_REDE", "status": 200, "latency_ms": 338.52, "has_data": true, "synthetic": false}
{"system": "webposto", "endpoint": "/INTEGRACAO/CONSULTAR_CAIXA_REDE", "status": 200, "latency_ms": 325.31, "has_data": true, "synthetic": false}
{"system": "webposto", "endpoint": "/INTEGRACAO/CONSULTAR_CAIXA_REDE", "status": 200, "latency_ms": 414.27, "has_data": true, "synthetic": false}
{"system": "webposto", "endpoint": "/INTEGRACAO/CONSULTAR_CAIXA_REDE", "status": 200, "latency_ms": 322.68, "has_data": true, "synthetic": false}
{"system": "webposto", "endpoint": "/INTEGRACAO/CONSULTAR_CAIXA_REDE", "status": 200, "latency_ms": 339.43, "has_data": true, "synthetic": false}
{"system": "webposto", "endpoint": "/INTEGRACAO/CONSULTAR_CAIXA_REDE", "status": 200, "latency_ms": 365.05, "has_data": true, "synthetic": false}
{"system": "webposto", "endpoint": "/INTEGRACAO/CONSULTAR_CAIXA_REDE", "status": 200, "latency_ms": 380.07, "has_data": true, "synthetic": false}
{"system": "webposto", "endpoint": "/INTEGRACAO/CONSULTAR_CAIXA_REDE", "status": 200, "latency_ms": 365.15, "has_data": true, "synthetic": false}
{"system": "webposto", "endpoint": "/INTEGRACAO/CONSULTAR_CAIXA_REDE", "status": 200, "latency_ms": 350.7, "has_data": true, "synthetic": false}
{"system": "webposto", "endpoint": "/INTEGRACAO/CONSULTAR_CAIXA_REDE", "status": 200, "latency_ms": 322.54, "has_data": true, "synthetic": false}
{"system": "webposto", "endpoint": "/INTEGRACAO/CONSULTAR_CAIXA_REDE", "status": 200, "latency_ms": 391.59, "has_data": true, "synthetic": false}
{"system": "webposto", "endpoint": "/INTEGRACAO/CONSULTAR_CAIXA_REDE", "status": 200, "latency_ms": 357.99, "has_data": true, "synthetic": false}
{"system": "webposto", "endpoint": "/INTEGRACAO/CONSULTAR_CAIXA_REDE", "status": 200, "latency_ms": 404.47, "has_data": true, "synthetic": false}
{"system": "webposto", "endpoint": "/INTEGRACAO/CONSULTAR_CAIXA_REDE", "status": 200, "latency_ms": 339.04, "has_data": true, "synthetic": false}
{"system": "webposto", "endpoint": "/INTEGRACAO/EMPRESAS", "status": 200, "latency_ms": 328.34, "has_data": true, "synthetic": false}
{"system": "webposto", "endpoint": "/INTEGRACAO/TITULO_PAGAR", "status": 200, "latency_ms": 375.92, "has_data": false, "synthetic": false}
{"system": "webposto", "endpoint": "/INTEGRACAO/TITULO_PAGAR", "status": 200, "latency_ms": 1374.89, "has_data": false, "synthetic": false}
{"system": "webposto", "endpoint": "/INTEGRACAO/TITULO_PAGAR", "status": 200, "latency_ms": 864.89, "has_data": false, "synthetic": false}
{"system": "webposto", "endpoint": "/INTEGRACAO/TITULO_PAGAR", "status": 200, "latency_ms": 1805.73, "has_data": false, "synthetic": false}
{"system": "webposto", "endpoint": "/INTEGRACAO/TITULO_PAGAR", "status": 200, "latency_ms": 2831.54, "has_data": false, "synthetic": false}
{"system": "webposto", "endpoint": "/INTEGRACAO/TITULO_PAGAR", "status": 200, "latency_ms": 2269.06, "has_data": false, "synthetic": false}
{"system": "webposto", "endpoint": "/INTEGRACAO/TITULO_PAGAR", "status": 200, "latency_ms": 2615.71, "has_data": false, "synthetic": false}
{"system": "webposto", "endpoint": "/INTEGRACAO/TITULO_PAGAR", "status": 200, "latency_ms": 3054.95, "has_data": false, "synthetic": false}
{"system": "webposto", "endpoint": "/INTEGRACAO/TITULO_PAGAR", "status": 200, "latency_ms": 3266.57, "has_data": false, "synthetic": false}
{"system": "webposto", "endpoint": "/INTEGRACAO/TITULO_PAGAR", "status": 200, "latency_ms": 3731.86, "has_data": true, "synthetic": false}
{"system": "webposto", "endpoint": "/INTEGRACAO/TITULO_PAGAR", "status": 200, "latency_ms": 3719.16, "has_data": true, "synthetic": false}
{"system": "webposto", "endpoint": "/INTEGRACAO/MOVIMENTO_CONTA", "status": 200, "latency_ms": 668.25, "has_data": true, "synthetic": false}
{"system": "webposto", "endpoint": "/INTEGRACAO/TRANSFERENCIA_BANCARIA", "status": 200, "latency_ms": 6773.3, "has_data": true, "synthetic": false}
{"system": "webposto", "endpoint": "/INTEGRACAO/CONSULTAR_DESPESAS_FINANCEIRO_REDE", "status": 200, "latency_ms": 642.64, "has_data": true, "synthetic": false}
{"system": "webposto", "endpoint": "/INTEGRACAO/CONSULTAR_CAIXA_APRESENTADO_REDE", "status": 200, "latency_ms": 379.18, "has_data": false, "synthetic": false}
{"system": "webposto", "endpoint": "/INTEGRACAO/CONSULTAR_CAIXA_REDE", "status": 200, "latency_ms": 1869.28, "has_data": true, "synthetic": false}
{"system": "webposto", "endpoint": "/INTEGRACAO/CAIXA_APRESENTADO", "status": 200, "latency_ms": 1433.51, "has_data": true, "synthetic": false}
{"system": "webposto", "endpoint": "/INTEGRACAO/CAIXA", "status": 200, "latency_ms": 1923.21, "has_data": true, "synthetic": false}
{"system": "webposto", "endpoint": "/INTEGRACAO/CONSULTAR_CAIXA_REDE", "status": 200, "latency_ms": 347.72, "has_data": true, "synthetic": false}
{"system": "webposto", "endpoint": "/INTEGRACAO/CONSULTAR_CAIXA_REDE", "status": 200, "latency_ms": 326.93, "has_data": true, "synthetic": false}
{"system": "webposto", "endpoint": "/INTEGRACAO/CONSULTAR_CAIXA_REDE", "status": 200, "latency_ms": 338.15, "has_data": true, "synthetic": false}
{"system": "webposto", "endpoint": "/INTEGRACAO/CONSULTAR_CAIXA_REDE", "status": 200, "latency_ms": 346.93, "has_data": true, "synthetic": false}
{"system": "webposto", "endpoint": "/INTEGRACAO/CONSULTAR_CAIXA_REDE", "status": 200, "latency_ms": 361.8, "has_data": true, "synthetic": false}
{"system": "webposto", "endpoint": "/INTEGRACAO/CONSULTAR_CAIXA_REDE", "status": 200, "latency_ms": 331.23, "has_data": true, "synthetic": false}
{"system": "webposto", "endpoint": "/INTEGRACAO/CONSULTAR_CAIXA_REDE", "status": 200, "latency_ms": 342.96, "has_data": true, "synthetic": false}
{"system": "webposto", "endpoint": "/INTEGRACAO/CONSULTAR_CAIXA_REDE", "status": 200, "latency_ms": 7585.7, "has_data": true, "synthetic": false}
{"system": "webposto", "endpoint": "/INTEGRACAO/CONSULTAR_CAIXA_REDE", "status": 200, "latency_ms": 372.61, "has_data": true, "synthetic": false}
{"system": "webposto", "endpoint": "/INTEGRACAO/CONSULTAR_CAIXA_REDE", "status": 200, "latency_ms": 337.39, "has_data": true, "synthetic": false}
{"system": "webposto", "endpoint": "/INTEGRACAO/CONSULTAR_CAIXA_REDE", "status": 200, "latency_ms": 334.41, "has_data": true, "synthetic": false}
{"system": "webposto", "endpoint": "/INTEGRACAO/CONSULTAR_CAIXA_REDE", "status": 200, "latency_ms": 352.27, "has_data": true, "synthetic": false}
{"system": "webposto", "endpoint": "/INTEGRACAO/CONSULTAR_CAIXA_REDE", "status": 200, "latency_ms": 327.68, "has_data": true, "synthetic": false}
{"system": "webposto", "endpoint": "/INTEGRACAO/CONSULTAR_CAIXA_REDE", "status": 200, "latency_ms": 338.83, "has_data": true, "synthetic": false}
{"system": "webposto", "endpoint": "/INTEGRACAO/CONSULTAR_DESPESAS_FINANCEIRO_REDE", "status": 200, "latency_ms": 661.37, "has_data": true, "synthetic": false}
{"system": "webposto", "endpoint": "/INTEGRACAO/CONSULTAR_CAIXA_APRESENTADO_REDE", "status": 200, "latency_ms": 336.34, "has_data": false, "synthetic": false}
{"system": "webposto", "endpoint": "/INTEGRACAO/CAIXA", "status": 200, "latency_ms": 1367.26, "has_data": true, "synthetic": false}
{"system": "webposto", "endpoint": "/INTEGRACAO/CAIXA_APRESENTADO", "status": 200, "latency_ms": 880.54, "has_data": true, "synthetic": false}
{"system": "webposto", "endpoint": "/INTEGRACAO/CONSULTAR_CAIXA_REDE", "status": 200, "latency_ms": 1872.08, "has_data": true, "synthetic": false}
{"system": "webposto", "endpoint": "/INTEGRACAO/CONSULTAR_CAIXA_REDE", "status": 200, "latency_ms": 332.31, "has_data": true, "synthetic": false}
{"system": "webposto", "endpoint": "/INTEGRACAO/CONSULTAR_CAIXA_REDE", "status": 200, "latency_ms": 350.47, "has_data": true, "synthetic": false}
{"system": "webposto", "endpoint": "/INTEGRACAO/CONSULTAR_CAIXA_REDE", "status": 200, "latency_ms": 363.39, "has_data": true, "synthetic": false}
{"system": "webposto", "endpoint": "/INTEGRACAO/CONSULTAR_CAIXA_REDE", "status": 200, "latency_ms": 348.07, "has_data": true, "synthetic": false}
{"system": "webposto", "endpoint": "/INTEGRACAO/CONSULTAR_CAIXA_REDE", "status": 200, "latency_ms": 363.39, "has_data": true, "synthetic": false}
{"system": "webposto", "endpoint": "/INTEGRACAO/CONSULTAR_CAIXA_REDE", "status": 200, "latency_ms": 357.34, "has_data": true, "synthetic": false}
{"system": "webposto", "endpoint": "/INTEGRACAO/CONSULTAR_CAIXA_REDE", "status": 200, "latency_ms": 324.14, "has_data": true, "synthetic": false}
{"system": "webposto", "endpoint": "/INTEGRACAO/CONSULTAR_CAIXA_REDE", "status": 200, "latency_ms": 355.28, "has_data": true, "synthetic": false}
{"system": "webposto", "endpoint": "/INTEGRACAO/CONSULTAR_CAIXA_REDE", "status": 200, "latency_ms": 355.28, "has_data": true, "synthetic": false}
{"system": "webposto", "endpoint": "/INTEGRACAO/CONSULTAR_CAIXA_REDE", "status": 200, "latency_ms": 332.45, "has_data": true, "synthetic": false}
{"system": "webposto", "endpoint": "/INTEGRACAO/CONSULTAR_CAIXA_REDE", "status": 200, "latency_ms": 340.78, "has_data": true, "synthetic": false}
{"system": "webposto", "endpoint": "/INTEGRACAO/CONSULTAR_CAIXA_REDE", "status": 200, "latency_ms": 437.16, "has_data": true, "synthetic": false}
{"system": "webposto", "endpoint": "/INTEGRACAO/CONSULTAR_CAIXA_REDE", "status": 200, "latency_ms": 344.91, "has_data": true, "synthetic": false}
{"system": "webposto", "endpoint": "/INTEGRACAO/CONSULTAR_CAIXA_REDE", "status": 200, "latency_ms": 429.83, "has_data": true, "synthetic": false}
{"system": "webposto", "endpoint": "/INTEGRACAO/EMPRESAS", "status": 200, "latency_ms": 341.36, "has_data": true, "synthetic": false}
{"system": "webposto", "endpoint": "/INTEGRACAO/TITULO_PAGAR", "status": 200, "latency_ms": 4582.52, "has_data": false, "synthetic": false}
{"system": "webposto", "endpoint": "/INTEGRACAO/TITULO_PAGAR", "status": 200, "latency_ms": 4071.78, "has_data": false, "synthetic": false}
{"system": "webposto", "endpoint": "/INTEGRACAO/TITULO_PAGAR", "status": 200, "latency_ms": 933.57, "has_data": false, "synthetic": false}
{"system": "webposto", "endpoint": "/INTEGRACAO/TITULO_PAGAR", "status": 200, "latency_ms": 3600.96, "has_data": false, "synthetic": false}
{"system": "webposto", "endpoint": "/INTEGRACAO/TITULO_PAGAR", "status": 200, "latency_ms": 2543.99, "has_data": false, "synthetic": false}
{"system": "webposto", "endpoint": "/INTEGRACAO/TITULO_PAGAR", "status": 200, "latency_ms": 3057.32, "has_data": false, "synthetic": false}
{"system": "webposto", "endpoint": "/INTEGRACAO/TITULO_PAGAR", "status": 200, "latency_ms": 2020.81, "has_data": false, "synthetic": false}
{"system": "webposto", "endpoint": "/INTEGRACAO/TITULO_PAGAR", "status": 200, "latency_ms": 431.14, "has_data": false, "synthetic": false}
{"system": "webposto", "endpoint": "/INTEGRACAO/TITULO_PAGAR", "status": 200, "latency_ms": 1509.61, "has_data": false, "synthetic": false}
{"system": "webposto", "endpoint": "/INTEGRACAO/TITULO_PAGAR", "status": 200, "latency_ms": 5719.45, "has_data": true, "synthetic": false}
{"system": "webposto", "endpoint": "/INTEGRACAO/TITULO_PAGAR", "status": 200, "latency_ms": 5226.88, "has_data": true, "synthetic": false}
{"system": "webposto", "endpoint": "/INTEGRACAO/MOVIMENTO_CONTA", "status": 200, "latency_ms": 795.57, "has_data": true, "synthetic": false}
{"system": "webposto", "endpoint": "/INTEGRACAO/TRANSFERENCIA_BANCARIA", "status": 200, "latency_ms": 19711.83, "has_data": true, "synthetic": false}
{"system": "webposto", "endpoint": "/INTEGRACAO/CONSULTAR_DESPESAS_FINANCEIRO_REDE", "status": 200, "latency_ms": 13519.45, "has_data": true, "synthetic": false}
{"system": "webposto", "endpoint": "/INTEGRACAO/CONSULTAR_CAIXA_APRESENTADO_REDE", "status": 200, "latency_ms": 321.68, "has_data": false, "synthetic": false}
{"system": "webposto", "endpoint": "/INTEGRACAO/CONSULTAR_CAIXA_REDE", "status": 200, "latency_ms": 1355.73, "has_data": true, "synthetic": false}
{"system": "webposto", "endpoint": "/INTEGRACAO/CAIXA", "status": 200, "latency_ms": 1367.35, "has_data": true, "synthetic": false}
{"system": "webposto", "endpoint": "/INTEGRACAO/CAIXA_APRESENTADO", "status": 200, "latency_ms": 1058.15, "has_data": true, "synthetic": false}
{"system": "webposto", "endpoint": "/INTEGRACAO/CONSULTAR_CAIXA_REDE", "status": 200, "latency_ms": 371.5, "has_data": true, "synthetic": false}
{"system": "webposto", "endpoint": "/INTEGRACAO/CONSULTAR_CAIXA_REDE", "status": 200, "latency_ms": 348.24, "has_data": true, "synthetic": false}
{"system": "webposto", "endpoint": "/INTEGRACAO/CONSULTAR_CAIXA_REDE", "status": 200, "latency_ms": 380.31, "has_data": true, "synthetic": false}
{"system": "webposto", "endpoint": "/INTEGRACAO/CONSULTAR_CAIXA_REDE", "status": 200, "latency_ms": 333.28, "has_data": true, "synthetic": false}
{"system": "webposto", "endpoint": "/INTEGRACAO/CONSULTAR_CAIXA_REDE", "status": 200, "latency_ms": 327.84, "has_data": true, "synthetic": false}
{"system": "webposto", "endpoint": "/INTEGRACAO/CONSULTAR_CAIXA_REDE", "status": 200, "latency_ms": 344.48, "has_data": true, "synthetic": false}
{"system": "webposto", "endpoint": "/INTEGRACAO/CONSULTAR_CAIXA_REDE", "status": 200, "latency_ms": 344.38, "has_data": true, "synthetic": false}
{"system": "webposto", "endpoint": "/INTEGRACAO/CONSULTAR_CAIXA_REDE", "status": 200, "latency_ms": 345.05, "has_data": true, "synthetic": false}
{"system": "webposto", "endpoint": "/INTEGRACAO/CONSULTAR_CAIXA_REDE", "status": 200, "latency_ms": 366.37, "has_data": true, "synthetic": false}
{"system": "webposto", "endpoint": "/INTEGRACAO/CONSULTAR_CAIXA_REDE", "status": 200, "latency_ms": 382.78, "has_data": true, "synthetic": false}
{"system": "webposto", "endpoint": "/INTEGRACAO/CONSULTAR_CAIXA_REDE", "status": 200, "latency_ms": 332.43, "has_data": true, "synthetic": false}
{"system": "webposto", "endpoint": "/INTEGRACAO/CONSULTAR_CAIXA_REDE", "status": 200, "latency_ms": 406.56, "has_data": true, "synthetic": false}
{"system": "webposto", "endpoint": "/INTEGRACAO/CONSULTAR_CAIXA_REDE", "status": 200, "latency_ms": 328.42, "has_data": true, "synthetic": false}
{"system": "webposto", "endpoint": "/INTEGRACAO/CONSULTAR_CAIXA_REDE", "status": 200, "latency_ms": 329.43, "has_data": true, "synthetic": false}
{"system": "webposto", "endpoint": "/INTEGRACAO/EMPRESAS", "status": 200, "latency_ms": 324.91, "has_data": true, "synthetic": false}
{"system": "webposto", "endpoint": "/INTEGRACAO/TITULO_PAGAR", "status": 200, "latency_ms": 1385.78, "has_data": false, "synthetic": false}
{"system": "webposto", "endpoint": "/INTEGRACAO/TITULO_PAGAR", "status": 200, "latency_ms": 1936.01, "has_data": false, "synthetic": false}
{"system": "webposto", "endpoint": "/INTEGRACAO/TITULO_PAGAR", "status": 200, "latency_ms": 1668.96, "has_data": false, "synthetic": false}
{"system": "webposto", "endpoint": "/INTEGRACAO/TITULO_PAGAR", "status": 200, "latency_ms": 1146.95, "has_data": false, "synthetic": false}
{"system": "webposto", "endpoint": "/INTEGRACAO/TITULO_PAGAR", "status": 200, "latency_ms": 886.54, "has_data": false, "synthetic": false}
{"system": "webposto", "endpoint": "/INTEGRACAO/TITULO_PAGAR", "status": 200, "latency_ms": 2490.48, "has_data": false, "synthetic": false}
{"system": "webposto", "endpoint": "/INTEGRACAO/TITULO_PAGAR", "status": 200, "latency_ms": 647.55, "has_data": false, "synthetic": false}
{"system": "webposto", "endpoint": "/INTEGRACAO/TITULO_PAGAR", "status": 200, "latency_ms": 390.17, "has_data": false, "synthetic": false}
{"system": "webposto", "endpoint": "/INTEGRACAO/TITULO_PAGAR", "status": 200, "latency_ms": 2253.53, "has_data": false, "synthetic": false}
{"system": "webposto", "endpoint": "/INTEGRACAO/TITULO_PAGAR", "status": 200, "latency_ms": 2904.12, "has_data": true, "synthetic": false}
{"system": "webposto", "endpoint": "/INTEGRACAO/TITULO_PAGAR", "status": 200, "latency_ms": 3218.87, "has_data": true, "synthetic": false}
{"system": "webposto", "endpoint": "/INTEGRACAO/MOVIMENTO_CONTA", "status": 200, "latency_ms": 2293.08, "has_data": true, "synthetic": false}
{"system": "webposto", "endpoint": "/INTEGRACAO/CONSULTAR_DESPESAS_FINANCEIRO_REDE", "status": 200, "latency_ms": 2908.08, "has_data": true, "synthetic": false}
{"system": "webposto", "endpoint": "/INTEGRACAO/CONSULTAR_CAIXA_APRESENTADO_REDE", "status": 200, "latency_ms": 320.15, "has_data": false, "synthetic": false}
{"system": "webposto", "endpoint": "/INTEGRACAO/CAIXA", "status": 200, "latency_ms": 896.92, "has_data": true, "synthetic": false}
{"system": "webposto", "endpoint": "/INTEGRACAO/CONSULTAR_CAIXA_REDE", "status": 200, "latency_ms": 1196.15, "has_data": true, "synthetic": false}
{"system": "webposto", "endpoint": "/INTEGRACAO/CAIXA_APRESENTADO", "status": 200, "latency_ms": 947.78, "has_data": true, "synthetic": false}
{"system": "webposto", "endpoint": "/INTEGRACAO/CONSULTAR_CAIXA_REDE", "status": 200, "latency_ms": 357.18, "has_data": true, "synthetic": false}
{"system": "webposto", "endpoint": "/INTEGRACAO/CONSULTAR_CAIXA_REDE", "status": 200, "latency_ms": 344.93, "has_data": true, "synthetic": false}
{"system": "webposto", "endpoint": "/INTEGRACAO/CONSULTAR_CAIXA_REDE", "status": 200, "latency_ms": 344.77, "has_data": true, "synthetic": false}
{"system": "webposto", "endpoint": "/INTEGRACAO/CONSULTAR_CAIXA_REDE", "status": 200, "latency_ms": 355.82, "has_data": true, "synthetic": false}
{"system": "webposto", "endpoint": "/INTEGRACAO/CONSULTAR_CAIXA_REDE", "status": 200, "latency_ms": 359.29, "has_data": true, "synthetic": false}
{"system": "webposto", "endpoint": "/INTEGRACAO/CONSULTAR_CAIXA_REDE", "status": 200, "latency_ms": 353.23, "has_data": true, "synthetic": false}
{"system": "webposto", "endpoint": "/INTEGRACAO/CONSULTAR_CAIXA_REDE", "status": 200, "latency_ms": 329.24, "has_data": true, "synthetic": false}
{"system": "webposto", "endpoint": "/INTEGRACAO/CONSULTAR_CAIXA_REDE", "status": 200, "latency_ms": 325.66, "has_data": true, "synthetic": false}
{"system": "webposto", "endpoint": "/INTEGRACAO/CONSULTAR_CAIXA_REDE", "status": 200, "latency_ms": 358.25, "has_data": true, "synthetic": false}
{"system": "webposto", "endpoint": "/INTEGRACAO/CONSULTAR_CAIXA_REDE", "status": 200, "latency_ms": 351.77, "has_data": true, "synthetic": false}
{"system": "webposto", "endpoint": "/INTEGRACAO/CONSULTAR_CAIXA_REDE", "status": 200, "latency_ms": 370.71, "has_data": true, "synthetic": false}
{"system": "webposto", "endpoint": "/INTEGRACAO/CONSULTAR_CAIXA_REDE", "status": 200, "latency_ms": 347.88, "has_data": true, "synthetic": false}
{"system": "webposto", "endpoint": "/INTEGRACAO/CONSULTAR_CAIXA_REDE", "status": 200, "latency_ms": 369.72, "has_data": true, "synthetic": false}
{"system": "webposto", "endpoint": "/INTEGRACAO/CONSULTAR_CAIXA_REDE", "status": 200, "latency_ms": 342.92, "has_data": true, "synthetic": false}
{"system": "webposto", "endpoint": "/INTEGRACAO/CONSULTAR_DESPESAS_FINANCEIRO_REDE", "status": 200, "latency_ms": 1532.48, "has_data": true, "synthetic": false}
{"system": "webposto", "endpoint": "/INTEGRACAO/CONSULTAR_CAIXA_APRESENTADO_REDE", "status": 200, "latency_ms": 368.15, "has_data": false, "synthetic": false}
{"system": "webposto", "endpoint": "/INTEGRACAO/CAIXA", "status": 200, "latency_ms": 884.62, "has_data": true, "synthetic": false}
{"system": "webposto", "endpoint": "/INTEGRACAO/CONSULTAR_CAIXA_REDE", "status": 200, "latency_ms": 1144.31, "has_data": true, "synthetic": false}
{"system": "webposto", "endpoint": "/INTEGRACAO/CAIXA_APRESENTADO", "status": 200, "latency_ms": 853.71, "has_data": true, "synthetic": false}
{"system": "webposto", "endpoint": "/INTEGRACAO/CONSULTAR_CAIXA_REDE", "status": 200, "latency_ms": 355.11, "has_data": true, "synthetic": false}
{"system": "webposto", "endpoint": "/INTEGRACAO/CONSULTAR_CAIXA_REDE", "status": 200, "latency_ms": 338.79, "has_data": true, "synthetic": false}
{"system": "webposto", "endpoint": "/INTEGRACAO/CONSULTAR_CAIXA_REDE", "status": 200, "latency_ms": 368.48, "has_data": true, "synthetic": false}
{"system": "webposto", "endpoint": "/INTEGRACAO/CONSULTAR_CAIXA_REDE", "status": 200, "latency_ms": 333.31, "has_data": true, "synthetic": false}
{"system": "webposto", "endpoint": "/INTEGRACAO/CONSULTAR_CAIXA_REDE", "status": 200, "latency_ms": 354.91, "has_data": true, "synthetic": false}
{"system": "webposto", "endpoint": "/INTEGRACAO/CONSULTAR_CAIXA_REDE", "status": 200, "latency_ms": 359.28, "has_data": true, "synthetic": false}
{"system": "webposto", "endpoint": "/INTEGRACAO/CONSULTAR_CAIXA_REDE", "status": 200, "latency_ms": 362.34, "has_data": true, "synthetic": false}
{"system": "webposto", "endpoint": "/INTEGRACAO/CONSULTAR_CAIXA_REDE", "status": 200, "latency_ms": 373.21, "has_data": true, "synthetic": false}
{"system": "webposto", "endpoint": "/INTEGRACAO/CONSULTAR_CAIXA_REDE", "status": 200, "latency_ms": 575.9, "has_data": true, "synthetic": false}
{"system": "webposto", "endpoint": "/INTEGRACAO/CONSULTAR_CAIXA_REDE", "status": 200, "latency_ms": 340.78, "has_data": true, "synthetic": false}
{"system": "webposto", "endpoint": "/INTEGRACAO/CONSULTAR_CAIXA_REDE", "status": 200, "latency_ms": 351.92, "has_data": true, "synthetic": false}
{"system": "webposto", "endpoint": "/INTEGRACAO/CONSULTAR_CAIXA_REDE", "status": 200, "latency_ms": 329.35, "has_data": true, "synthetic": false}
{"system": "webposto", "endpoint": "/INTEGRACAO/CONSULTAR_CAIXA_REDE", "status": 200, "latency_ms": 334.04, "has_data": true, "synthetic": false}
{"system": "webposto", "endpoint": "/INTEGRACAO/CONSULTAR_CAIXA_REDE", "status": 200, "latency_ms": 334.67, "has_data": true, "synthetic": false}
{"system": "webposto", "endpoint": "/INTEGRACAO/EMPRESAS", "status": 200, "latency_ms": 320.55, "has_data": true, "synthetic": false}
{"system": "webposto", "endpoint": "/INTEGRACAO/TITULO_PAGAR", "status": 200, "latency_ms": 580.47, "has_data": false, "synthetic": false}
{"system": "webposto", "endpoint": "/INTEGRACAO/TITULO_PAGAR", "status": 200, "latency_ms": 2145.33, "has_data": false, "synthetic": false}
{"system": "webposto", "endpoint": "/INTEGRACAO/TITULO_PAGAR", "status": 200, "latency_ms": 1627.69, "has_data": false, "synthetic": false}
{"system": "webposto", "endpoint": "/INTEGRACAO/TITULO_PAGAR", "status": 200, "latency_ms": 1110.57, "has_data": false, "synthetic": false}
{"system": "webposto", "endpoint": "/INTEGRACAO/TITULO_PAGAR", "status": 200, "latency_ms": 1374.2, "has_data": false, "synthetic": false}
{"system": "webposto", "endpoint": "/INTEGRACAO/TITULO_PAGAR", "status": 200, "latency_ms": 853.78, "has_data": false, "synthetic": false}
{"system": "webposto", "endpoint": "/INTEGRACAO/TITULO_PAGAR", "status": 200, "latency_ms": 1906.28, "has_data": false, "synthetic": false}
{"system": "webposto", "endpoint": "/INTEGRACAO/TITULO_PAGAR", "status": 200, "latency_ms": 2421.13, "has_data": false, "synthetic": false}
{"system": "webposto", "endpoint": "/INTEGRACAO/TITULO_PAGAR", "status": 200, "latency_ms": 379.47, "has_data": false, "synthetic": false}
{"system": "webposto", "endpoint": "/INTEGRACAO/TITULO_PAGAR", "status": 200, "latency_ms": 2767.54, "has_data": true, "synthetic": false}
{"system": "webposto", "endpoint": "/INTEGRACAO/TITULO_PAGAR", "status": 200, "latency_ms": 3054.34, "has_data": true, "synthetic": false}
{"system": "webposto", "endpoint": "/INTEGRACAO/MOVIMENTO_CONTA", "status": 200, "latency_ms": 2264.89, "has_data": true, "synthetic": false}
{"system": "webposto", "endpoint": "/INTEGRACAO/CONSULTAR_DESPESAS_FINANCEIRO_REDE", "status": 200, "latency_ms": 36898.56, "has_data": true, "synthetic": false}
{"system": "webposto", "endpoint": "/INTEGRACAO/CONSULTAR_CAIXA_APRESENTADO_REDE", "status": 200, "latency_ms": 326.59, "has_data": false, "synthetic": false}
{"system": "webposto", "endpoint": "/INTEGRACAO/CONSULTAR_CAIXA_REDE", "status": 200, "latency_ms": 1296.67, "has_data": true, "synthetic": false}
{"system": "webposto", "endpoint": "/INTEGRACAO/CAIXA_APRESENTADO", "status": 200, "latency_ms": 1080.28, "has_data": true, "synthetic": false}
{"system": "webposto", "endpoint": "/INTEGRACAO/CAIXA", "status": 200, "latency_ms": 1336.02, "has_data": true, "synthetic": false}
{"system": "webposto", "endpoint": "/INTEGRACAO/CONSULTAR_CAIXA_REDE", "status": 200, "latency_ms": 391.58, "has_data": true, "synthetic": false}
{"system": "webposto", "endpoint": "/INTEGRACAO/CONSULTAR_CAIXA_REDE", "status": 200, "latency_ms": 385.29, "has_data": true, "synthetic": false}
{"system": "webposto", "endpoint": "/INTEGRACAO/CONSULTAR_CAIXA_REDE", "status": 200, "latency_ms": 404.65, "has_data": true, "synthetic": false}
{"system": "webposto", "endpoint": "/INTEGRACAO/CONSULTAR_CAIXA_REDE", "status": 200, "latency_ms": 575.32, "has_data": true, "synthetic": false}
{"system": "webposto", "endpoint": "/INTEGRACAO/CONSULTAR_CAIXA_REDE", "status": 200, "latency_ms": 372.83, "has_data": true, "synthetic": false}
{"system": "webposto", "endpoint": "/INTEGRACAO/CONSULTAR_CAIXA_REDE", "status": 200, "latency_ms": 341.19, "has_data": true, "synthetic": false}
{"system": "webposto", "endpoint": "/INTEGRACAO/CONSULTAR_CAIXA_REDE", "status": 200, "latency_ms": 354.35, "has_data": true, "synthetic": false}
{"system": "webposto", "endpoint": "/INTEGRACAO/CONSULTAR_CAIXA_REDE", "status": 200, "latency_ms": 336.4, "has_data": true, "synthetic": false}
{"system": "webposto", "endpoint": "/INTEGRACAO/CONSULTAR_CAIXA_REDE", "status": 200, "latency_ms": 359.83, "has_data": true, "synthetic": false}
{"system": "webposto", "endpoint": "/INTEGRACAO/CONSULTAR_CAIXA_REDE", "status": 200, "latency_ms": 354.6, "has_data": true, "synthetic": false}
{"system": "webposto", "endpoint": "/INTEGRACAO/CONSULTAR_CAIXA_REDE", "status": 200, "latency_ms": 354.2, "has_data": true, "synthetic": false}
{"system": "webposto", "endpoint": "/INTEGRACAO/CONSULTAR_CAIXA_REDE", "status": 200, "latency_ms": 373.68, "has_data": true, "synthetic": false}
{"system": "webposto", "endpoint": "/INTEGRACAO/CONSULTAR_CAIXA_REDE", "status": 200, "latency_ms": 338.02, "has_data": true, "synthetic": false}
{"system": "webposto", "endpoint": "/INTEGRACAO/CONSULTAR_CAIXA_REDE", "status": 200, "latency_ms": 348.91, "has_data": true, "synthetic": false}
{"system": "webposto", "endpoint": "/INTEGRACAO/EMPRESAS", "status": 200, "latency_ms": 563.63, "has_data": true, "synthetic": false}
{"system": "webposto", "endpoint": "/INTEGRACAO/TITULO_PAGAR", "status": 200, "latency_ms": 2080.61, "has_data": false, "synthetic": false}
{"system": "webposto", "endpoint": "/INTEGRACAO/TITULO_PAGAR", "status": 200, "latency_ms": 1301.82, "has_data": false, "synthetic": false}
{"system": "webposto", "endpoint": "/INTEGRACAO/TITULO_PAGAR", "status": 200, "latency_ms": 784.66, "has_data": false, "synthetic": false}
{"system": "webposto", "endpoint": "/INTEGRACAO/TITULO_PAGAR", "status": 200, "latency_ms": 350.58, "has_data": false, "synthetic": false}
{"system": "webposto", "endpoint": "/INTEGRACAO/TITULO_PAGAR", "status": 200, "latency_ms": 1829.52, "has_data": false, "synthetic": false}
{"system": "webposto", "endpoint": "/INTEGRACAO/TITULO_PAGAR", "status": 200, "latency_ms": 1572.47, "has_data": false, "synthetic": false}
{"system": "webposto", "endpoint": "/INTEGRACAO/TITULO_PAGAR", "status": 200, "latency_ms": 2360.86, "has_data": false, "synthetic": false}
{"system": "webposto", "endpoint": "/INTEGRACAO/TITULO_PAGAR", "status": 200, "latency_ms": 1055.71, "has_data": false, "synthetic": false}
{"system": "webposto", "endpoint": "/INTEGRACAO/TITULO_PAGAR", "status": 200, "latency_ms": 589.23, "has_data": false, "synthetic": false}
{"system": "webposto", "endpoint": "/INTEGRACAO/TITULO_PAGAR", "status": 200, "latency_ms": 3008.24, "has_data": true, "synthetic": false}
{"system": "webposto", "endpoint": "/INTEGRACAO/TITULO_PAGAR", "status": 200, "latency_ms": 3419.85, "has_data": true, "synthetic": false}
{"system": "webposto", "endpoint": "/INTEGRACAO/MOVIMENTO_CONTA", "status": 200, "latency_ms": 6410.32, "has_data": true, "synthetic": false}
{"system": "webposto", "endpoint": "/INTEGRACAO/CONSULTAR_DESPESAS_FINANCEIRO_REDE", "status": 200, "latency_ms": 27958.2, "has_data": true, "synthetic": false}
{"system": "webposto", "endpoint": "/INTEGRACAO/CONSULTAR_CAIXA_APRESENTADO_REDE", "status": 200, "latency_ms": 335.2, "has_data": false, "synthetic": false}
{"system": "webposto", "endpoint": "/INTEGRACAO/CAIXA", "status": 200, "latency_ms": 1007.23, "has_data": true, "synthetic": false}
{"system": "webposto", "endpoint": "/INTEGRACAO/CONSULTAR_CAIXA_REDE", "status": 200, "latency_ms": 1272.39, "has_data": true, "synthetic": false}
{"system": "webposto", "endpoint": "/INTEGRACAO/CAIXA_APRESENTADO", "status": 200, "latency_ms": 1052.62, "has_data": true, "synthetic": false}
{"system": "webposto", "endpoint": "/INTEGRACAO/CONSULTAR_CAIXA_REDE", "status": 200, "latency_ms": 366.64, "has_data": true, "synthetic": false}
{"system": "webposto", "endpoint": "/INTEGRACAO/CONSULTAR_CAIXA_REDE", "status": 200, "latency_ms": 344.04, "has_data": true, "synthetic": false}
{"system": "webposto", "endpoint": "/INTEGRACAO/CONSULTAR_CAIXA_REDE", "status": 200, "latency_ms": 358.73, "has_data": true, "synthetic": false}
{"system": "webposto", "endpoint": "/INTEGRACAO/CONSULTAR_CAIXA_REDE", "status": 200, "latency_ms": 540.2, "has_data": true, "synthetic": false}
{"system": "webposto", "endpoint": "/INTEGRACAO/CONSULTAR_CAIXA_REDE", "status": 200, "latency_ms": 343.18, "has_data": true, "synthetic": false}
{"system": "webposto", "endpoint": "/INTEGRACAO/CONSULTAR_CAIXA_REDE", "status": 200, "latency_ms": 335.99, "has_data": true, "synthetic": false}
{"system": "webposto", "endpoint": "/INTEGRACAO/CONSULTAR_CAIXA_REDE", "status": 200, "latency_ms": 339.38, "has_data": true, "synthetic": false}
{"system": "webposto", "endpoint": "/INTEGRACAO/CONSULTAR_CAIXA_REDE", "status": 200, "latency_ms": 378.34, "has_data": true, "synthetic": false}
{"system": "webposto", "endpoint": "/INTEGRACAO/CONSULTAR_CAIXA_REDE", "status": 200, "latency_ms": 355.5, "has_data": true, "synthetic": false}
{"system": "webposto", "endpoint": "/INTEGRACAO/CONSULTAR_CAIXA_REDE", "status": 200, "latency_ms": 356.4, "has_data": true, "synthetic": false}
{"system": "webposto", "endpoint": "/INTEGRACAO/CONSULTAR_CAIXA_REDE", "status": 200, "latency_ms": 563.54, "has_data": true, "synthetic": false}
{"system": "webposto", "endpoint": "/INTEGRACAO/CONSULTAR_CAIXA_REDE", "status": 200, "latency_ms": 353.51, "has_data": true, "synthetic": false}
{"system": "webposto", "endpoint": "/INTEGRACAO/CONSULTAR_CAIXA_REDE", "status": 200, "latency_ms": 344.07, "has_data": true, "synthetic": false}
{"system": "webposto", "endpoint": "/INTEGRACAO/CONSULTAR_CAIXA_REDE", "status": 200, "latency_ms": 390.27, "has_data": true, "synthetic": false}
{"system": "webposto", "endpoint": "/INTEGRACAO/CONSULTAR_DESPESAS_FINANCEIRO_REDE", "status": 200, "latency_ms": 4314.05, "has_data": true, "synthetic": false}
{"system": "webposto", "endpoint": "/INTEGRACAO/CONSULTAR_CAIXA_APRESENTADO_REDE", "status": 200, "latency_ms": 428.18, "has_data": false, "synthetic": false}
{"system": "webposto", "endpoint": "/INTEGRACAO/CAIXA", "status": 200, "latency_ms": 1007.28, "has_data": true, "synthetic": false}
{"system": "webposto", "endpoint": "/INTEGRACAO/CONSULTAR_CAIXA_REDE", "status": 200, "latency_ms": 1273.18, "has_data": true, "synthetic": false}
{"system": "webposto", "endpoint": "/INTEGRACAO/CAIXA_APRESENTADO", "status": 200, "latency_ms": 1025.53, "has_data": true, "synthetic": false}
{"system": "webposto", "endpoint": "/INTEGRACAO/CONSULTAR_CAIXA_REDE", "status": 200, "latency_ms": 342.2, "has_data": true, "synthetic": false}
{"system": "webposto", "endpoint": "/INTEGRACAO/CONSULTAR_CAIXA_REDE", "status": 200, "latency_ms": 389.12, "has_data": true, "synthetic": false}
{"system": "webposto", "endpoint": "/INTEGRACAO/CONSULTAR_CAIXA_REDE", "status": 200, "latency_ms": 364.5, "has_data": true, "synthetic": false}
{"system": "webposto", "endpoint": "/INTEGRACAO/CONSULTAR_CAIXA_REDE", "status": 200, "latency_ms": 340.36, "has_data": true, "synthetic": false}
{"system": "webposto", "endpoint": "/INTEGRACAO/CONSULTAR_CAIXA_REDE", "status": 200, "latency_ms": 357.15, "has_data": true, "synthetic": false}
{"system": "webposto", "endpoint": "/INTEGRACAO/CONSULTAR_CAIXA_REDE", "status": 200, "latency_ms": 379.43, "has_data": true, "synthetic": false}
{"system": "webposto", "endpoint": "/INTEGRACAO/CONSULTAR_CAIXA_REDE", "status": 200, "latency_ms": 384.48, "has_data": true, "synthetic": false}
{"system": "webposto", "endpoint": "/INTEGRACAO/CONSULTAR_CAIXA_REDE", "status": 200, "latency_ms": 352.66, "has_data": true, "synthetic": false}
{"system": "webposto", "endpoint": "/INTEGRACAO/CONSULTAR_CAIXA_REDE", "status": 200, "latency_ms": 351.78, "has_data": true, "synthetic": false}
{"system": "webposto", "endpoint": "/INTEGRACAO/CONSULTAR_CAIXA_REDE", "status": 200, "latency_ms": 372.17, "has_data": true, "synthetic": false}
{"system": "webposto", "endpoint": "/INTEGRACAO/CONSULTAR_CAIXA_REDE", "status": 200, "latency_ms": 357.07, "has_data": true, "synthetic": false}
{"system": "webposto", "endpoint": "/INTEGRACAO/CONSULTAR_CAIXA_REDE", "status": 200, "latency_ms": 386.82, "has_data": true, "synthetic": false}
{"system": "webposto", "endpoint": "/INTEGRACAO/CONSULTAR_CAIXA_REDE", "status": 200, "latency_ms": 365.44, "has_data": true, "synthetic": false}
{"system": "webposto", "endpoint": "/INTEGRACAO/CONSULTAR_CAIXA_REDE", "status": 200, "latency_ms": 353.32, "has_data": true, "synthetic": false}
{"system": "webposto", "endpoint": "/INTEGRACAO/EMPRESAS", "status": 200, "latency_ms": 340.99, "has_data": true, "synthetic": false}
{"system": "webposto", "endpoint": "/INTEGRACAO/TITULO_PAGAR", "status": 200, "latency_ms": 2516.1, "has_data": false, "synthetic": false}
{"system": "webposto", "endpoint": "/INTEGRACAO/TITULO_PAGAR", "status": 200, "latency_ms": 1972.31, "has_data": false, "synthetic": false}
{"system": "webposto", "endpoint": "/INTEGRACAO/TITULO_PAGAR", "status": 200, "latency_ms": 2255.67, "has_data": false, "synthetic": false}
{"system": "webposto", "endpoint": "/INTEGRACAO/TITULO_PAGAR", "status": 200, "latency_ms": 394.75, "has_data": false, "synthetic": false}
{"system": "webposto", "endpoint": "/INTEGRACAO/TITULO_PAGAR", "status": 200, "latency_ms": 1444.77, "has_data": false, "synthetic": false}
{"system": "webposto", "endpoint": "/INTEGRACAO/TITULO_PAGAR", "status": 200, "latency_ms": 1182.35, "has_data": false, "synthetic": false}
{"system": "webposto", "endpoint": "/INTEGRACAO/TITULO_PAGAR", "status": 200, "latency_ms": 1713.87, "has_data": false, "synthetic": false}
{"system": "webposto", "endpoint": "/INTEGRACAO/TITULO_PAGAR", "status": 200, "latency_ms": 934.89, "has_data": false, "synthetic": false}
{"system": "webposto", "endpoint": "/INTEGRACAO/TITULO_PAGAR", "status": 200, "latency_ms": 686.72, "has_data": false, "synthetic": false}
{"system": "webposto", "endpoint": "/INTEGRACAO/TITULO_PAGAR", "status": 200, "latency_ms": 2993.89, "has_data": true, "synthetic": false}
{"system": "webposto", "endpoint": "/INTEGRACAO/TITULO_PAGAR", "status": 200, "latency_ms": 3285.02, "has_data": true, "synthetic": false}
{"system": "webposto", "endpoint": "/INTEGRACAO/MOVIMENTO_CONTA", "status": 200, "latency_ms": 3443.29, "has_data": true, "synthetic": false}
{"system": "webposto", "endpoint": "/INTEGRACAO/TRANSFERENCIA_BANCARIA", "status": 503, "latency_ms": 0, "has_data": false, "synthetic": false, "circuit_open": true}
{"system": "webposto", "endpoint": "/INTEGRACAO/CONSULTAR_DESPESAS_FINANCEIRO_REDE", "status": 200, "latency_ms": 944.24, "has_data": true, "synthetic": false}
{"system": "webposto", "endpoint": "/INTEGRACAO/CONSULTAR_CAIXA_REDE", "status": 200, "latency_ms": 1146.45, "has_data": true, "synthetic": false}
{"system": "webposto", "endpoint": "/INTEGRACAO/CONSULTAR_CAIXA_APRESENTADO_REDE", "status": 200, "latency_ms": 639.73, "has_data": false, "synthetic": false}
{"system": "webposto", "endpoint": "/INTEGRACAO/CAIXA", "status": 200, "latency_ms": 1164.58, "has_data": true, "synthetic": false}
{"system": "webposto", "endpoint": "/INTEGRACAO/CAIXA_APRESENTADO", "status": 200, "latency_ms": 903.56, "has_data": true, "synthetic": false}
{"system": "webposto", "endpoint": "/INTEGRACAO/CONSULTAR_CAIXA_REDE", "status": 200, "latency_ms": 399.34, "has_data": true, "synthetic": false}
{"system": "webposto", "endpoint": "/INTEGRACAO/CONSULTAR_CAIXA_REDE", "status": 200, "latency_ms": 337.37, "has_data": true, "synthetic": false}
{"system": "webposto", "endpoint": "/INTEGRACAO/CONSULTAR_CAIXA_REDE", "status": 200, "latency_ms": 336.3, "has_data": true, "synthetic": false}
{"system": "webposto", "endpoint": "/INTEGRACAO/CONSULTAR_CAIXA_REDE", "status": 200, "latency_ms": 341.65, "has_data": true, "synthetic": false}
{"system": "webposto", "endpoint": "/INTEGRACAO/CONSULTAR_CAIXA_REDE", "status": 200, "latency_ms": 369.28, "has_data": true, "synthetic": false}
{"system": "webposto", "endpoint": "/INTEGRACAO/CONSULTAR_CAIXA_REDE", "status": 200, "latency_ms": 325.82, "has_data": true, "synthetic": false}
{"system": "webposto", "endpoint": "/INTEGRACAO/CONSULTAR_CAIXA_REDE", "status": 200, "latency_ms": 367.45, "has_data": true, "synthetic": false}
{"system": "webposto", "endpoint": "/INTEGRACAO/CONSULTAR_CAIXA_REDE", "status": 200, "latency_ms": 337.07, "has_data": true, "synthetic": false}
{"system": "webposto", "endpoint": "/INTEGRACAO/CONSULTAR_CAIXA_REDE", "status": 200, "latency_ms": 350.75, "has_data": true, "synthetic": false}
{"system": "webposto", "endpoint": "/INTEGRACAO/CONSULTAR_CAIXA_REDE", "status": 200, "latency_ms": 333.71, "has_data": true, "synthetic": false}
{"system": "webposto", "endpoint": "/INTEGRACAO/CONSULTAR_CAIXA_REDE", "status": 200, "latency_ms": 550.36, "has_data": true, "synthetic": false}
{"system": "webposto", "endpoint": "/INTEGRACAO/CONSULTAR_CAIXA_REDE", "status": 200, "latency_ms": 337.47, "has_data": true, "synthetic": false}
{"system": "webposto", "endpoint": "/INTEGRACAO/CONSULTAR_CAIXA_REDE", "status": 200, "latency_ms": 341.22, "has_data": true, "synthetic": false}
{"system": "webposto", "endpoint": "/INTEGRACAO/CONSULTAR_CAIXA_REDE", "status": 200, "latency_ms": 576.52, "has_data": true, "synthetic": false}
{"system": "webposto", "endpoint": "/INTEGRACAO/EMPRESAS", "status": 200, "latency_ms": 445.99, "has_data": true, "synthetic": false}
{"system": "webposto", "endpoint": "/INTEGRACAO/TITULO_PAGAR", "status": 200, "latency_ms": 362.84, "has_data": true, "synthetic": false}
{"system": "webposto", "endpoint": "/INTEGRACAO/MOVIMENTO_CONTA", "status": 200, "latency_ms": 478.55, "has_data": true, "synthetic": false}
{"system": "webposto", "endpoint": "/INTEGRACAO/TRANSFERENCIA_BANCARIA", "status": 503, "latency_ms": 0, "has_data": false, "synthetic": false, "circuit_open": true}
{"system": "webposto", "endpoint": "/INTEGRACAO/CONSULTAR_DESPESAS_FINANCEIRO_REDE", "status": 200, "latency_ms": 476.69, "has_data": true, "synthetic": false}
{"system": "webposto", "endpoint": "/INTEGRACAO/CONSULTAR_CAIXA_APRESENTADO_REDE", "status": 200, "latency_ms": 329.93, "has_data": false, "synthetic": false}
{"system": "webposto", "endpoint": "/INTEGRACAO/CAIXA", "status": 200, "latency_ms": 982.58, "has_data": true, "synthetic": false}
{"system": "webposto", "endpoint": "/INTEGRACAO/CONSULTAR_CAIXA_REDE", "status": 200, "latency_ms": 1224.03, "has_data": true, "synthetic": false}
{"system": "webposto", "endpoint": "/INTEGRACAO/CAIXA_APRESENTADO", "status": 200, "latency_ms": 1065.79, "has_data": true, "synthetic": false}
{"system": "webposto", "endpoint": "/INTEGRACAO/CONSULTAR_CAIXA_REDE", "status": 200, "latency_ms": 357.18, "has_data": true, "synthetic": false}
{"system": "webposto", "endpoint": "/INTEGRACAO/CONSULTAR_CAIXA_REDE", "status": 200, "latency_ms": 332.62, "has_data": true, "synthetic": false}
{"system": "webposto", "endpoint": "/INTEGRACAO/CONSULTAR_CAIXA_REDE", "status": 200, "latency_ms": 324.47, "has_data": true, "synthetic": false}
{"system": "webposto", "endpoint": "/INTEGRACAO/CONSULTAR_CAIXA_REDE", "status": 200, "latency_ms": 320.19, "has_data": true, "synthetic": false}
{"system": "webposto", "endpoint": "/INTEGRACAO/CONSULTAR_CAIXA_REDE", "status": 200, "latency_ms": 337.39, "has_data": true, "synthetic": false}
{"system": "webposto", "endpoint": "/INTEGRACAO/CONSULTAR_CAIXA_REDE", "status": 200, "latency_ms": 328.55, "has_data": true, "synthetic": false}
{"system": "webposto", "endpoint": "/INTEGRACAO/CONSULTAR_CAIXA_REDE", "status": 200, "latency_ms": 327.82, "has_data": true, "synthetic": false}
{"system": "webposto", "endpoint": "/INTEGRACAO/CONSULTAR_CAIXA_REDE", "status": 200, "latency_ms": 333.02, "has_data": true, "synthetic": false}
{"system": "webposto", "endpoint": "/INTEGRACAO/CONSULTAR_CAIXA_REDE", "status": 200, "latency_ms": 347.11, "has_data": true, "synthetic": false}
{"system": "webposto", "endpoint": "/INTEGRACAO/CONSULTAR_CAIXA_REDE", "status": 200, "latency_ms": 318.9, "has_data": true, "synthetic": false}
{"system": "webposto", "endpoint": "/INTEGRACAO/CONSULTAR_CAIXA_REDE", "status": 200, "latency_ms": 347.1, "has_data": true, "synthetic": false}
{"system": "webposto", "endpoint": "/INTEGRACAO/CONSULTAR_CAIXA_REDE", "status": 200, "latency_ms": 352.31, "has_data": true, "synthetic": false}
{"system": "webposto", "endpoint": "/INTEGRACAO/CONSULTAR_CAIXA_REDE", "status": 200, "latency_ms": 336.57, "has_data": true, "synthetic": false}
{"system": "webposto", "endpoint": "/INTEGRACAO/CONSULTAR_CAIXA_REDE", "status": 200, "latency_ms": 329.44, "has_data": true, "synthetic": false}
{"system": "webposto", "endpoint": "/INTEGRACAO/CONSULTAR_DESPESAS_FINANCEIRO_REDE", "status": 200, "latency_ms": 391.54, "has_data": true, "synthetic": false}
{"system": "webposto", "endpoint": "/INTEGRACAO/CONSULTAR_CAIXA_APRESENTADO_REDE", "status": 200, "latency_ms": 317.15, "has_data": false, "synthetic": false}
{"system": "webposto", "endpoint": "/INTEGRACAO/CAIXA", "status": 200, "latency_ms": 890.62, "has_data": true, "synthetic": false}
{"system": "webposto", "endpoint": "/INTEGRACAO/CONSULTAR_CAIXA_REDE", "status": 200, "latency_ms": 1213.28, "has_data": true, "synthetic": false}
{"system": "webposto", "endpoint": "/INTEGRACAO/CAIXA_APRESENTADO", "status": 200, "latency_ms": 1034.93, "has_data": true, "synthetic": false}
{"system": "webposto", "endpoint": "/INTEGRACAO/CONSULTAR_CAIXA_REDE", "status": 200, "latency_ms": 327.74, "has_data": true, "synthetic": false}
{"system": "webposto", "endpoint": "/INTEGRACAO/CONSULTAR_CAIXA_REDE", "status": 200, "latency_ms": 358.73, "has_data": true, "synthetic": false}
{"system": "webposto", "endpoint": "/INTEGRACAO/CONSULTAR_CAIXA_REDE", "status": 200, "latency_ms": 329.5, "has_data": true, "synthetic": false}
{"system": "webposto", "endpoint": "/INTEGRACAO/CONSULTAR_CAIXA_REDE", "status": 200, "latency_ms": 323.8, "has_data": true, "synthetic": false}
{"system": "webposto", "endpoint": "/INTEGRACAO/CONSULTAR_CAIXA_REDE", "status": 200, "latency_ms": 357.42, "has_data": true, "synthetic": false}
{"system": "webposto", "endpoint": "/INTEGRACAO/CONSULTAR_CAIXA_REDE", "status": 200, "latency_ms": 345.55, "has_data": true, "synthetic": false}
{"system": "webposto", "endpoint": "/INTEGRACAO/CONSULTAR_CAIXA_REDE", "status": 200, "latency_ms": 340.16, "has_data": true, "synthetic": false}
{"system": "webposto", "endpoint": "/INTEGRACAO/CONSULTAR_CAIXA_REDE", "status": 200, "latency_ms": 350.31, "has_data": true, "synthetic": false}
{"system": "webposto", "endpoint": "/INTEGRACAO/CONSULTAR_CAIXA_REDE", "status": 200, "latency_ms": 325.09, "has_data": true, "synthetic": false}
{"system": "webposto", "endpoint": "/INTEGRACAO/CONSULTAR_CAIXA_REDE", "status": 200, "latency_ms": 317.05, "has_data": true, "synthetic": false}
{"system": "webposto", "endpoint": "/INTEGRACAO/CONSULTAR_CAIXA_REDE", "status": 200, "latency_ms": 336.13, "has_data": true, "synthetic": false}
{"system": "webposto", "endpoint": "/INTEGRACAO/CONSULTAR_CAIXA_REDE", "status": 200, "latency_ms": 339.0, "has_data": true, "synthetic": false}
{"system": "webposto", "endpoint": "/INTEGRACAO/CONSULTAR_CAIXA_REDE", "status": 200, "latency_ms": 547.67, "has_data": true, "synthetic": false}
{"system": "webposto", "endpoint": "/INTEGRACAO/CONSULTAR_CAIXA_REDE", "status": 200, "latency_ms": 335.07, "has_data": true, "synthetic": false}
{"system": "webposto", "endpoint": "/INTEGRACAO/CONSULTAR_DESPESAS_FINANCEIRO_REDE", "status": 200, "latency_ms": 25584.29, "has_data": true, "synthetic": false}
{"system": "webposto", "endpoint": "/INTEGRACAO/CONSULTAR_CAIXA_APRESENTADO_REDE", "status": 200, "latency_ms": 326.3, "has_data": false, "synthetic": false}
{"system": "webposto", "endpoint": "/INTEGRACAO/CONSULTAR_CAIXA_REDE", "status": 200, "latency_ms": 1393.63, "has_data": true, "synthetic": false}
{"system": "webposto", "endpoint": "/INTEGRACAO/CAIXA", "status": 200, "latency_ms": 1405.63, "has_data": true, "synthetic": false}
{"system": "webposto", "endpoint": "/INTEGRACAO/CAIXA_APRESENTADO", "status": 200, "latency_ms": 1078.86, "has_data": true, "synthetic": false}
{"system": "webposto", "endpoint": "/INTEGRACAO/CONSULTAR_CAIXA_REDE", "status": 200, "latency_ms": 357.07, "has_data": true, "synthetic": false}
{"system": "webposto", "endpoint": "/INTEGRACAO/CONSULTAR_CAIXA_REDE", "status": 200, "latency_ms": 337.32, "has_data": true, "synthetic": false}
{"system": "webposto", "endpoint": "/INTEGRACAO/CONSULTAR_CAIXA_REDE", "status": 200, "latency_ms": 367.33, "has_data": true, "synthetic": false}
{"system": "webposto", "endpoint": "/INTEGRACAO/CONSULTAR_CAIXA_REDE", "status": 200, "latency_ms": 342.99, "has_data": true, "synthetic": false}
{"system": "webposto", "endpoint": "/INTEGRACAO/CONSULTAR_CAIXA_REDE", "status": 200, "latency_ms": 412.58, "has_data": true, "synthetic": false}
{"system": "webposto", "endpoint": "/INTEGRACAO/CONSULTAR_CAIXA_REDE", "status": 200, "latency_ms": 358.86, "has_data": true, "synthetic": false}
{"system": "webposto", "endpoint": "/INTEGRACAO/CONSULTAR_CAIXA_REDE", "status": 200, "latency_ms": 338.19, "has_data": true, "synthetic": false}
{"system": "webposto", "endpoint": "/INTEGRACAO/CONSULTAR_CAIXA_REDE", "status": 200, "latency_ms": 367.63, "has_data": true, "synthetic": false}
{"system": "webposto", "endpoint": "/INTEGRACAO/CONSULTAR_CAIXA_REDE", "status": 200, "latency_ms": 346.03, "has_data": true, "synthetic": false}
{"system": "webposto", "endpoint": "/INTEGRACAO/CONSULTAR_CAIXA_REDE", "status": 200, "latency_ms": 369.41, "has_data": true, "synthetic": false}
{"system": "webposto", "endpoint": "/INTEGRACAO/CONSULTAR_CAIXA_REDE", "status": 200, "latency_ms": 379.53, "has_data": true, "synthetic": false}
{"system": "webposto", "endpoint": "/INTEGRACAO/CONSULTAR_CAIXA_REDE", "status": 200, "latency_ms": 349.65, "has_data": true, "synthetic": false}
{"system": "webposto", "endpoint": "/INTEGRACAO/CONSULTAR_CAIXA_REDE", "status": 200, "latency_ms": 344.55, "has_data": true, "synthetic": false}
{"system": "webposto", "endpoint": "/INTEGRACAO/CONSULTAR_CAIXA_REDE", "status": 200, "latency_ms": 378.08, "has_data": true, "synthetic": false}
{"system": "webposto", "endpoint": "/INTEGRACAO/EMPRESAS", "status": 200, "latency_ms": 348.3, "has_data": true, "synthetic": false}
{"system": "webposto", "endpoint": "/INTEGRACAO/TITULO_PAGAR", "status": 200, "latency_ms": 1072.05, "has_data": false, "synthetic": false}
{"system": "webposto", "endpoint": "/INTEGRACAO/TITULO_PAGAR", "status": 200, "latency_ms": 378.47, "has_data": false, "synthetic": false}
{"system": "webposto", "endpoint": "/INTEGRACAO/TITULO_PAGAR", "status": 200, "latency_ms": 2723.37, "has_data": false, "synthetic": false}
{"system": "webposto", "endpoint": "/INTEGRACAO/TITULO_PAGAR", "status": 200, "latency_ms": 1408.56, "has_data": false, "synthetic": false}
{"system": "webposto", "endpoint": "/INTEGRACAO/TITULO_PAGAR", "status": 200, "latency_ms": 753.8, "has_data": false, "synthetic": false}
{"system": "webposto", "endpoint": "/INTEGRACAO/TITULO_PAGAR", "status": 200, "latency_ms": 2433.62, "has_data": false, "synthetic": false}
{"system": "webposto", "endpoint": "/INTEGRACAO/TITULO_PAGAR", "status": 200, "latency_ms": 1868.24, "has_data": false, "synthetic": false}
{"system": "webposto", "endpoint": "/INTEGRACAO/TITULO_PAGAR", "status": 200, "latency_ms": 2175.93, "has_data": false, "synthetic": false}
{"system": "webposto", "endpoint": "/INTEGRACAO/TITULO_PAGAR", "status": 200, "latency_ms": 3559.28, "has_data": true, "synthetic": false}
{"system": "webposto", "endpoint": "/INTEGRACAO/TITULO_PAGAR", "status": 200, "latency_ms": 3264.86, "has_data": false, "synthetic": false}
{"system": "webposto", "endpoint": "/INTEGRACAO/TITULO_PAGAR", "status": 200, "latency_ms": 3931.83, "has_data": true, "synthetic": false}
{"system": "webposto", "endpoint": "/INTEGRACAO/MOVIMENTO_CONTA", "status": 200, "latency_ms": 3715.17, "has_data": true, "synthetic": false}
{"system": "webposto", "endpoint": "/INTEGRACAO/TRANSFERENCIA_BANCARIA", "status": 503, "latency_ms": 0, "has_data": false, "synthetic": false, "circuit_open": true}
{"system": "webposto", "endpoint": "/INTEGRACAO/CONSULTAR_DESPESAS_FINANCEIRO_REDE", "status": 200, "latency_ms": 2373.0, "has_data": true, "synthetic": false}
{"system": "webposto", "endpoint": "/INTEGRACAO/CONSULTAR_CAIXA_APRESENTADO_REDE", "status": 200, "latency_ms": 329.94, "has_data": false, "synthetic": false}
{"system": "webposto", "endpoint": "/INTEGRACAO/CONSULTAR_CAIXA_REDE", "status": 200, "latency_ms": 1403.29, "has_data": true, "synthetic": false}
{"system": "webposto", "endpoint": "/INTEGRACAO/CAIXA", "status": 200, "latency_ms": 1355.68, "has_data": true, "synthetic": false}
{"system": "webposto", "endpoint": "/INTEGRACAO/CAIXA_APRESENTADO", "status": 200, "latency_ms": 1024.11, "has_data": true, "synthetic": false}
{"system": "webposto", "endpoint": "/INTEGRACAO/CONSULTAR_CAIXA_REDE", "status": 200, "latency_ms": 362.49, "has_data": true, "synthetic": false}
{"system": "webposto", "endpoint": "/INTEGRACAO/CONSULTAR_CAIXA_REDE", "status": 200, "latency_ms": 354.23, "has_data": true, "synthetic": false}
{"system": "webposto", "endpoint": "/INTEGRACAO/CONSULTAR_CAIXA_REDE", "status": 200, "latency_ms": 381.18, "has_data": true, "synthetic": false}
{"system": "webposto", "endpoint": "/INTEGRACAO/CONSULTAR_CAIXA_REDE", "status": 200, "latency_ms": 354.04, "has_data": true, "synthetic": false}
{"system": "webposto", "endpoint": "/INTEGRACAO/CONSULTAR_CAIXA_REDE", "status": 200, "latency_ms": 352.33, "has_data": true, "synthetic": false}
{"system": "webposto", "endpoint": "/INTEGRACAO/CONSULTAR_CAIXA_REDE", "status": 200, "latency_ms": 394.74, "has_data": true, "synthetic": false}
{"system": "webposto", "endpoint": "/INTEGRACAO/CONSULTAR_CAIXA_REDE", "status": 200, "latency_ms": 359.03, "has_data": true, "synthetic": false}
{"system": "webposto", "endpoint": "/INTEGRACAO/CONSULTAR_CAIXA_REDE", "status": 200, "latency_ms": 362.12, "has_data": true, "synthetic": false}
{"system": "webposto", "endpoint": "/INTEGRACAO/CONSULTAR_CAIXA_REDE", "status": 200, "latency_ms": 376.16, "has_data": true, "synthetic": false}
{"system": "webposto", "endpoint": "/INTEGRACAO/CONSULTAR_CAIXA_REDE", "status": 200, "latency_ms": 345.0, "has_data": true, "synthetic": false}
{"system": "webposto", "endpoint": "/INTEGRACAO/CONSULTAR_CAIXA_REDE", "status": 200, "latency_ms": 364.09, "has_data": true, "synthetic": false}
{"system": "webposto", "endpoint": "/INTEGRACAO/CONSULTAR_CAIXA_REDE", "status": 200, "latency_ms": 344.51, "has_data": true, "synthetic": false}
{"system": "webposto", "endpoint": "/INTEGRACAO/CONSULTAR_CAIXA_REDE", "status": 200, "latency_ms": 350.95, "has_data": true, "synthetic": false}
{"system": "webposto", "endpoint": "/INTEGRACAO/CONSULTAR_CAIXA_REDE", "status": 200, "latency_ms": 336.11, "has_data": true, "synthetic": false}
