{"system": "webposto", "endpoint": "/INTEGRACAO/PRODUTO_EMPRESA_REDE", "status": 401, "latency_ms": 354.35, "has_data": false, "synthetic": false, "check": "permission_discovery"}
{"system": "webposto", "endpoint": "/INTEGRACAO/CONTA", "status": 200, "latency_ms": 380.6, "has_data": true, "synthetic": false, "check": "permission_discovery"}
{"system": "webposto", "endpoint": "/INTEGRACAO/CAIXA_APRESENTADO", "status": 200, "latency_ms": 392.85, "has_data": true, "synthetic": false, "check": "permission_discovery"}
{"system": "webposto", "endpoint": "/INTEGRACAO/CONSULTAR_CAIXA_APRESENTADO_REDE", "status": 200, "latency_ms": 401.37, "has_data": true, "synthetic": false, "check": "permission_discovery"}
{"system": "webposto", "endpoint": "/INTEGRACAO/EMPRESAS", "status": 200, "latency_ms": 404.27, "has_data": true, "synthetic": false, "check": "permission_discovery"}
{"system": "webposto", "endpoint": "/INTEGRACAO/CONSULTAR_VENDA_ITEM_REDE", "status": 401, "latency_ms": 411.22, "has_data": false, "synthetic": false, "check": "permission_discovery"}
{"system": "webposto", "endpoint": "/INTEGRACAO/CAIXA", "status": 200, "latency_ms": 420.83, "has_data": true, "synthetic": false, "check": "permission_discovery"}
{"system": "webposto", "endpoint": "/INTEGRACAO/PRODUTO_ESTOQUE", "status": 400, "latency_ms": 431.25, "has_data": true, "synthetic": false, "check": "permission_discovery"}
{"system": "webposto", "endpoint": "/INTEGRACAO/CONSULTAR_VENDA_FORMA_PAGAMENTO_REDE", "status": 200, "latency_ms": 439.38, "has_data": true, "synthetic": false, "check": "permission_discovery"}
{"system": "webposto", "endpoint": "/INTEGRACAO/PRODUTO_COMBUSTIVEL", "status": 401, "latency_ms": 435.26, "has_data": false, "synthetic": false, "check": "permission_discovery"}
{"system": "webposto", "endpoint": "/INTEGRACAO/CONSULTAR_DESPESAS_FINANCEIRO_REDE", "status": 200, "latency_ms": 443.14, "has_data": true, "synthetic": false, "check": "permission_discovery"}
{"system": "webposto", "endpoint": "/INTEGRACAO/PRODUTO_REDE", "status": 401, "latency_ms": 439.33, "has_data": false, "synthetic": false, "check": "permission_discovery"}
{"system": "webposto", "endpoint": "/INTEGRACAO/ABASTECIMENTO", "status": 200, "latency_ms": 456.44, "has_data": true, "synthetic": false, "check": "permission_discovery"}
{"system": "webposto", "endpoint": "/INTEGRACAO/NFCE", "status": 200, "latency_ms": 450.33, "has_data": true, "synthetic": false, "check": "permission_discovery"}
{"system": "webposto", "endpoint": "/INTEGRACAO/VENDA_ITEM", "status": 200, "latency_ms": 472.57, "has_data": true, "synthetic": false, "check": "permission_discovery"}
{"system": "webposto", "endpoint": "/INTEGRACAO/CONSULTAR_LMC_REDE", "status": 200, "latency_ms": 473.9, "has_data": true, "synthetic": false, "check": "permission_discovery"}
{"system": "webposto", "endpoint": "/INTEGRACAO/CONSULTAR_CAIXA_REDE", "status": 200, "latency_ms": 483.46, "has_data": true, "synthetic": false, "check": "permission_discovery"}
{"system": "webposto", "endpoint": "/INTEGRACAO/MOVIMENTO_CONTA", "status": 200, "latency_ms": 484.83, "has_data": true, "synthetic": false, "check": "permission_discovery"}
{"system": "webposto", "endpoint": "/INTEGRACAO/TANQUE", "status": 200, "latency_ms": 495.45, "has_data": true, "synthetic": false, "check": "permission_discovery"}
{"system": "webposto", "endpoint": "/INTEGRACAO/TITULO_RECEBER", "status": 200, "latency_ms": 509.08, "has_data": true, "synthetic": false, "check": "permission_discovery"}
{"system": "webposto", "endpoint": "/INTEGRACAO/VENDA", "status": 200, "latency_ms": 550.8, "has_data": true, "synthetic": false, "check": "permission_discovery"}
{"system": "webposto", "endpoint": "/INTEGRACAO/TITULO_PAGAR", "status": 200, "latency_ms": 570.55, "has_data": true, "synthetic": false, "check": "permission_discovery"}
{"system": "webposto", "endpoint": "/INTEGRACAO/PRODUTO_EMPRESA", "status": 200, "latency_ms": 641.63, "has_data": true, "synthetic": false, "check": "permission_discovery"}
{"system": "webposto", "endpoint": "/INTEGRACAO/VENDA_FORMA_PAGAMENTO", "status": 200, "latency_ms": 786.16, "has_data": true, "synthetic": false, "check": "permission_discovery"}
{"system": "webposto", "endpoint": "/INTEGRACAO/TRANSFERENCIA_BANCARIA", "status": 200, "latency_ms": 949.61, "has_data": true, "synthetic": false, "check": "permission_discovery"}
{"system": "webposto", "endpoint": "/INTEGRACAO/PRODUTO", "status": 200, "latency_ms": 991.85, "has_data": true, "synthetic": false, "check": "permission_discovery"}
{"system": "webposto", "endpoint": "/INTEGRACAO/ESTOQUE_PERIODO", "status": 200, "latency_ms": 2142.41, "has_data": true, "synthetic": false, "check": "permission_discovery"}
{"system": "webposto", "endpoint": "/INTEGRACAO/CONSULTAR_ANALISE_VENDAS_COMBUSTIVEL", "status": 200, "latency_ms": 13324.6, "has_data": true, "synthetic": false, "check": "permission_discovery"}
{"system": "webposto", "endpoint": "/INTEGRACAO/CONSULTAR_DESPESAS_FINANCEIRO_REDE", "status": 200, "latency_ms": 533.76, "has_data": true, "synthetic": false}
{"system": "webposto", "endpoint": "/INTEGRACAO/CONSULTAR_CAIXA_APRESENTADO_REDE", "status": 200, "latency_ms": 332.24, "has_data": false, "synthetic": false}
{"system": "webposto", "endpoint": "/INTEGRACAO/CONSULTAR_CAIXA_REDE", "status": 200, "latency_ms": 2656.33, "has_data": true, "synthetic": false}
{"system": "webposto", "endpoint": "/INTEGRACAO/CAIXA", "status": 200, "latency_ms": 2635.05, "has_data": true, "synthetic": false}
{"system": "webposto", "endpoint": "/INTEGRACAO/CAIXA_APRESENTADO", "status": 200, "latency_ms": 1812.9, "has_data": true, "synthetic": false}
{"system": "webposto", "endpoint": "/INTEGRACAO/CONSULTAR_CAIXA_REDE", "status": 200, "latency_ms": 337.32, "has_data": true, "synthetic": false}
{"system": "webposto", "endpoint": "/INTEGRACAO/CONSULTAR_CAIXA_REDE", "status": 200, "latency_ms": 408.42, "has_data": true, "synthetic": false}
{"system": "webposto", "endpoint": "/INTEGRACAO/CONSULTAR_CAIXA_REDE", "status": 200, "latency_ms": 318.75, "has_data": true, "synthetic": false}
{"system": "webposto", "endpoint": "/INTEGRACAO/CONSULTAR_CAIXA_REDE", "status": 200, "latency_ms": 325.02, "has_data": true, "synthetic": false}
{"system": "webposto", "endpoint": "/INTEGRACAO/CONSULTAR_CAIXA_REDE", "status": 200, "latency_ms": 384.33, "has_data": true, "synthetic": false}
{"system": "webposto", "endpoint": "/INTEGRACAO/CONSULTAR_CAIXA_REDE", "status": 200, "latency_ms": 325.69, "has_data": true, "synthetic": false}
{"system": "webposto", "endpoint": "/INTEGRACAO/CONSULTAR_CAIXA_REDE", "status": 200, "latency_ms": 328.14, "has_data": true, "synthetic": false}
{"system": "webposto", "endpoint": "/INTEGRACAO/CONSULTAR_CAIXA_REDE", "status": 200, "latency_ms": 321.13, "has_data": true, "synthetic": false}
{"system": "webposto", "endpoint": "/INTEGRACAO/CONSULTAR_CAIXA_REDE", "status": 200, "latency_ms": 318.83, "has_data": true, "synthetic": false}
{"system": "webposto", "endpoint": "/INTEGRACAO/CONSULTAR_CAIXA_REDE", "status": 200, "latency_ms": 326.38, "has_data": true, "synthetic": false}
{"system": "webposto", "endpoint": "/INTEGRACAO/CONSULTAR_CAIXA_REDE", "status": 200, "latency_ms": 323.42, "has_data": true, "synthetic": false}
{"system": "webposto", "endpoint": "/INTEGRACAO/CONSULTAR_CAIXA_REDE", "status": 200, "latency_ms": 320.6, "has_data": true, "synthetic": false}
{"system": "webposto", "endpoint": "/INTEGRACAO/CONSULTAR_CAIXA_REDE", "status": 200, "latency_ms": 322.3, "has_data": true, "synthetic": false}
{"system": "webposto", "endpoint": "/INTEGRACAO/CONSULTAR_CAIXA_REDE", "status": 200, "latency_ms": 323.19, "has_data": true, "synthetic": false}
{"system": "webposto", "endpoint": "/INTEGRACAO/CONSULTAR_DESPESAS_FINANCEIRO_REDE", "status": 200, "latency_ms": 1487.28, "has_data": true, "synthetic": false}
{"system": "webposto", "endpoint": "/INTEGRACAO/CONSULTAR_CAIXA_APRESENTADO_REDE", "status": 200, "latency_ms": 320.34, "has_data": false, "synthetic": false}
{"system": "webposto", "endpoint": "/INTEGRACAO/CONSULTAR_CAIXA_REDE", "status": 200, "latency_ms": 1306.31, "has_data": true, "synthetic": false}
{"system": "webposto", "endpoint": "/INTEGRACAO/CAIXA", "status": 200, "latency_ms": 1308.85, "has_data": true, "synthetic": false}
{"system": "webposto", "endpoint": "/INTEGRACAO/CAIXA_APRESENTADO", "status": 200, "latency_ms": 951.27, "has_data": true, "synthetic": false}
{"system": "webposto", "endpoint": "/INTEGRACAO/CONSULTAR_CAIXA_REDE", "status": 200, "latency_ms": 336.61, "has_data": true, "synthetic": false}
{"system": "webposto", "endpoint": "/INTEGRACAO/CONSULTAR_CAIXA_REDE", "status": 200, "latency_ms": 327.6, "has_data": true, "synthetic": false}
{"system": "webposto", "endpoint": "/INTEGRACAO/CONSULTAR_CAIXA_REDE", "status": 200, "latency_ms": 333.55, "has_data": true, "synthetic": false}
{"system": "webposto", "endpoint": "/INTEGRACAO/CONSULTAR_CAIXA_REDE", "status": 200, "latency_ms": 339.56, "has_data": true, "synthetic": false}
{"system": "webposto", "endpoint": "/INTEGRACAO/CONSULTAR_CAIXA_REDE", "status": 200, "latency_ms": 338.87, "has_data": true, "synthetic": false}
{"system": "webposto", "endpoint": "/INTEGRACAO/CONSULTAR_CAIXA_REDE", "status": 200, "latency_ms": 335.42, "has_data": true, "synthetic": false}
{"system": "webposto", "endpoint": "/INTEGRACAO/CONSULTAR_CAIXA_REDE", "status": 200, "latency_ms": 335.11, "has_data": true, "synthetic": false}
{"system": "webposto", "endpoint": "/INTEGRACAO/CONSULTAR_CAIXA_REDE", "status": 200, "latency_ms": 349.7, "has_data": true, "synthetic": false}
{"system": "webposto", "endpoint": "/INTEGRACAO/CONSULTAR_CAIXA_REDE", "status": 200, "latency_ms": 325.76, "has_data": true, "synthetic": false}
{"system": "webposto", "endpoint": "/INTEGRACAO/CONSULTAR_CAIXA_REDE", "status": 200, "latency_ms": 334.18, "has_data": true, "synthetic": false}
{"system": "webposto", "endpoint": "/INTEGRACAO/CONSULTAR_CAIXA_REDE", "status": 200, "latency_ms": 327.41, "has_data": true, "synthetic": false}
{"system": "webposto", "endpoint": "/INTEGRACAO/CONSULTAR_CAIXA_REDE", "status": 200, "latency_ms": 336.03, "has_data": true, "synthetic": false}
{"system": "webposto", "endpoint": "/INTEGRACAO/CONSULTAR_CAIXA_REDE", "status": 200, "latency_ms": 324.67, "has_data": true, "synthetic": false}
{"system": "webposto", "endpoint": "/INTEGRACAO/CONSULTAR_CAIXA_REDE", "status": 200, "latency_ms": 341.19, "has_data": true, "synthetic": false}
{"system": "webposto", "endpoint": "/INTEGRACAO/CONSULTAR_DESPESAS_FINANCEIRO_REDE", "status": 200, "latency_ms": 7316.14, "has_data": true, "synthetic": false}
{"system": "webposto", "endpoint": "/INTEGRACAO/CONSULTAR_CAIXA_APRESENTADO_REDE", "status": 200, "latency_ms": 331.62, "has_data": false, "synthetic": false}
{"system": "webposto", "endpoint": "/INTEGRACAO/CAIXA", "status": 200, "latency_ms": 1079.06, "has_data": true, "synthetic": false}
{"system": "webposto", "endpoint": "/INTEGRACAO/CONSULTAR_CAIXA_REDE", "status": 200, "latency_ms": 1414.67, "has_data": true, "synthetic": false}
{"system": "webposto", "endpoint": "/INTEGRACAO/CAIXA_APRESENTADO", "status": 200, "latency_ms": 1073.38, "has_data": true, "synthetic": false}
{"system": "webposto", "endpoint": "/INTEGRACAO/CONSULTAR_CAIXA_REDE", "status": 200, "latency_ms": 381.55, "has_data": true, "synthetic": false}
{"system": "webposto", "endpoint": "/INTEGRACAO/CONSULTAR_CAIXA_REDE", "status": 200, "latency_ms": 341.64, "has_data": true, "synthetic": false}
{"system": "webposto", "endpoint": "/INTEGRACAO/CONSULTAR_CAIXA_REDE", "status": 200, "latency_ms": 329.49, "has_data": true, "synthetic": false}
{"system": "webposto", "endpoint": "/INTEGRACAO/CONSULTAR_CAIXA_REDE", "status": 200, "latency_ms": 357.22, "has_data": true, "synthetic": false}
{"system": "webposto", "endpoint": "/INTEGRACAO/CONSULTAR_CAIXA_REDE", "status": 200, "latency_ms": 350.9, "has_data": true, "synthetic": false}
{"system": "webposto", "endpoint": "/INTEGRACAO/CONSULTAR_CAIXA_REDE", "status": 200, "latency_ms": 342.23, "has_data": true, "synthetic": false}
{"system": "webposto", "endpoint": "/INTEGRACAO/CONSULTAR_CAIXA_REDE", "status": 200, "latency_ms": 335.27, "has_data": true, "synthetic": false}
{"system": "webposto", "endpoint": "/INTEGRACAO/CONSULTAR_CAIXA_REDE", "status": 200, "latency_ms": 362.23, "has_data": true, "synthetic": false}
{"system": "webposto", "endpoint": "/INTEGRACAO/CONSULTAR_CAIXA_REDE", "status": 200, "latency_ms": 359.55, "has_data": true, "synthetic": false}
{"system": "webposto", "endpoint": "/INTEGRACAO/CONSULTAR_CAIXA_REDE", "status": 200, "latency_ms": 354.57, "has_data": true, "synthetic": false}
{"system": "webposto", "endpoint": "/INTEGRACAO/CONSULTAR_CAIXA_REDE", "status": 200, "latency_ms": 355.26, "has_data": true, "synthetic": false}
{"system": "webposto", "endpoint": "/INTEGRACAO/CONSULTAR_CAIXA_REDE", "status": 200, "latency_ms": 342.93, "has_data": true, "synthetic": false}
{"system": "webposto", "endpoint": "/INTEGRACAO/CONSULTAR_CAIXA_REDE", "status": 200, "latency_ms": 355.44, "has_data": true, "synthetic": false}
{"system": "webposto", "endpoint": "/INTEGRACAO/CONSULTAR_CAIXA_REDE", "status": 200, "latency_ms": 342.22, "has_data": true, "synthetic": false}
